Archive member included to satisfy reference by file (symbol)

/opt/st/stm32cubeide_1.18.0/plugins/com.st.stm32cube.ide.mcu.externaltools.gnu-tools-for-stm32.13.3.rel1.linux64_1.0.0.202410170706/tools/bin/../lib/gcc/arm-none-eabi/13.3.1/../../../../arm-none-eabi/lib/thumb/v7e-m+fp/hard/libstdc++_nano.a(del_ops.o)
                              ./Core/Src/rpi-display/rpiDisplaySceneBuilder.o (operator delete(void*, unsigned int))
/opt/st/stm32cubeide_1.18.0/plugins/com.st.stm32cube.ide.mcu.externaltools.gnu-tools-for-stm32.13.3.rel1.linux64_1.0.0.202410170706/tools/bin/../lib/gcc/arm-none-eabi/13.3.1/../../../../arm-none-eabi/lib/thumb/v7e-m+fp/hard/libstdc++_nano.a(new_op.o)
                              ./Core/Src/rpi-display/rpiSceneBuilderUser.o (operator new(unsigned int))
/opt/st/stm32cubeide_1.18.0/plugins/com.st.stm32cube.ide.mcu.externaltools.gnu-tools-for-stm32.13.3.rel1.linux64_1.0.0.202410170706/tools/bin/../lib/gcc/arm-none-eabi/13.3.1/../../../../arm-none-eabi/lib/thumb/v7e-m+fp/hard/libstdc++_nano.a(del_op.o)
                              /opt/st/stm32cubeide_1.18.0/plugins/com.st.stm32cube.ide.mcu.externaltools.gnu-tools-for-stm32.13.3.rel1.linux64_1.0.0.202410170706/tools/bin/../lib/gcc/arm-none-eabi/13.3.1/../../../../arm-none-eabi/lib/thumb/v7e-m+fp/hard/libstdc++_nano.a(del_ops.o) (operator delete(void*))
/opt/st/stm32cubeide_1.18.0/plugins/com.st.stm32cube.ide.mcu.externaltools.gnu-tools-for-stm32.13.3.rel1.linux64_1.0.0.202410170706/tools/bin/../lib/gcc/arm-none-eabi/13.3.1/../../../../arm-none-eabi/lib/thumb/v7e-m+fp/hard/libstdc++_nano.a(new_handler.o)
                              /opt/st/stm32cubeide_1.18.0/plugins/com.st.stm32cube.ide.mcu.externaltools.gnu-tools-for-stm32.13.3.rel1.linux64_1.0.0.202410170706/tools/bin/../lib/gcc/arm-none-eabi/13.3.1/../../../../arm-none-eabi/lib/thumb/v7e-m+fp/hard/libstdc++_nano.a(new_op.o) (std::get_new_handler())
/opt/st/stm32cubeide_1.18.0/plugins/com.st.stm32cube.ide.mcu.externaltools.gnu-tools-for-stm32.13.3.rel1.linux64_1.0.0.202410170706/tools/bin/../lib/gcc/arm-none-eabi/13.3.1/../../../../arm-none-eabi/lib/thumb/v7e-m+fp/hard/libc_nano.a(libc_a-abort.o)
                              /opt/st/stm32cubeide_1.18.0/plugins/com.st.stm32cube.ide.mcu.externaltools.gnu-tools-for-stm32.13.3.rel1.linux64_1.0.0.202410170706/tools/bin/../lib/gcc/arm-none-eabi/13.3.1/../../../../arm-none-eabi/lib/thumb/v7e-m+fp/hard/libstdc++_nano.a(new_op.o) (abort)
/opt/st/stm32cubeide_1.18.0/plugins/com.st.stm32cube.ide.mcu.externaltools.gnu-tools-for-stm32.13.3.rel1.linux64_1.0.0.202410170706/tools/bin/../lib/gcc/arm-none-eabi/13.3.1/../../../../arm-none-eabi/lib/thumb/v7e-m+fp/hard/libc_nano.a(libc_a-exit.o)
                              /opt/st/stm32cubeide_1.18.0/plugins/com.st.stm32cube.ide.mcu.externaltools.gnu-tools-for-stm32.13.3.rel1.linux64_1.0.0.202410170706/tools/bin/../lib/gcc/arm-none-eabi/13.3.1/../../../../arm-none-eabi/lib/thumb/v7e-m+fp/hard/crt0.o (exit)
/opt/st/stm32cubeide_1.18.0/plugins/com.st.stm32cube.ide.mcu.externaltools.gnu-tools-for-stm32.13.3.rel1.linux64_1.0.0.202410170706/tools/bin/../lib/gcc/arm-none-eabi/13.3.1/../../../../arm-none-eabi/lib/thumb/v7e-m+fp/hard/libc_nano.a(libc_a-malloc.o)
                              /opt/st/stm32cubeide_1.18.0/plugins/com.st.stm32cube.ide.mcu.externaltools.gnu-tools-for-stm32.13.3.rel1.linux64_1.0.0.202410170706/tools/bin/../lib/gcc/arm-none-eabi/13.3.1/../../../../arm-none-eabi/lib/thumb/v7e-m+fp/hard/libstdc++_nano.a(new_op.o) (malloc)
/opt/st/stm32cubeide_1.18.0/plugins/com.st.stm32cube.ide.mcu.externaltools.gnu-tools-for-stm32.13.3.rel1.linux64_1.0.0.202410170706/tools/bin/../lib/gcc/arm-none-eabi/13.3.1/../../../../arm-none-eabi/lib/thumb/v7e-m+fp/hard/libc_nano.a(libc_a-mallocr.o)
                              /opt/st/stm32cubeide_1.18.0/plugins/com.st.stm32cube.ide.mcu.externaltools.gnu-tools-for-stm32.13.3.rel1.linux64_1.0.0.202410170706/tools/bin/../lib/gcc/arm-none-eabi/13.3.1/../../../../arm-none-eabi/lib/thumb/v7e-m+fp/hard/libc_nano.a(libc_a-malloc.o) (_malloc_r)
/opt/st/stm32cubeide_1.18.0/plugins/com.st.stm32cube.ide.mcu.externaltools.gnu-tools-for-stm32.13.3.rel1.linux64_1.0.0.202410170706/tools/bin/../lib/gcc/arm-none-eabi/13.3.1/../../../../arm-none-eabi/lib/thumb/v7e-m+fp/hard/libc_nano.a(libc_a-mlock.o)
                              /opt/st/stm32cubeide_1.18.0/plugins/com.st.stm32cube.ide.mcu.externaltools.gnu-tools-for-stm32.13.3.rel1.linux64_1.0.0.202410170706/tools/bin/../lib/gcc/arm-none-eabi/13.3.1/../../../../arm-none-eabi/lib/thumb/v7e-m+fp/hard/libc_nano.a(libc_a-mallocr.o) (__malloc_lock)
/opt/st/stm32cubeide_1.18.0/plugins/com.st.stm32cube.ide.mcu.externaltools.gnu-tools-for-stm32.13.3.rel1.linux64_1.0.0.202410170706/tools/bin/../lib/gcc/arm-none-eabi/13.3.1/../../../../arm-none-eabi/lib/thumb/v7e-m+fp/hard/libc_nano.a(libc_a-findfp.o)
[...]
Memory Configuration

Name             Origin             Length             Attributes
RAM              0x20000000         0x00010000         xrw
FLASH            0x08000000         0x00040000         xr
*default*        0x00000000         0xffffffff

Linker script and memory map

LOAD /opt/st/stm32cubeide_1.18.0/plugins/com.st.stm32cube.ide.mcu.externaltools.gnu-tools-for-stm32.13.3.rel1.linux64_1.0.0.202410170706/tools/bin/../lib/gcc/arm-none-eabi/13.3.1/thumb/v7e-m+fp/hard/crti.o
LOAD /opt/st/stm32cubeide_1.18.0/plugins/com.st.stm32cube.ide.mcu.externaltools.gnu-tools-for-stm32.13.3.rel1.linux64_1.0.0.202410170706/tools/bin/../lib/gcc/arm-none-eabi/13.3.1/thumb/v7e-m+fp/hard/crtbegin.o
LOAD /opt/st/stm32cubeide_1.18.0/plugins/com.st.stm32cube.ide.mcu.externaltools.gnu-tools-for-stm32.13.3.rel1.linux64_1.0.0.202410170706/tools/bin/../lib/gcc/arm-none-eabi/13.3.1/../../../../arm-none-eabi/lib/thumb/v7e-m+fp/hard/crt0.o
LOAD ./Core/Src/dma.o
LOAD ./Core/Src/gpio.o
LOAD ./Core/Src/main.o
LOAD ./Core/Src/spi.o
LOAD ./Core/Src/stm32f4xx_hal_msp.o
LOAD ./Core/Src/stm32f4xx_it.o
LOAD ./Core/Src/syscalls.o
LOAD ./Core/Src/sysmem.o
LOAD ./Core/Src/system_stm32f4xx.o
LOAD ./Core/Src/tim.o
LOAD ./Core/Src/rpi-display/dmatransmitter.o
LOAD ./Core/Src/rpi-display/rpiDisplaySceneBuilder.o
LOAD ./Core/Src/rpi-display/rpiDisplayShapes.o
LOAD ./Core/Src/rpi-display/rpiSceneBuilderUser.o
LOAD ./Core/Startup/startup_stm32f401ccux.o
LOAD ./Drivers/STM32F4xx_HAL_Driver/Src/stm32f4xx_hal.o
LOAD ./Drivers/STM32F4xx_HAL_Driver/Src/stm32f4xx_hal_cortex.o
LOAD ./Drivers/STM32F4xx_HAL_Driver/Src/stm32f4xx_hal_dma.o
LOAD ./Drivers/STM32F4xx_HAL_Driver/Src/stm32f4xx_hal_dma_ex.o
LOAD ./Drivers/STM32F4xx_HAL_Driver/Src/stm32f4xx_hal_exti.o
LOAD ./Drivers/STM32F4xx_HAL_Driver/Src/stm32f4xx_hal_flash.o
LOAD ./Drivers/STM32F4xx_HAL_Driver/Src/stm32f4xx_hal_flash_ex.o
LOAD ./Drivers/STM32F4xx_HAL_Driver/Src/stm32f4xx_hal_flash_ramfunc.o
LOAD ./Drivers/STM32F4xx_HAL_Driver/Src/stm32f4xx_hal_gpio.o
LOAD ./Drivers/STM32F4xx_HAL_Driver/Src/stm32f4xx_hal_pcd.o
LOAD ./Drivers/STM32F4xx_HAL_Driver/Src/stm32f4xx_hal_pcd_ex.o
LOAD ./Drivers/STM32F4xx_HAL_Driver/Src/stm32f4xx_hal_pwr.o
LOAD ./Drivers/STM32F4xx_HAL_Driver/Src/stm32f4xx_hal_pwr_ex.o
LOAD ./Drivers/STM32F4xx_HAL_Driver/Src/stm32f4xx_hal_rcc.o
LOAD ./Drivers/STM32F4xx_HAL_Driver/Src/stm32f4xx_hal_rcc_ex.o
LOAD ./Drivers/STM32F4xx_HAL_Driver/Src/stm32f4xx_hal_spi.o
LOAD ./Drivers/STM32F4xx_HAL_Driver/Src/stm32f4xx_hal_tim.o
LOAD ./Drivers/STM32F4xx_HAL_Driver/Src/stm32f4xx_hal_tim_ex.o
LOAD ./Drivers/STM32F4xx_HAL_Driver/Src/stm32f4xx_ll_usb.o
LOAD ./Middlewares/ST/STM32_USB_Device_Library/Class/CDC/Src/usbd_cdc.o
LOAD ./Middlewares/ST/STM32_USB_Device_Library/Core/Src/usbd_core.o
LOAD ./Middlewares/ST/STM32_USB_Device_Library/Core/Src/usbd_ctlreq.o
LOAD ./Middlewares/ST/STM32_USB_Device_Library/Core/Src/usbd_ioreq.o
LOAD ./USB_DEVICE/App/usb_device.o
LOAD ./USB_DEVICE/App/usbd_cdc_if.o
LOAD ./USB_DEVICE/App/usbd_desc.o
LOAD ./USB_DEVICE/Target/usbd_conf.o
START GROUP
LOAD /opt/st/stm32cubeide_1.18.0/plugins/com.st.stm32cube.ide.mcu.externaltools.gnu-tools-for-stm32.13.3.rel1.linux64_1.0.0.202410170706/tools/bin/../lib/gcc/arm-none-eabi/13.3.1/../../../../arm-none-eabi/lib/thumb/v7e-m+fp/hard/libstdc++_nano.a
LOAD /opt/st/stm32cubeide_1.18.0/plugins/com.st.stm32cube.ide.mcu.externaltools.gnu-tools-for-stm32.13.3.rel1.linux64_1.0.0.202410170706/tools/bin/../lib/gcc/arm-none-eabi/13.3.1/../../../../arm-none-eabi/lib/thumb/v7e-m+fp/hard/libsupc++_nano.a
END GROUP
LOAD /opt/st/stm32cubeide_1.18.0/plugins/com.st.stm32cube.ide.mcu.externaltools.gnu-tools-for-stm32.13.3.rel1.linux64_1.0.0.202410170706/tools/bin/../lib/gcc/arm-none-eabi/13.3.1/../../../../arm-none-eabi/lib/thumb/v7e-m+fp/hard/libstdc++_nano.a
LOAD /opt/st/stm32cubeide_1.18.0/plugins/com.st.stm32cube.ide.mcu.externaltools.gnu-tools-for-stm32.13.3.rel1.linux64_1.0.0.202410170706/tools/bin/../lib/gcc/arm-none-eabi/13.3.1/../../../../arm-none-eabi/lib/thumb/v7e-m+fp/hard/libm.a
LOAD /opt/st/stm32cubeide_1.18.0/plugins/com.st.stm32cube.ide.mcu.externaltools.gnu-tools-for-stm32.13.3.rel1.linux64_1.0.0.202410170706/tools/bin/../lib/gcc/arm-none-eabi/13.3.1/../../../../arm-none-eabi/lib/thumb/v7e-m+fp/hard/libc_nano.a
START GROUP
LOAD /opt/st/stm32cubeide_1.18.0/plugins/com.st.stm32cube.ide.mcu.externaltools.gnu-tools-for-stm32.13.3.rel1.linux64_1.0.0.202410170706/tools/bin/../lib/gcc/arm-none-eabi/13.3.1/thumb/v7e-m+fp/hard/libgcc.a
LOAD /opt/st/stm32cubeide_1.18.0/plugins/com.st.stm32cube.ide.mcu.externaltools.gnu-tools-for-stm32.13.3.rel1.linux64_1.0.0.202410170706/tools/bin/../lib/gcc/arm-none-eabi/13.3.1/../../../../arm-none-eabi/lib/thumb/v7e-m+fp/hard/libc_nano.a
END GROUP
START GROUP
LOAD /opt/st/stm32cubeide_1.18.0/plugins/com.st.stm32cube.ide.mcu.externaltools.gnu-tools-for-stm32.13.3.rel1.linux64_1.0.0.202410170706/tools/bin/../lib/gcc/arm-none-eabi/13.3.1/thumb/v7e-m+fp/hard/libgcc.a
LOAD /opt/st/stm32cubeide_1.18.0/plugins/com.st.stm32cube.ide.mcu.externaltools.gnu-tools-for-stm32.13.3.rel1.linux64_1.0.0.202410170706/tools/bin/../lib/gcc/arm-none-eabi/13.3.1/../../../../arm-none-eabi/lib/thumb/v7e-m+fp/hard/libc_nano.a
LOAD /opt/st/stm32cubeide_1.18.0/plugins/com.st.stm32cube.ide.mcu.externaltools.gnu-tools-for-stm32.13.3.rel1.linux64_1.0.0.202410170706/tools/bin/../lib/gcc/arm-none-eabi/13.3.1/../../../../arm-none-eabi/lib/thumb/v7e-m+fp/hard/libnosys.a
END GROUP
START GROUP
LOAD /opt/st/stm32cubeide_1.18.0/plugins/com.st.stm32cube.ide.mcu.externaltools.gnu-tools-for-stm32.13.3.rel1.linux64_1.0.0.202410170706/tools/bin/../lib/gcc/arm-none-eabi/13.3.1/thumb/v7e-m+fp/hard/libgcc.a
LOAD /opt/st/stm32cubeide_1.18.0/plugins/com.st.stm32cube.ide.mcu.externaltools.gnu-tools-for-stm32.13.3.rel1.linux64_1.0.0.202410170706/tools/bin/../lib/gcc/arm-none-eabi/13.3.1/../../../../arm-none-eabi/lib/thumb/v7e-m+fp/hard/libc_nano.a
LOAD /opt/st/stm32cubeide_1.18.0/plugins/com.st.stm32cube.ide.mcu.externaltools.gnu-tools-for-stm32.13.3.rel1.linux64_1.0.0.202410170706/tools/bin/../lib/gcc/arm-none-eabi/13.3.1/../../../../arm-none-eabi/lib/thumb/v7e-m+fp/hard/libnosys.a
END GROUP
LOAD /opt/st/stm32cubeide_1.18.0/plugins/com.st.stm32cube.ide.mcu.externaltools.gnu-tools-for-stm32.13.3.rel1.linux64_1.0.0.202410170706/tools/bin/../lib/gcc/arm-none-eabi/13.3.1/thumb/v7e-m+fp/hard/crtend.o
LOAD /opt/st/stm32cubeide_1.18.0/plugins/com.st.stm32cube.ide.mcu.externaltools.gnu-tools-for-stm32.13.3.rel1.linux64_1.0.0.202410170706/tools/bin/../lib/gcc/arm-none-eabi/13.3.1/thumb/v7e-m+fp/hard/crtn.o
                0x20010000                        _estack = (ORIGIN (RAM) + LENGTH (RAM))
                0x00000200                        _Min_Heap_Size = 0x200
                0x00000400                        _Min_Stack_Size = 0x400

.isr_vector     0x08000000      0x194
                0x08000000                        . = ALIGN (0x4)
 *(.isr_vector)
 .isr_vector    0x08000000      0x194 ./Core/Startup/startup_stm32f401ccux.o
                0x08000000                g_pfnVectors
                0x08000194                        . = ALIGN (0x4)

.text           0x08000194     0x94d0
                0x08000194                        . = ALIGN (0x4)
 *(.text)
 .text          0x08000194       0x40 /opt/st/stm32cubeide_1.18.0/plugins/com.st.stm32cube.ide.mcu.externaltools.gnu-tools-for-stm32.13.3.rel1.linux64_1.0.0.202410170706/tools/bin/../lib/gcc/arm-none-eabi/13.3.1/thumb/v7e-m+fp/hard/crtbegin.o
 .text          0x080001d4       0x30 /opt/st/stm32cubeide_1.18.0/plugins/com.st.stm32cube.ide.mcu.externaltools.gnu-tools-for-stm32.13.3.rel1.linux64_1.0.0.202410170706/tools/bin/../lib/gcc/arm-none-eabi/13.3.1/thumb/v7e-m+fp/hard/libgcc.a(_aeabi_uldivmod.o)
                0x080001d4                __aeabi_uldivmod
 .text          0x08000204      0x2f8 /opt/st/stm32cubeide_1.18.0/plugins/com.st.stm32cube.ide.mcu.externaltools.gnu-tools-for-stm32.13.3.rel1.linux64_1.0.0.202410170706/tools/bin/../lib/gcc/arm-none-eabi/13.3.1/thumb/v7e-m+fp/hard/libgcc.a(_udivmoddi4.o)
                0x08000204                __udivmoddi4
 .text          0x080004fc        0x4 /opt/st/stm32cubeide_1.18.0/plugins/com.st.stm32cube.ide.mcu.externaltools.gnu-tools-for-stm32.13.3.rel1.linux64_1.0.0.202410170706/tools/bin/../lib/gcc/arm-none-eabi/13.3.1/thumb/v7e-m+fp/hard/libgcc.a(_dvmd_tls.o)
                0x080004fc                __aeabi_ldiv0
                0x080004fc                __aeabi_idiv0
 *(.text*)
 .text.MX_DMA_Init
                0x08000500       0x40 ./Core/Src/dma.o
                0x08000500                MX_DMA_Init
 .text.MX_GPIO_Init
                0x08000540       0xf4 ./Core/Src/gpio.o
                0x08000540                MX_GPIO_Init
 .text.main     0x08000634       0xb8 ./Core/Src/main.o
                0x08000634                main
 .text.SystemClock_Config
                0x080006ec       0xd8 ./Core/Src/main.o
                0x080006ec                SystemClock_Config
 .text.Error_Handler
                0x080007c4        0xc ./Core/Src/main.o
                0x080007c4                Error_Handler
 .text.MX_SPI1_Init
                0x080007d0       0x70 ./Core/Src/spi.o
                0x080007d0                MX_SPI1_Init
 .text.HAL_SPI_MspInit
                0x08000840       0xf8 ./Core/Src/spi.o
                0x08000840                HAL_SPI_MspInit
 .text.HAL_MspInit
                0x08000938       0x50 ./Core/Src/stm32f4xx_hal_msp.o
                0x08000938                HAL_MspInit
 .text.NMI_Handler
                0x08000988        0x8 ./Core/Src/stm32f4xx_it.o
                0x08000988                NMI_Handler
 .text.HardFault_Handler
                0x08000990        0x8 ./Core/Src/stm32f4xx_it.o
                0x08000990                HardFault_Handler
 .text.MemManage_Handler
                0x08000998        0x8 ./Core/Src/stm32f4xx_it.o
                0x08000998                MemManage_Handler
 .text.BusFault_Handler
                0x080009a0        0x8 ./Core/Src/stm32f4xx_it.o
                0x080009a0                BusFault_Handler
 .text.UsageFault_Handler
                0x080009a8        0x8 ./Core/Src/stm32f4xx_it.o
                0x080009a8                UsageFault_Handler
 .text.SVC_Handler
                0x080009b0        0xe ./Core/Src/stm32f4xx_it.o
                0x080009b0                SVC_Handler
 .text.DebugMon_Handler
                0x080009be        0xe ./Core/Src/stm32f4xx_it.o
                0x080009be                DebugMon_Handler
 .text.PendSV_Handler
                0x080009cc        0xe ./Core/Src/stm32f4xx_it.o
                0x080009cc                PendSV_Handler
 .text.SysTick_Handler
                0x080009da        0xc ./Core/Src/stm32f4xx_it.o
                0x080009da                SysTick_Handler
 *fill*         0x080009e6        0x2 
 .text.DMA2_Stream3_IRQHandler
                0x080009e8       0x14 ./Core/Src/stm32f4xx_it.o
                0x080009e8                DMA2_Stream3_IRQHandler
 .text.OTG_FS_IRQHandler
                0x080009fc       0x14 ./Core/Src/stm32f4xx_it.o
                0x080009fc                OTG_FS_IRQHandler
 .text._getpid  0x08000a10       0x10 ./Core/Src/syscalls.o
                0x08000a10                _getpid
 .text._kill    0x08000a20       0x20 ./Core/Src/syscalls.o
                0x08000a20                _kill
 .text._exit    0x08000a40       0x16 ./Core/Src/syscalls.o
                0x08000a40                _exit
 *fill*         0x08000a56        0x2 
 .text._sbrk    0x08000a58       0x6c ./Core/Src/sysmem.o
                0x08000a58                _sbrk
 .text.SystemInit
                0x08000ac4       0x24 ./Core/Src/system_stm32f4xx.o
                0x08000ac4                SystemInit
 .text.MX_TIM4_Init
                0x08000ae8       0x98 ./Core/Src/tim.o
                0x08000ae8                MX_TIM4_Init
 .text.HAL_TIM_Base_MspInit
                0x08000b80       0x44 ./Core/Src/tim.o
                0x08000b80                HAL_TIM_Base_MspInit
 .text.transmitdma
                0x08000bc4       0x2c ./Core/Src/rpi-display/dmatransmitter.o
                0x08000bc4                transmitdma
 .text.HAL_SPI_TxCpltCallback
                0x08000bf0       0x2c ./Core/Src/rpi-display/dmatransmitter.o
                0x08000bf0                HAL_SPI_TxCpltCallback
 .text._ZN13DisplayObjectD2Ev
                0x08000c1c       0x20 ./Core/Src/rpi-display/rpiDisplaySceneBuilder.o
                0x08000c1c                DisplayObject::~DisplayObject()
                0x08000c1c                DisplayObject::~DisplayObject()
 .text._ZN13DisplayObjectD0Ev
                0x08000c3c       0x20 ./Core/Src/rpi-display/rpiDisplaySceneBuilder.o
                0x08000c3c                DisplayObject::~DisplayObject()
 .text._ZN13DisplayObject7getxposEv
                0x08000c5c       0x18 ./Core/Src/rpi-display/rpiDisplaySceneBuilder.o
                0x08000c5c                DisplayObject::getxpos()
 .text._ZN13DisplayObject7setxposEt
                0x08000c74       0x1e ./Core/Src/rpi-display/rpiDisplaySceneBuilder.o
                0x08000c74                DisplayObject::setxpos(unsigned short)
 .text._ZN13DisplayObject7getyposEv
                0x08000c92       0x18 ./Core/Src/rpi-display/rpiDisplaySceneBuilder.o
                0x08000c92                DisplayObject::getypos()
 .text._ZN13DisplayObject7setyposEt
                0x08000caa       0x1e ./Core/Src/rpi-display/rpiDisplaySceneBuilder.o
                0x08000caa                DisplayObject::setypos(unsigned short)
 .text._ZN13DisplayObject11setpriorityEh
                0x08000cc8       0x1e ./Core/Src/rpi-display/rpiDisplaySceneBuilder.o
                0x08000cc8                DisplayObject::setpriority(unsigned char)
 *fill*         0x08000ce6        0x2 
 .text._ZN13DisplayObjectC2Ev
                0x08000ce8       0x20 ./Core/Src/rpi-display/rpiDisplaySceneBuilder.o
                0x08000ce8                DisplayObject::DisplayObject()
                0x08000ce8                DisplayObject::DisplayObject()
 .text._ZN12StringObjectC2EtttPK7GFXfonthPch
                0x08000d08       0x74 ./Core/Src/rpi-display/rpiDisplaySceneBuilder.o
                0x08000d08                StringObject::StringObject(unsigned short, unsigned short, unsigned short, GFXfont const*, unsigned char, char*, unsigned char)
                0x08000d08                StringObject::StringObject(unsigned short, unsigned short, unsigned short, GFXfont const*, unsigned char, char*, unsigned char)
 .text._ZN12StringObject19drawIntoFramebufferEPttt
                0x08000d7c       0x68 ./Core/Src/rpi-display/rpiDisplaySceneBuilder.o
                0x08000d7c                StringObject::drawIntoFramebuffer(unsigned short*, unsigned short, unsigned short)
 .text._ZN16FilledRectObjectC2Ettttth
                0x08000de4       0x70 ./Core/Src/rpi-display/rpiDisplaySceneBuilder.o
                0x08000de4                FilledRectObject::FilledRectObject(unsigned short, unsigned short, unsigned short, unsigned short, unsigned short, unsigned char)
                0x08000de4                FilledRectObject::FilledRectObject(unsigned short, unsigned short, unsigned short, unsigned short, unsigned short, unsigned char)
 .text._ZN16FilledRectObject19drawIntoFramebufferEPttt
                0x08000e54       0x5e ./Core/Src/rpi-display/rpiDisplaySceneBuilder.o
                0x08000e54                FilledRectObject::drawIntoFramebuffer(unsigned short*, unsigned short, unsigned short)
 *fill*         0x08000eb2        0x2 
 .text._ZN16FilledRectObjectD2Ev
                0x08000eb4       0x24 ./Core/Src/rpi-display/rpiDisplaySceneBuilder.o
                0x08000eb4                FilledRectObject::~FilledRectObject()
                0x08000eb4                FilledRectObject::~FilledRectObject()
 .text._ZN16FilledRectObjectD0Ev
                0x08000ed8       0x20 ./Core/Src/rpi-display/rpiDisplaySceneBuilder.o
                0x08000ed8                FilledRectObject::~FilledRectObject()
 .text._ZN12StringObjectD2Ev
                0x08000ef8       0x24 ./Core/Src/rpi-display/rpiDisplaySceneBuilder.o
                0x08000ef8                StringObject::~StringObject()
                0x08000ef8                StringObject::~StringObject()
 .text._ZN12StringObjectD0Ev
                0x08000f1c       0x20 ./Core/Src/rpi-display/rpiDisplaySceneBuilder.o
                0x08000f1c                StringObject::~StringObject()
 .text.startTransaction
                0x08000f3c       0x18 ./Core/Src/rpi-display/rpiDisplayShapes.o
                0x08000f3c                startTransaction
 .text.endTransaction
                0x08000f54       0x18 ./Core/Src/rpi-display/rpiDisplayShapes.o
                0x08000f54                endTransaction
 .text.dataOrRegister
                0x08000f6c       0x34 ./Core/Src/rpi-display/rpiDisplayShapes.o
                0x08000f6c                dataOrRegister
 .text.commandAndData
                0x08000fa0       0x50 ./Core/Src/rpi-display/rpiDisplayShapes.o
                0x08000fa0                commandAndData
 .text.startCommand
                0x08000ff0       0x2c ./Core/Src/rpi-display/rpiDisplayShapes.o
                0x08000ff0                startCommand
 .text.transmitSingleData
                0x0800101c       0x28 ./Core/Src/rpi-display/rpiDisplayShapes.o
                0x0800101c                transmitSingleData
 .text.endCommand
                0x08001044        0xc ./Core/Src/rpi-display/rpiDisplayShapes.o
                0x08001044                endCommand
 .text.resetScreen
                0x08001050       0x3c ./Core/Src/rpi-display/rpiDisplayShapes.o
                0x08001050                resetScreen
 .text.initializeScreen
                0x0800108c      0x160 ./Core/Src/rpi-display/rpiDisplayShapes.o
                0x0800108c                initializeScreen
 .text.displayOn
                0x080011ec       0x12 ./Core/Src/rpi-display/rpiDisplayShapes.o
                0x080011ec                displayOn
 .text.modifySpace
                0x080011fe       0x82 ./Core/Src/rpi-display/rpiDisplayShapes.o
                0x080011fe                modifySpace
 .text.clearScreenfast
                0x08001280       0xf0 ./Core/Src/rpi-display/rpiDisplayShapes.o
                0x08001280                clearScreenfast
 .text.drawPoint
                0x08001370       0x38 ./Core/Src/rpi-display/rpiDisplayShapes.o
                0x08001370                drawPoint
 .text.drawRectangleFilledIntoFramebuffer
                0x080013a8       0xa0 ./Core/Src/rpi-display/rpiDisplayShapes.o
                0x080013a8                drawRectangleFilledIntoFramebuffer
 .text.getStringCenter
                0x08001448       0x64 ./Core/Src/rpi-display/rpiDisplayShapes.o
                0x08001448                getStringCenter
 .text.drawChar
                0x080014ac      0x116 ./Core/Src/rpi-display/rpiDisplayShapes.o
                0x080014ac                drawChar
 .text.drawCharIntoFramebuffer
                0x080015c2      0x160 ./Core/Src/rpi-display/rpiDisplayShapes.o
                0x080015c2                drawCharIntoFramebuffer
 .text.drawString
                0x08001722       0x96 ./Core/Src/rpi-display/rpiDisplayShapes.o
                0x08001722                drawString
 .text.drawStringIntoFramebuffer
                0x080017b8       0xa6 ./Core/Src/rpi-display/rpiDisplayShapes.o
                0x080017b8                drawStringIntoFramebuffer
 *fill*         0x0800185e        0x2 
 .text.dostring
                0x08001860      0x10c ./Core/Src/rpi-display/rpiSceneBuilderUser.o
                0x08001860                dostring
 .text.dootherstring
                0x0800196c      0x10c ./Core/Src/rpi-display/rpiSceneBuilderUser.o
                0x0800196c                dootherstring
 .text._Z41__static_initialization_and_destruction_0v
                0x08001a78       0xd8 ./Core/Src/rpi-display/rpiSceneBuilderUser.o
 .text._GLOBAL__sub_I_buffer
                0x08001b50        0xa ./Core/Src/rpi-display/rpiSceneBuilderUser.o
 *fill*         0x08001b5a        0x2 
 .text.Reset_Handler
                0x08001b5c       0x50 ./Core/Startup/startup_stm32f401ccux.o
                0x08001b5c                Reset_Handler
 .text.Default_Handler
                0x08001bac        0x2 ./Core/Startup/startup_stm32f401ccux.o
                0x08001bac                RTC_Alarm_IRQHandler
                0x08001bac                EXTI2_IRQHandler
                0x08001bac                SPI4_IRQHandler
                0x08001bac                TIM1_CC_IRQHandler
                0x08001bac                DMA2_Stream5_IRQHandler
                0x08001bac                DMA1_Stream5_IRQHandler
                0x08001bac                PVD_IRQHandler
                0x08001bac                SDIO_IRQHandler
                0x08001bac                TAMP_STAMP_IRQHandler
                0x08001bac                EXTI3_IRQHandler
                0x08001bac                TIM1_UP_TIM10_IRQHandler
                0x08001bac                I2C3_ER_IRQHandler
                0x08001bac                EXTI0_IRQHandler
                0x08001bac                I2C2_EV_IRQHandler
                0x08001bac                DMA1_Stream2_IRQHandler
                0x08001bac                FPU_IRQHandler
                0x08001bac                DMA2_Stream2_IRQHandler
                0x08001bac                SPI1_IRQHandler
                0x08001bac                TIM1_BRK_TIM9_IRQHandler
                0x08001bac                USART6_IRQHandler
                0x08001bac                DMA2_Stream0_IRQHandler
                0x08001bac                TIM4_IRQHandler
                0x08001bac                I2C1_EV_IRQHandler
                0x08001bac                DMA1_Stream6_IRQHandler
                0x08001bac                DMA1_Stream1_IRQHandler
                0x08001bac                TIM3_IRQHandler
                0x08001bac                RCC_IRQHandler
                0x08001bac                Default_Handler
                0x08001bac                EXTI15_10_IRQHandler
                0x08001bac                ADC_IRQHandler
                0x08001bac                DMA1_Stream7_IRQHandler
                0x08001bac                TIM5_IRQHandler
                0x08001bac                DMA2_Stream7_IRQHandler
                0x08001bac                I2C3_EV_IRQHandler
                0x08001bac                EXTI9_5_IRQHandler
                0x08001bac                RTC_WKUP_IRQHandler
                0x08001bac                SPI2_IRQHandler
                0x08001bac                DMA1_Stream0_IRQHandler
                0x08001bac                EXTI4_IRQHandler
                0x08001bac                WWDG_IRQHandler
                0x08001bac                TIM2_IRQHandler
                0x08001bac                OTG_FS_WKUP_IRQHandler
                0x08001bac                TIM1_TRG_COM_TIM11_IRQHandler
                0x08001bac                EXTI1_IRQHandler
                0x08001bac                USART2_IRQHandler
                0x08001bac                I2C2_ER_IRQHandler
                0x08001bac                DMA2_Stream1_IRQHandler
                0x08001bac                FLASH_IRQHandler
                0x08001bac                DMA2_Stream4_IRQHandler
                0x08001bac                USART1_IRQHandler
                0x08001bac                SPI3_IRQHandler
                0x08001bac                DMA1_Stream4_IRQHandler
                0x08001bac                I2C1_ER_IRQHandler
                0x08001bac                DMA2_Stream6_IRQHandler
                0x08001bac                DMA1_Stream3_IRQHandler
 *fill*         0x08001bae        0x2 
 .text.HAL_Init
                0x08001bb0       0x44 ./Drivers/STM32F4xx_HAL_Driver/Src/stm32f4xx_hal.o
                0x08001bb0                HAL_Init
 .text.HAL_InitTick
                0x08001bf4       0x60 ./Drivers/STM32F4xx_HAL_Driver/Src/stm32f4xx_hal.o
                0x08001bf4                HAL_InitTick
 .text.HAL_IncTick
                0x08001c54       0x28 ./Drivers/STM32F4xx_HAL_Driver/Src/stm32f4xx_hal.o
                0x08001c54                HAL_IncTick
 .text.HAL_GetTick
                0x08001c7c       0x18 ./Drivers/STM32F4xx_HAL_Driver/Src/stm32f4xx_hal.o
                0x08001c7c                HAL_GetTick
 .text.HAL_Delay
                0x08001c94       0x48 ./Drivers/STM32F4xx_HAL_Driver/Src/stm32f4xx_hal.o
                0x08001c94                HAL_Delay
 .text.__NVIC_SetPriorityGrouping
                0x08001cdc       0x48 ./Drivers/STM32F4xx_HAL_Driver/Src/stm32f4xx_hal_cortex.o
 .text.__NVIC_GetPriorityGrouping
                0x08001d24       0x1c ./Drivers/STM32F4xx_HAL_Driver/Src/stm32f4xx_hal_cortex.o
 .text.__NVIC_EnableIRQ
                0x08001d40       0x3c ./Drivers/STM32F4xx_HAL_Driver/Src/stm32f4xx_hal_cortex.o
 .text.__NVIC_SetPriority
                0x08001d7c       0x54 ./Drivers/STM32F4xx_HAL_Driver/Src/stm32f4xx_hal_cortex.o
 .text.NVIC_EncodePriority
                0x08001dd0       0x66 ./Drivers/STM32F4xx_HAL_Driver/Src/stm32f4xx_hal_cortex.o
 *fill*         0x08001e36        0x2 
 .text.SysTick_Config
                0x08001e38       0x44 ./Drivers/STM32F4xx_HAL_Driver/Src/stm32f4xx_hal_cortex.o
 .text.HAL_NVIC_SetPriorityGrouping
                0x08001e7c       0x16 ./Drivers/STM32F4xx_HAL_Driver/Src/stm32f4xx_hal_cortex.o
                0x08001e7c                HAL_NVIC_SetPriorityGrouping
 .text.HAL_NVIC_SetPriority
                0x08001e92       0x38 ./Drivers/STM32F4xx_HAL_Driver/Src/stm32f4xx_hal_cortex.o
                0x08001e92                HAL_NVIC_SetPriority
 .text.HAL_NVIC_EnableIRQ
                0x08001eca       0x1c ./Drivers/STM32F4xx_HAL_Driver/Src/stm32f4xx_hal_cortex.o
                0x08001eca                HAL_NVIC_EnableIRQ
 .text.HAL_SYSTICK_Config
                0x08001ee6       0x18 ./Drivers/STM32F4xx_HAL_Driver/Src/stm32f4xx_hal_cortex.o
                0x08001ee6                HAL_SYSTICK_Config
 *fill*         0x08001efe        0x2 
 .text.HAL_DMA_Init
                0x08001f00      0x15c ./Drivers/STM32F4xx_HAL_Driver/Src/stm32f4xx_hal_dma.o
                0x08001f00                HAL_DMA_Init
 .text.HAL_DMA_Start_IT
                0x0800205c       0xb0 ./Drivers/STM32F4xx_HAL_Driver/Src/stm32f4xx_hal_dma.o
                0x0800205c                HAL_DMA_Start_IT
 .text.HAL_DMA_IRQHandler
                0x0800210c      0x314 ./Drivers/STM32F4xx_HAL_Driver/Src/stm32f4xx_hal_dma.o
                0x0800210c                HAL_DMA_IRQHandler
 .text.DMA_SetConfig
                0x08002420       0x5c ./Drivers/STM32F4xx_HAL_Driver/Src/stm32f4xx_hal_dma.o
 .text.DMA_CalcBaseAndBitshift
                0x0800247c       0x6c ./Drivers/STM32F4xx_HAL_Driver/Src/stm32f4xx_hal_dma.o
 .text.DMA_CheckFifoParam
                0x080024e8       0xf8 ./Drivers/STM32F4xx_HAL_Driver/Src/stm32f4xx_hal_dma.o
 .text.HAL_GPIO_Init
                0x080025e0      0x308 ./Drivers/STM32F4xx_HAL_Driver/Src/stm32f4xx_hal_gpio.o
                0x080025e0                HAL_GPIO_Init
 .text.HAL_GPIO_WritePin
                0x080028e8       0x32 ./Drivers/STM32F4xx_HAL_Driver/Src/stm32f4xx_hal_gpio.o
                0x080028e8                HAL_GPIO_WritePin
 .text.HAL_PCD_Init
                0x0800291a      0x21e ./Drivers/STM32F4xx_HAL_Driver/Src/stm32f4xx_hal_pcd.o
                0x0800291a                HAL_PCD_Init
 .text.HAL_PCD_Start
                0x08002b38       0x6a ./Drivers/STM32F4xx_HAL_Driver/Src/stm32f4xx_hal_pcd.o
                0x08002b38                HAL_PCD_Start
 .text.HAL_PCD_IRQHandler
                0x08002ba2      0x942 ./Drivers/STM32F4xx_HAL_Driver/Src/stm32f4xx_hal_pcd.o
                0x08002ba2                HAL_PCD_IRQHandler
 .text.HAL_PCD_SetAddress
                0x080034e4       0x48 ./Drivers/STM32F4xx_HAL_Driver/Src/stm32f4xx_hal_pcd.o
                0x080034e4                HAL_PCD_SetAddress
 .text.HAL_PCD_EP_Open
                0x0800352c       0xd4 ./Drivers/STM32F4xx_HAL_Driver/Src/stm32f4xx_hal_pcd.o
                0x0800352c                HAL_PCD_EP_Open
 .text.HAL_PCD_EP_Close
                0x08003600       0x94 ./Drivers/STM32F4xx_HAL_Driver/Src/stm32f4xx_hal_pcd.o
                0x08003600                HAL_PCD_EP_Close
 .text.HAL_PCD_EP_Receive
                0x08003694       0x76 ./Drivers/STM32F4xx_HAL_Driver/Src/stm32f4xx_hal_pcd.o
                0x08003694                HAL_PCD_EP_Receive
 .text.HAL_PCD_EP_GetRxCount
                0x0800370a       0x30 ./Drivers/STM32F4xx_HAL_Driver/Src/stm32f4xx_hal_pcd.o
                0x0800370a                HAL_PCD_EP_GetRxCount
 .text.HAL_PCD_EP_Transmit
                0x0800373a       0x74 ./Drivers/STM32F4xx_HAL_Driver/Src/stm32f4xx_hal_pcd.o
                0x0800373a                HAL_PCD_EP_Transmit
 .text.HAL_PCD_EP_SetStall
                0x080037ae       0xc6 ./Drivers/STM32F4xx_HAL_Driver/Src/stm32f4xx_hal_pcd.o
                0x080037ae                HAL_PCD_EP_SetStall
 .text.HAL_PCD_EP_ClrStall
                0x08003874       0xac ./Drivers/STM32F4xx_HAL_Driver/Src/stm32f4xx_hal_pcd.o
                0x08003874                HAL_PCD_EP_ClrStall
 .text.HAL_PCD_EP_Abort
                0x08003920       0x62 ./Drivers/STM32F4xx_HAL_Driver/Src/stm32f4xx_hal_pcd.o
                0x08003920                HAL_PCD_EP_Abort
 .text.PCD_WriteEmptyTxFifo
                0x08003982      0x118 ./Drivers/STM32F4xx_HAL_Driver/Src/stm32f4xx_hal_pcd.o
 *fill*         0x08003a9a        0x2 
 .text.PCD_EP_OutXfrComplete_int
                0x08003a9c      0x1d0 ./Drivers/STM32F4xx_HAL_Driver/Src/stm32f4xx_hal_pcd.o
 .text.PCD_EP_OutSetupPacket_int
                0x08003c6c       0x8c ./Drivers/STM32F4xx_HAL_Driver/Src/stm32f4xx_hal_pcd.o
 .text.HAL_PCDEx_SetTxFiFo
                0x08003cf8       0x8e ./Drivers/STM32F4xx_HAL_Driver/Src/stm32f4xx_hal_pcd_ex.o
                0x08003cf8                HAL_PCDEx_SetTxFiFo
 .text.HAL_PCDEx_SetRxFiFo
                0x08003d86       0x22 ./Drivers/STM32F4xx_HAL_Driver/Src/stm32f4xx_hal_pcd_ex.o
                0x08003d86                HAL_PCDEx_SetRxFiFo
 .text.HAL_PCDEx_LPM_Callback
                0x08003da8       0x18 ./Drivers/STM32F4xx_HAL_Driver/Src/stm32f4xx_hal_pcd_ex.o
                0x08003da8                HAL_PCDEx_LPM_Callback
 .text.HAL_RCC_OscConfig
                0x08003dc0      0x4f0 ./Drivers/STM32F4xx_HAL_Driver/Src/stm32f4xx_hal_rcc.o
                0x08003dc0                HAL_RCC_OscConfig
 .text.HAL_RCC_ClockConfig
                0x080042b0      0x1cc ./Drivers/STM32F4xx_HAL_Driver/Src/stm32f4xx_hal_rcc.o
                0x080042b0                HAL_RCC_ClockConfig
 .text.HAL_RCC_GetSysClockFreq
                0x0800447c      0x18c ./Drivers/STM32F4xx_HAL_Driver/Src/stm32f4xx_hal_rcc.o
                0x0800447c                HAL_RCC_GetSysClockFreq
 .text.HAL_RCC_GetHCLKFreq
                0x08004608       0x18 ./Drivers/STM32F4xx_HAL_Driver/Src/stm32f4xx_hal_rcc.o
                0x08004608                HAL_RCC_GetHCLKFreq
 .text.HAL_SPI_Init
                0x08004620      0x112 ./Drivers/STM32F4xx_HAL_Driver/Src/stm32f4xx_hal_spi.o
                0x08004620                HAL_SPI_Init
 .text.HAL_SPI_Transmit
                0x08004732      0x288 ./Drivers/STM32F4xx_HAL_Driver/Src/stm32f4xx_hal_spi.o
                0x08004732                HAL_SPI_Transmit
 *fill*         0x080049ba        0x2 
 .text.HAL_SPI_Transmit_DMA
                0x080049bc      0x164 ./Drivers/STM32F4xx_HAL_Driver/Src/stm32f4xx_hal_spi.o
                0x080049bc                HAL_SPI_Transmit_DMA
 .text.HAL_SPI_TxHalfCpltCallback
                0x08004b20       0x14 ./Drivers/STM32F4xx_HAL_Driver/Src/stm32f4xx_hal_spi.o
                0x08004b20                HAL_SPI_TxHalfCpltCallback
 .text.HAL_SPI_ErrorCallback
                0x08004b34       0x14 ./Drivers/STM32F4xx_HAL_Driver/Src/stm32f4xx_hal_spi.o
                0x08004b34                HAL_SPI_ErrorCallback
 .text.SPI_DMATransmitCplt
                0x08004b48       0xa8 ./Drivers/STM32F4xx_HAL_Driver/Src/stm32f4xx_hal_spi.o
 .text.SPI_DMAHalfTransmitCplt
                0x08004bf0       0x1c ./Drivers/STM32F4xx_HAL_Driver/Src/stm32f4xx_hal_spi.o
 .text.SPI_DMAError
                0x08004c0c       0x40 ./Drivers/STM32F4xx_HAL_Driver/Src/stm32f4xx_hal_spi.o
 .text.SPI_WaitFlagStateUntilTimeout
                0x08004c4c      0x110 ./Drivers/STM32F4xx_HAL_Driver/Src/stm32f4xx_hal_spi.o
 .text.SPI_EndRxTxTransaction
                0x08004d5c       0xa8 ./Drivers/STM32F4xx_HAL_Driver/Src/stm32f4xx_hal_spi.o
 .text.HAL_TIM_Base_Init
                0x08004e04       0x9e ./Drivers/STM32F4xx_HAL_Driver/Src/stm32f4xx_hal_tim.o
                0x08004e04                HAL_TIM_Base_Init
 .text.HAL_TIM_ConfigClockSource
                0x08004ea2      0x18e ./Drivers/STM32F4xx_HAL_Driver/Src/stm32f4xx_hal_tim.o
                0x08004ea2                HAL_TIM_ConfigClockSource
 .text.TIM_Base_SetConfig
                0x08005030      0x118 ./Drivers/STM32F4xx_HAL_Driver/Src/stm32f4xx_hal_tim.o
                0x08005030                TIM_Base_SetConfig
 .text.TIM_TI1_ConfigInputStage
                0x08005148       0x5e ./Drivers/STM32F4xx_HAL_Driver/Src/stm32f4xx_hal_tim.o
 .text.TIM_TI2_ConfigInputStage
                0x080051a6       0x60 ./Drivers/STM32F4xx_HAL_Driver/Src/stm32f4xx_hal_tim.o
 .text.TIM_ITRx_SetConfig
                0x08005206       0x36 ./Drivers/STM32F4xx_HAL_Driver/Src/stm32f4xx_hal_tim.o
 .text.TIM_ETR_SetConfig
                0x0800523c       0x40 ./Drivers/STM32F4xx_HAL_Driver/Src/stm32f4xx_hal_tim.o
                0x0800523c                TIM_ETR_SetConfig
 .text.HAL_TIMEx_MasterConfigSynchronization
                0x0800527c       0xdc ./Drivers/STM32F4xx_HAL_Driver/Src/stm32f4xx_hal_tim_ex.o
                0x0800527c                HAL_TIMEx_MasterConfigSynchronization
 .text.USB_CoreInit
                0x08005358       0xc8 ./Drivers/STM32F4xx_HAL_Driver/Src/stm32f4xx_ll_usb.o
                0x08005358                USB_CoreInit
 .text.USB_SetTurnaroundTime
                0x08005420      0x144 ./Drivers/STM32F4xx_HAL_Driver/Src/stm32f4xx_ll_usb.o
                0x08005420                USB_SetTurnaroundTime
 .text.USB_EnableGlobalInt
                0x08005564       0x22 ./Drivers/STM32F4xx_HAL_Driver/Src/stm32f4xx_ll_usb.o
                0x08005564                USB_EnableGlobalInt
 .text.USB_DisableGlobalInt
                0x08005586       0x22 ./Drivers/STM32F4xx_HAL_Driver/Src/stm32f4xx_ll_usb.o
                0x08005586                USB_DisableGlobalInt
 .text.USB_SetCurrentMode
                0x080055a8       0x98 ./Drivers/STM32F4xx_HAL_Driver/Src/stm32f4xx_ll_usb.o
                0x080055a8                USB_SetCurrentMode
 .text.USB_DevInit
                0x08005640      0x2c8 ./Drivers/STM32F4xx_HAL_Driver/Src/stm32f4xx_ll_usb.o
                0x08005640                USB_DevInit
 .text.USB_FlushTxFifo
                0x08005908       0x64 ./Drivers/STM32F4xx_HAL_Driver/Src/stm32f4xx_ll_usb.o
                0x08005908                USB_FlushTxFifo
 .text.USB_FlushRxFifo
                0x0800596c       0x5c ./Drivers/STM32F4xx_HAL_Driver/Src/stm32f4xx_ll_usb.o
                0x0800596c                USB_FlushRxFifo
 .text.USB_SetDevSpeed
                0x080059c8       0x32 ./Drivers/STM32F4xx_HAL_Driver/Src/stm32f4xx_ll_usb.o
                0x080059c8                USB_SetDevSpeed
 .text.USB_GetDevSpeed
                0x080059fa       0x4a ./Drivers/STM32F4xx_HAL_Driver/Src/stm32f4xx_ll_usb.o
                0x080059fa                USB_GetDevSpeed
 .text.USB_ActivateEndpoint
                0x08005a44      0x10e ./Drivers/STM32F4xx_HAL_Driver/Src/stm32f4xx_ll_usb.o
                0x08005a44                USB_ActivateEndpoint
 *fill*         0x08005b52        0x2 
 .text.USB_DeactivateEndpoint
                0x08005b54      0x1b8 ./Drivers/STM32F4xx_HAL_Driver/Src/stm32f4xx_ll_usb.o
                0x08005b54                USB_DeactivateEndpoint
 .text.USB_EPStartXfer
                0x08005d0c      0x53c ./Drivers/STM32F4xx_HAL_Driver/Src/stm32f4xx_ll_usb.o
                0x08005d0c                USB_EPStartXfer
 .text.USB_EPStopXfer
                0x08006248      0x154 ./Drivers/STM32F4xx_HAL_Driver/Src/stm32f4xx_ll_usb.o
                0x08006248                USB_EPStopXfer
 .text.USB_WritePacket
                0x0800639c       0x7c ./Drivers/STM32F4xx_HAL_Driver/Src/stm32f4xx_ll_usb.o
                0x0800639c                USB_WritePacket
 .text.USB_ReadPacket
                0x08006418       0xb0 ./Drivers/STM32F4xx_HAL_Driver/Src/stm32f4xx_ll_usb.o
                0x08006418                USB_ReadPacket
 .text.USB_EPSetStall
                0x080064c8       0xdc ./Drivers/STM32F4xx_HAL_Driver/Src/stm32f4xx_ll_usb.o
                0x080064c8                USB_EPSetStall
 .text.USB_EPClearStall
                0x080065a4       0xcc ./Drivers/STM32F4xx_HAL_Driver/Src/stm32f4xx_ll_usb.o
                0x080065a4                USB_EPClearStall
 .text.USB_SetDevAddress
                0x08006670       0x4c ./Drivers/STM32F4xx_HAL_Driver/Src/stm32f4xx_ll_usb.o
                0x08006670                USB_SetDevAddress
 .text.USB_DevConnect
                0x080066bc       0x42 ./Drivers/STM32F4xx_HAL_Driver/Src/stm32f4xx_ll_usb.o
                0x080066bc                USB_DevConnect
 .text.USB_DevDisconnect
                0x080066fe       0x42 ./Drivers/STM32F4xx_HAL_Driver/Src/stm32f4xx_ll_usb.o
                0x080066fe                USB_DevDisconnect
 .text.USB_ReadInterrupts
                0x08006740       0x26 ./Drivers/STM32F4xx_HAL_Driver/Src/stm32f4xx_ll_usb.o
                0x08006740                USB_ReadInterrupts
 .text.USB_ReadDevAllOutEpInterrupt
                0x08006766       0x34 ./Drivers/STM32F4xx_HAL_Driver/Src/stm32f4xx_ll_usb.o
                0x08006766                USB_ReadDevAllOutEpInterrupt
 .text.USB_ReadDevAllInEpInterrupt
                0x0800679a       0x34 ./Drivers/STM32F4xx_HAL_Driver/Src/stm32f4xx_ll_usb.o
                0x0800679a                USB_ReadDevAllInEpInterrupt
 .text.USB_ReadDevOutEPInterrupt
                0x080067ce       0x3c ./Drivers/STM32F4xx_HAL_Driver/Src/stm32f4xx_ll_usb.o
                0x080067ce                USB_ReadDevOutEPInterrupt
 .text.USB_ReadDevInEPInterrupt
                0x0800680a       0x5c ./Drivers/STM32F4xx_HAL_Driver/Src/stm32f4xx_ll_usb.o
                0x0800680a                USB_ReadDevInEPInterrupt
 .text.USB_GetMode
                0x08006866       0x1c ./Drivers/STM32F4xx_HAL_Driver/Src/stm32f4xx_ll_usb.o
                0x08006866                USB_GetMode
 .text.USB_ActivateSetup
                0x08006882       0x46 ./Drivers/STM32F4xx_HAL_Driver/Src/stm32f4xx_ll_usb.o
                0x08006882                USB_ActivateSetup
 .text.USB_EP0_OutStart
                0x080068c8       0xbc ./Drivers/STM32F4xx_HAL_Driver/Src/stm32f4xx_ll_usb.o
                0x080068c8                USB_EP0_OutStart
 .text.USB_CoreReset
                0x08006984       0x62 ./Drivers/STM32F4xx_HAL_Driver/Src/stm32f4xx_ll_usb.o
 *fill*         0x080069e6        0x2 
 .text.USBD_CDC_Init
                0x080069e8      0x1f0 ./Middlewares/ST/STM32_USB_Device_Library/Class/CDC/Src/usbd_cdc.o
 .text.USBD_CDC_DeInit
                0x08006bd8      0x104 ./Middlewares/ST/STM32_USB_Device_Library/Class/CDC/Src/usbd_cdc.o
 .text.USBD_CDC_Setup
                0x08006cdc      0x1b8 ./Middlewares/ST/STM32_USB_Device_Library/Class/CDC/Src/usbd_cdc.o
 .text.USBD_CDC_DataIn
                0x08006e94       0xfe ./Middlewares/ST/STM32_USB_Device_Library/Class/CDC/Src/usbd_cdc.o
 .text.USBD_CDC_DataOut
                0x08006f92       0x70 ./Middlewares/ST/STM32_USB_Device_Library/Class/CDC/Src/usbd_cdc.o
 .text.USBD_CDC_EP0_RxReady
                0x08007002       0x74 ./Middlewares/ST/STM32_USB_Device_Library/Class/CDC/Src/usbd_cdc.o
 *fill*         0x08007076        0x2 
 .text.USBD_CDC_GetFSCfgDesc
                0x08007078       0x70 ./Middlewares/ST/STM32_USB_Device_Library/Class/CDC/Src/usbd_cdc.o
 .text.USBD_CDC_GetHSCfgDesc
                0x080070e8       0x70 ./Middlewares/ST/STM32_USB_Device_Library/Class/CDC/Src/usbd_cdc.o
 .text.USBD_CDC_GetOtherSpeedCfgDesc
                0x08007158       0x70 ./Middlewares/ST/STM32_USB_Device_Library/Class/CDC/Src/usbd_cdc.o
 .text.USBD_CDC_GetDeviceQualifierDescriptor
                0x080071c8       0x20 ./Middlewares/ST/STM32_USB_Device_Library/Class/CDC/Src/usbd_cdc.o
                0x080071c8                USBD_CDC_GetDeviceQualifierDescriptor
 .text.USBD_CDC_RegisterInterface
                0x080071e8       0x34 ./Middlewares/ST/STM32_USB_Device_Library/Class/CDC/Src/usbd_cdc.o
                0x080071e8                USBD_CDC_RegisterInterface
 .text.USBD_CDC_SetTxBuffer
                0x0800721c       0x44 ./Middlewares/ST/STM32_USB_Device_Library/Class/CDC/Src/usbd_cdc.o
                0x0800721c                USBD_CDC_SetTxBuffer
 .text.USBD_CDC_SetRxBuffer
                0x08007260       0x3a ./Middlewares/ST/STM32_USB_Device_Library/Class/CDC/Src/usbd_cdc.o
                0x08007260                USBD_CDC_SetRxBuffer
 *fill*         0x0800729a        0x2 
 .text.USBD_CDC_ReceivePacket
                0x0800729c       0x6c ./Middlewares/ST/STM32_USB_Device_Library/Class/CDC/Src/usbd_cdc.o
                0x0800729c                USBD_CDC_ReceivePacket
 .text.USBD_Init
                0x08007308       0x60 ./Middlewares/ST/STM32_USB_Device_Library/Core/Src/usbd_core.o
                0x08007308                USBD_Init
 .text.USBD_RegisterClass
                0x08007368       0x6c ./Middlewares/ST/STM32_USB_Device_Library/Core/Src/usbd_core.o
                0x08007368                USBD_RegisterClass
 .text.USBD_Start
                0x080073d4       0x18 ./Middlewares/ST/STM32_USB_Device_Library/Core/Src/usbd_core.o
                0x080073d4                USBD_Start
 .text.USBD_RunTestMode
                0x080073ec       0x16 ./Middlewares/ST/STM32_USB_Device_Library/Core/Src/usbd_core.o
                0x080073ec                USBD_RunTestMode
 .text.USBD_SetClassConfig
                0x08007402       0x38 ./Middlewares/ST/STM32_USB_Device_Library/Core/Src/usbd_core.o
                0x08007402                USBD_SetClassConfig
 .text.USBD_ClrClassConfig
                0x0800743a       0x34 ./Middlewares/ST/STM32_USB_Device_Library/Core/Src/usbd_core.o
                0x0800743a                USBD_ClrClassConfig
 .text.USBD_LL_SetupStage
                0x0800746e       0xaa ./Middlewares/ST/STM32_USB_Device_Library/Core/Src/usbd_core.o
                0x0800746e                USBD_LL_SetupStage
 .text.USBD_LL_DataOutStage
                0x08007518      0x166 ./Middlewares/ST/STM32_USB_Device_Library/Core/Src/usbd_core.o
                0x08007518                USBD_LL_DataOutStage
 .text.USBD_LL_DataInStage
                0x0800767e      0x164 ./Middlewares/ST/STM32_USB_Device_Library/Core/Src/usbd_core.o
                0x0800767e                USBD_LL_DataInStage
 .text.USBD_LL_Reset
                0x080077e2       0xa4 ./Middlewares/ST/STM32_USB_Device_Library/Core/Src/usbd_core.o
                0x080077e2                USBD_LL_Reset
 .text.USBD_LL_SetSpeed
                0x08007886       0x20 ./Middlewares/ST/STM32_USB_Device_Library/Core/Src/usbd_core.o
                0x08007886                USBD_LL_SetSpeed
 .text.USBD_LL_Suspend
                0x080078a6       0x38 ./Middlewares/ST/STM32_USB_Device_Library/Core/Src/usbd_core.o
                0x080078a6                USBD_LL_Suspend
 .text.USBD_LL_Resume
                0x080078de       0x30 ./Middlewares/ST/STM32_USB_Device_Library/Core/Src/usbd_core.o
                0x080078de                USBD_LL_Resume
 .text.USBD_LL_SOF
                0x0800790e       0x40 ./Middlewares/ST/STM32_USB_Device_Library/Core/Src/usbd_core.o
                0x0800790e                USBD_LL_SOF
 .text.USBD_LL_IsoINIncomplete
                0x0800794e       0x64 ./Middlewares/ST/STM32_USB_Device_Library/Core/Src/usbd_core.o
                0x0800794e                USBD_LL_IsoINIncomplete
 .text.USBD_LL_IsoOUTIncomplete
                0x080079b2       0x64 ./Middlewares/ST/STM32_USB_Device_Library/Core/Src/usbd_core.o
                0x080079b2                USBD_LL_IsoOUTIncomplete
 .text.USBD_LL_DevConnected
                0x08007a16       0x16 ./Middlewares/ST/STM32_USB_Device_Library/Core/Src/usbd_core.o
                0x08007a16                USBD_LL_DevConnected
 .text.USBD_LL_DevDisconnected
                0x08007a2c       0x46 ./Middlewares/ST/STM32_USB_Device_Library/Core/Src/usbd_core.o
                0x08007a2c                USBD_LL_DevDisconnected
 .text.USBD_CoreFindIF
                0x08007a72       0x1a ./Middlewares/ST/STM32_USB_Device_Library/Core/Src/usbd_core.o
                0x08007a72                USBD_CoreFindIF
 .text.USBD_CoreFindEP
                0x08007a8c       0x1a ./Middlewares/ST/STM32_USB_Device_Library/Core/Src/usbd_core.o
                0x08007a8c                USBD_CoreFindEP
 .text.USBD_GetEpDesc
                0x08007aa6       0x70 ./Middlewares/ST/STM32_USB_Device_Library/Core/Src/usbd_core.o
                0x08007aa6                USBD_GetEpDesc
 .text.USBD_GetNextDesc
                0x08007b16       0x38 ./Middlewares/ST/STM32_USB_Device_Library/Core/Src/usbd_core.o
                0x08007b16                USBD_GetNextDesc
 .text.SWAPBYTE
                0x08007b4e       0x3e ./Middlewares/ST/STM32_USB_Device_Library/Core/Src/usbd_ctlreq.o
 .text.USBD_StdDevReq
                0x08007b8c       0xe4 ./Middlewares/ST/STM32_USB_Device_Library/Core/Src/usbd_ctlreq.o
                0x08007b8c                USBD_StdDevReq
 .text.USBD_StdItfReq
                0x08007c70       0xd8 ./Middlewares/ST/STM32_USB_Device_Library/Core/Src/usbd_ctlreq.o
                0x08007c70                USBD_StdItfReq
 .text.USBD_StdEPReq
                0x08007d48      0x33a ./Middlewares/ST/STM32_USB_Device_Library/Core/Src/usbd_ctlreq.o
                0x08007d48                USBD_StdEPReq
 *fill*         0x08008082        0x2 
 .text.USBD_GetDescriptor
                0x08008084      0x2d4 ./Middlewares/ST/STM32_USB_Device_Library/Core/Src/usbd_ctlreq.o
 .text.USBD_SetAddress
                0x08008358       0x88 ./Middlewares/ST/STM32_USB_Device_Library/Core/Src/usbd_ctlreq.o
 .text.USBD_SetConfig
                0x080083e0      0x154 ./Middlewares/ST/STM32_USB_Device_Library/Core/Src/usbd_ctlreq.o
 .text.USBD_GetConfig
                0x08008534       0x6c ./Middlewares/ST/STM32_USB_Device_Library/Core/Src/usbd_ctlreq.o
 .text.USBD_GetStatus
                0x080085a0       0x68 ./Middlewares/ST/STM32_USB_Device_Library/Core/Src/usbd_ctlreq.o
 .text.USBD_SetFeature
                0x08008608       0x52 ./Middlewares/ST/STM32_USB_Device_Library/Core/Src/usbd_ctlreq.o
 .text.USBD_ClrFeature
                0x0800865a       0x44 ./Middlewares/ST/STM32_USB_Device_Library/Core/Src/usbd_ctlreq.o
 .text.USBD_ParseSetupRequest
                0x0800869e       0x74 ./Middlewares/ST/STM32_USB_Device_Library/Core/Src/usbd_ctlreq.o
                0x0800869e                USBD_ParseSetupRequest
 .text.USBD_CtlError
                0x08008712       0x22 ./Middlewares/ST/STM32_USB_Device_Library/Core/Src/usbd_ctlreq.o
                0x08008712                USBD_CtlError
 .text.USBD_GetString
                0x08008734       0xa4 ./Middlewares/ST/STM32_USB_Device_Library/Core/Src/usbd_ctlreq.o
                0x08008734                USBD_GetString
 .text.USBD_GetLen
                0x080087d8       0x34 ./Middlewares/ST/STM32_USB_Device_Library/Core/Src/usbd_ctlreq.o
 .text.USBD_CtlSendData
                0x0800880c       0x36 ./Middlewares/ST/STM32_USB_Device_Library/Core/Src/usbd_ioreq.o
                0x0800880c                USBD_CtlSendData
 .text.USBD_CtlContinueSendData
                0x08008842       0x22 ./Middlewares/ST/STM32_USB_Device_Library/Core/Src/usbd_ioreq.o
                0x08008842                USBD_CtlContinueSendData
 .text.USBD_CtlPrepareRx
                0x08008864       0x3a ./Middlewares/ST/STM32_USB_Device_Library/Core/Src/usbd_ioreq.o
                0x08008864                USBD_CtlPrepareRx
 .text.USBD_CtlContinueRx
                0x0800889e       0x22 ./Middlewares/ST/STM32_USB_Device_Library/Core/Src/usbd_ioreq.o
                0x0800889e                USBD_CtlContinueRx
 .text.USBD_CtlSendStatus
                0x080088c0       0x26 ./Middlewares/ST/STM32_USB_Device_Library/Core/Src/usbd_ioreq.o
                0x080088c0                USBD_CtlSendStatus
 .text.USBD_CtlReceiveStatus
                0x080088e6       0x26 ./Middlewares/ST/STM32_USB_Device_Library/Core/Src/usbd_ioreq.o
                0x080088e6                USBD_CtlReceiveStatus
 .text.MX_USB_DEVICE_Init
                0x0800890c       0x60 ./USB_DEVICE/App/usb_device.o
                0x0800890c                MX_USB_DEVICE_Init
 .text.CDC_Init_FS
                0x0800896c       0x28 ./USB_DEVICE/App/usbd_cdc_if.o
 .text.CDC_DeInit_FS
                0x08008994       0x10 ./USB_DEVICE/App/usbd_cdc_if.o
 .text.CDC_Control_FS
                0x080089a4       0xbc ./USB_DEVICE/App/usbd_cdc_if.o
 .text.CDC_Receive_FS
                0x08008a60       0x28 ./USB_DEVICE/App/usbd_cdc_if.o
 .text.CDC_TransmitCplt_FS
                0x08008a88       0x22 ./USB_DEVICE/App/usbd_cdc_if.o
 *fill*         0x08008aaa        0x2 
 .text.USBD_FS_DeviceDescriptor
                0x08008aac       0x24 ./USB_DEVICE/App/usbd_desc.o
                0x08008aac                USBD_FS_DeviceDescriptor
 .text.USBD_FS_LangIDStrDescriptor
                0x08008ad0       0x24 ./USB_DEVICE/App/usbd_desc.o
                0x08008ad0                USBD_FS_LangIDStrDescriptor
 .text.USBD_FS_ProductStrDescriptor
                0x08008af4       0x3c ./USB_DEVICE/App/usbd_desc.o
                0x08008af4                USBD_FS_ProductStrDescriptor
 .text.USBD_FS_ManufacturerStrDescriptor
                0x08008b30       0x28 ./USB_DEVICE/App/usbd_desc.o
                0x08008b30                USBD_FS_ManufacturerStrDescriptor
 .text.USBD_FS_SerialStrDescriptor
                0x08008b58       0x24 ./USB_DEVICE/App/usbd_desc.o
                0x08008b58                USBD_FS_SerialStrDescriptor
 .text.USBD_FS_ConfigStrDescriptor
                0x08008b7c       0x3c ./USB_DEVICE/App/usbd_desc.o
                0x08008b7c                USBD_FS_ConfigStrDescriptor
 .text.USBD_FS_InterfaceStrDescriptor
                0x08008bb8       0x3c ./USB_DEVICE/App/usbd_desc.o
                0x08008bb8                USBD_FS_InterfaceStrDescriptor
 .text.Get_SerialNum
                0x08008bf4       0x58 ./USB_DEVICE/App/usbd_desc.o
 .text.IntToUnicode
                0x08008c4c       0x7e ./USB_DEVICE/App/usbd_desc.o
 *fill*         0x08008cca        0x2 
 .text.HAL_PCD_MspInit
                0x08008ccc       0xa8 ./USB_DEVICE/Target/usbd_conf.o
                0x08008ccc                HAL_PCD_MspInit
 .text.HAL_PCD_SetupStageCallback
                0x08008d74       0x24 ./USB_DEVICE/Target/usbd_conf.o
                0x08008d74                HAL_PCD_SetupStageCallback
 .text.HAL_PCD_DataOutStageCallback
                0x08008d98       0x36 ./USB_DEVICE/Target/usbd_conf.o
                0x08008d98                HAL_PCD_DataOutStageCallback
 .text.HAL_PCD_DataInStageCallback
                0x08008dce       0x34 ./USB_DEVICE/Target/usbd_conf.o
                0x08008dce                HAL_PCD_DataInStageCallback
 .text.HAL_PCD_SOFCallback
                0x08008e02       0x1c ./USB_DEVICE/Target/usbd_conf.o
                0x08008e02                HAL_PCD_SOFCallback
 .text.HAL_PCD_ResetCallback
                0x08008e1e       0x3c ./USB_DEVICE/Target/usbd_conf.o
                0x08008e1e                HAL_PCD_ResetCallback
 *fill*         0x08008e5a        0x2 
 .text.HAL_PCD_SuspendCallback
                0x08008e5c       0x4c ./USB_DEVICE/Target/usbd_conf.o
                0x08008e5c                HAL_PCD_SuspendCallback
 .text.HAL_PCD_ResumeCallback
                0x08008ea8       0x1c ./USB_DEVICE/Target/usbd_conf.o
                0x08008ea8                HAL_PCD_ResumeCallback
 .text.HAL_PCD_ISOOUTIncompleteCallback
                0x08008ec4       0x24 ./USB_DEVICE/Target/usbd_conf.o
                0x08008ec4                HAL_PCD_ISOOUTIncompleteCallback
 .text.HAL_PCD_ISOINIncompleteCallback
                0x08008ee8       0x24 ./USB_DEVICE/Target/usbd_conf.o
                0x08008ee8                HAL_PCD_ISOINIncompleteCallback
 .text.HAL_PCD_ConnectCallback
                0x08008f0c       0x1c ./USB_DEVICE/Target/usbd_conf.o
                0x08008f0c                HAL_PCD_ConnectCallback
 .text.HAL_PCD_DisconnectCallback
                0x08008f28       0x1c ./USB_DEVICE/Target/usbd_conf.o
                0x08008f28                HAL_PCD_DisconnectCallback
 .text.USBD_LL_Init
                0x08008f44       0x98 ./USB_DEVICE/Target/usbd_conf.o
                0x08008f44                USBD_LL_Init
 .text.USBD_LL_Start
                0x08008fdc       0x36 ./USB_DEVICE/Target/usbd_conf.o
                0x08008fdc                USBD_LL_Start
 .text.USBD_LL_OpenEP
                0x08009012       0x4c ./USB_DEVICE/Target/usbd_conf.o
                0x08009012                USBD_LL_OpenEP
 .text.USBD_LL_CloseEP
                0x0800905e       0x3e ./USB_DEVICE/Target/usbd_conf.o
                0x0800905e                USBD_LL_CloseEP
 .text.USBD_LL_StallEP
                0x0800909c       0x3e ./USB_DEVICE/Target/usbd_conf.o
                0x0800909c                USBD_LL_StallEP
 .text.USBD_LL_ClearStallEP
                0x080090da       0x3e ./USB_DEVICE/Target/usbd_conf.o
                0x080090da                USBD_LL_ClearStallEP
 .text.USBD_LL_IsStallEP
                0x08009118       0x58 ./USB_DEVICE/Target/usbd_conf.o
                0x08009118                USBD_LL_IsStallEP
 .text.USBD_LL_SetUSBAddress
                0x08009170       0x3e ./USB_DEVICE/Target/usbd_conf.o
                0x08009170                USBD_LL_SetUSBAddress
 .text.USBD_LL_Transmit
                0x080091ae       0x42 ./USB_DEVICE/Target/usbd_conf.o
                0x080091ae                USBD_LL_Transmit
 .text.USBD_LL_PrepareReceive
                0x080091f0       0x42 ./USB_DEVICE/Target/usbd_conf.o
                0x080091f0                USBD_LL_PrepareReceive
 .text.USBD_LL_GetRxDataSize
                0x08009232       0x26 ./USB_DEVICE/Target/usbd_conf.o
                0x08009232                USBD_LL_GetRxDataSize
 .text.USBD_static_malloc
                0x08009258       0x1c ./USB_DEVICE/Target/usbd_conf.o
                0x08009258                USBD_static_malloc
 .text.USBD_static_free
                0x08009274       0x14 ./USB_DEVICE/Target/usbd_conf.o
                0x08009274                USBD_static_free
 .text.USBD_Get_USB_Status
                0x08009288       0x58 ./USB_DEVICE/Target/usbd_conf.o
                0x08009288                USBD_Get_USB_Status
 .text._ZdlPvj  0x080092e0        0x4 /opt/st/stm32cubeide_1.18.0/plugins/com.st.stm32cube.ide.mcu.externaltools.gnu-tools-for-stm32.13.3.rel1.linux64_1.0.0.202410170706/tools/bin/../lib/gcc/arm-none-eabi/13.3.1/../../../../arm-none-eabi/lib/thumb/v7e-m+fp/hard/libstdc++_nano.a(del_ops.o)
                0x080092e0                operator delete(void*, unsigned int)
 .text._Znwj    0x080092e4       0x22 /opt/st/stm32cubeide_1.18.0/plugins/com.st.stm32cube.ide.mcu.externaltools.gnu-tools-for-stm32.13.3.rel1.linux64_1.0.0.202410170706/tools/bin/../lib/gcc/arm-none-eabi/13.3.1/../../../../arm-none-eabi/lib/thumb/v7e-m+fp/hard/libstdc++_nano.a(new_op.o)
                0x080092e4                operator new(unsigned int)
 .text._ZdlPv   0x08009306        0x4 /opt/st/stm32cubeide_1.18.0/plugins/com.st.stm32cube.ide.mcu.externaltools.gnu-tools-for-stm32.13.3.rel1.linux64_1.0.0.202410170706/tools/bin/../lib/gcc/arm-none-eabi/13.3.1/../../../../arm-none-eabi/lib/thumb/v7e-m+fp/hard/libstdc++_nano.a(del_op.o)
                0x08009306                operator delete(void*)
 *fill*         0x0800930a        0x2 
 .text._ZSt15get_new_handlerv
                0x0800930c       0x10 /opt/st/stm32cubeide_1.18.0/plugins/com.st.stm32cube.ide.mcu.externaltools.gnu-tools-for-stm32.13.3.rel1.linux64_1.0.0.202410170706/tools/bin/../lib/gcc/arm-none-eabi/13.3.1/../../../../arm-none-eabi/lib/thumb/v7e-m+fp/hard/libstdc++_nano.a(new_handler.o)
                0x0800930c                std::get_new_handler()
 .text.abort    0x0800931c        0xe /opt/st/stm32cubeide_1.18.0/plugins/com.st.stm32cube.ide.mcu.externaltools.gnu-tools-for-stm32.13.3.rel1.linux64_1.0.0.202410170706/tools/bin/../lib/gcc/arm-none-eabi/13.3.1/../../../../arm-none-eabi/lib/thumb/v7e-m+fp/hard/libc_nano.a(libc_a-abort.o)
                0x0800931c                abort
 *fill*         0x0800932a        0x2 
 .text.malloc   0x0800932c       0x10 /opt/st/stm32cubeide_1.18.0/plugins/com.st.stm32cube.ide.mcu.externaltools.gnu-tools-for-stm32.13.3.rel1.linux64_1.0.0.202410170706/tools/bin/../lib/gcc/arm-none-eabi/13.3.1/../../../../arm-none-eabi/lib/thumb/v7e-m+fp/hard/libc_nano.a(libc_a-malloc.o)
                0x0800932c                malloc
 .text.free     0x0800933c       0x10 /opt/st/stm32cubeide_1.18.0/plugins/com.st.stm32cube.ide.mcu.externaltools.gnu-tools-for-stm32.13.3.rel1.linux64_1.0.0.202410170706/tools/bin/../lib/gcc/arm-none-eabi/13.3.1/../../../../arm-none-eabi/lib/thumb/v7e-m+fp/hard/libc_nano.a(libc_a-malloc.o)
                0x0800933c                free
 .text.sbrk_aligned
                0x0800934c       0x44 /opt/st/stm32cubeide_1.18.0/plugins/com.st.stm32cube.ide.mcu.externaltools.gnu-tools-for-stm32.13.3.rel1.linux64_1.0.0.202410170706/tools/bin/../lib/gcc/arm-none-eabi/13.3.1/../../../../arm-none-eabi/lib/thumb/v7e-m+fp/hard/libc_nano.a(libc_a-mallocr.o)
 .text._malloc_r
                0x08009390      0x100 /opt/st/stm32cubeide_1.18.0/plugins/com.st.stm32cube.ide.mcu.externaltools.gnu-tools-for-stm32.13.3.rel1.linux64_1.0.0.202410170706/tools/bin/../lib/gcc/arm-none-eabi/13.3.1/../../../../arm-none-eabi/lib/thumb/v7e-m+fp/hard/libc_nano.a(libc_a-mallocr.o)
                0x08009390                _malloc_r
 .text.__malloc_lock
                0x08009490        0xc /opt/st/stm32cubeide_1.18.0/plugins/com.st.stm32cube.ide.mcu.externaltools.gnu-tools-for-stm32.13.3.rel1.linux64_1.0.0.202410170706/tools/bin/../lib/gcc/arm-none-eabi/13.3.1/../../../../arm-none-eabi/lib/thumb/v7e-m+fp/hard/libc_nano.a(libc_a-mlock.o)
                0x08009490                __malloc_lock
 .text.__malloc_unlock
                0x0800949c        0xc /opt/st/stm32cubeide_1.18.0/plugins/com.st.stm32cube.ide.mcu.externaltools.gnu-tools-for-stm32.13.3.rel1.linux64_1.0.0.202410170706/tools/bin/../lib/gcc/arm-none-eabi/13.3.1/../../../../arm-none-eabi/lib/thumb/v7e-m+fp/hard/libc_nano.a(libc_a-mlock.o)
                0x0800949c                __malloc_unlock
 .text.memset   0x080094a8       0x10 /opt/st/stm32cubeide_1.18.0/plugins/com.st.stm32cube.ide.mcu.externaltools.gnu-tools-for-stm32.13.3.rel1.linux64_1.0.0.202410170706/tools/bin/../lib/gcc/arm-none-eabi/13.3.1/../../../../arm-none-eabi/lib/thumb/v7e-m+fp/hard/libc_nano.a(libc_a-memset.o)
                0x080094a8                memset
 .text._raise_r
                0x080094b8       0x50 /opt/st/stm32cubeide_1.18.0/plugins/com.st.stm32cube.ide.mcu.externaltools.gnu-tools-for-stm32.13.3.rel1.linux64_1.0.0.202410170706/tools/bin/../lib/gcc/arm-none-eabi/13.3.1/../../../../arm-none-eabi/lib/thumb/v7e-m+fp/hard/libc_nano.a(libc_a-signal.o)
                0x080094b8                _raise_r
 .text.raise    0x08009508       0x10 /opt/st/stm32cubeide_1.18.0/plugins/com.st.stm32cube.ide.mcu.externaltools.gnu-tools-for-stm32.13.3.rel1.linux64_1.0.0.202410170706/tools/bin/../lib/gcc/arm-none-eabi/13.3.1/../../../../arm-none-eabi/lib/thumb/v7e-m+fp/hard/libc_nano.a(libc_a-signal.o)
                0x08009508                raise
 .text._kill_r  0x08009518       0x24 /opt/st/stm32cubeide_1.18.0/plugins/com.st.stm32cube.ide.mcu.externaltools.gnu-tools-for-stm32.13.3.rel1.linux64_1.0.0.202410170706/tools/bin/../lib/gcc/arm-none-eabi/13.3.1/../../../../arm-none-eabi/lib/thumb/v7e-m+fp/hard/libc_nano.a(libc_a-signalr.o)
                0x08009518                _kill_r
 .text._getpid_r
                0x0800953c        0x4 /opt/st/stm32cubeide_1.18.0/plugins/com.st.stm32cube.ide.mcu.externaltools.gnu-tools-for-stm32.13.3.rel1.linux64_1.0.0.202410170706/tools/bin/../lib/gcc/arm-none-eabi/13.3.1/../../../../arm-none-eabi/lib/thumb/v7e-m+fp/hard/libc_nano.a(libc_a-signalr.o)
                0x0800953c                _getpid_r
 .text._sbrk_r  0x08009540       0x20 /opt/st/stm32cubeide_1.18.0/plugins/com.st.stm32cube.ide.mcu.externaltools.gnu-tools-for-stm32.13.3.rel1.linux64_1.0.0.202410170706/tools/bin/../lib/gcc/arm-none-eabi/13.3.1/../../../../arm-none-eabi/lib/thumb/v7e-m+fp/hard/libc_nano.a(libc_a-sbrkr.o)
                0x08009540                _sbrk_r
 .text.__errno  0x08009560        0xc /opt/st/stm32cubeide_1.18.0/plugins/com.st.stm32cube.ide.mcu.externaltools.gnu-tools-for-stm32.13.3.rel1.linux64_1.0.0.202410170706/tools/bin/../lib/gcc/arm-none-eabi/13.3.1/../../../../arm-none-eabi/lib/thumb/v7e-m+fp/hard/libc_nano.a(libc_a-errno.o)
                0x08009560                __errno
 .text.__libc_init_array
                0x0800956c       0x48 /opt/st/stm32cubeide_1.18.0/plugins/com.st.stm32cube.ide.mcu.externaltools.gnu-tools-for-stm32.13.3.rel1.linux64_1.0.0.202410170706/tools/bin/../lib/gcc/arm-none-eabi/13.3.1/../../../../arm-none-eabi/lib/thumb/v7e-m+fp/hard/libc_nano.a(libc_a-init.o)
                0x0800956c                __libc_init_array
 .text.__retarget_lock_acquire_recursive
                0x080095b4        0x2 /opt/st/stm32cubeide_1.18.0/plugins/com.st.stm32cube.ide.mcu.externaltools.gnu-tools-for-stm32.13.3.rel1.linux64_1.0.0.202410170706/tools/bin/../lib/gcc/arm-none-eabi/13.3.1/../../../../arm-none-eabi/lib/thumb/v7e-m+fp/hard/libc_nano.a(libc_a-lock.o)
                0x080095b4                __retarget_lock_acquire_recursive
 .text.__retarget_lock_release_recursive
                0x080095b6        0x2 /opt/st/stm32cubeide_1.18.0/plugins/com.st.stm32cube.ide.mcu.externaltools.gnu-tools-for-stm32.13.3.rel1.linux64_1.0.0.202410170706/tools/bin/../lib/gcc/arm-none-eabi/13.3.1/../../../../arm-none-eabi/lib/thumb/v7e-m+fp/hard/libc_nano.a(libc_a-lock.o)
                0x080095b6                __retarget_lock_release_recursive
 .text._free_r  0x080095b8       0x94 /opt/st/stm32cubeide_1.18.0/plugins/com.st.stm32cube.ide.mcu.externaltools.gnu-tools-for-stm32.13.3.rel1.linux64_1.0.0.202410170706/tools/bin/../lib/gcc/arm-none-eabi/13.3.1/../../../../arm-none-eabi/lib/thumb/v7e-m+fp/hard/libc_nano.a(libc_a-freer.o)
                0x080095b8                _free_r
 *(.glue_7)
 .glue_7        0x0800964c        0x0 linker stubs
 *(.glue_7t)
 .glue_7t       0x0800964c        0x0 linker stubs
 *(.eh_frame)
 .eh_frame      0x0800964c        0x0 /opt/st/stm32cubeide_1.18.0/plugins/com.st.stm32cube.ide.mcu.externaltools.gnu-tools-for-stm32.13.3.rel1.linux64_1.0.0.202410170706/tools/bin/../lib/gcc/arm-none-eabi/13.3.1/thumb/v7e-m+fp/hard/crtbegin.o
 *(.init)
 .init          0x0800964c        0x4 /opt/st/stm32cubeide_1.18.0/plugins/com.st.stm32cube.ide.mcu.externaltools.gnu-tools-for-stm32.13.3.rel1.linux64_1.0.0.202410170706/tools/bin/../lib/gcc/arm-none-eabi/13.3.1/thumb/v7e-m+fp/hard/crti.o
                0x0800964c                _init
 .init          0x08009650        0x8 /opt/st/stm32cubeide_1.18.0/plugins/com.st.stm32cube.ide.mcu.externaltools.gnu-tools-for-stm32.13.3.rel1.linux64_1.0.0.202410170706/tools/bin/../lib/gcc/arm-none-eabi/13.3.1/thumb/v7e-m+fp/hard/crtn.o
 *(.fini)
 .fini          0x08009658        0x4 /opt/st/stm32cubeide_1.18.0/plugins/com.st.stm32cube.ide.mcu.externaltools.gnu-tools-for-stm32.13.3.rel1.linux64_1.0.0.202410170706/tools/bin/../lib/gcc/arm-none-eabi/13.3.1/thumb/v7e-m+fp/hard/crti.o
                0x08009658                _fini
 .fini          0x0800965c        0x8 /opt/st/stm32cubeide_1.18.0/plugins/com.st.stm32cube.ide.mcu.externaltools.gnu-tools-for-stm32.13.3.rel1.linux64_1.0.0.202410170706/tools/bin/../lib/gcc/arm-none-eabi/13.3.1/thumb/v7e-m+fp/hard/crtn.o
                0x08009664                        . = ALIGN (0x4)
                0x08009664                        _etext = .

.vfp11_veneer   0x08009664        0x0
 .vfp11_veneer  0x08009664        0x0 linker stubs

.v4_bx          0x08009664        0x0
 .v4_bx         0x08009664        0x0 linker stubs

.iplt           0x08009664        0x0
 .iplt          0x08009664        0x0 /opt/st/stm32cubeide_1.18.0/plugins/com.st.stm32cube.ide.mcu.externaltools.gnu-tools-for-stm32.13.3.rel1.linux64_1.0.0.202410170706/tools/bin/../lib/gcc/arm-none-eabi/13.3.1/thumb/v7e-m+fp/hard/crtbegin.o

.rodata         0x08009664     0x4534
                0x08009664                        . = ALIGN (0x4)
 *(.rodata)
 .rodata        0x08009664       0x10 ./Core/Src/main.o
 .rodata        0x08009674       0x60 ./Core/Src/rpi-display/rpiDisplayShapes.o
 .rodata        0x080096d4       0x46 ./USB_DEVICE/App/usbd_desc.o
 *(.rodata*)
 *fill*         0x0800971a        0x2 
 .rodata.FreeSans18pt7bBitmaps
                0x0800971c     0x103f ./Core/Src/main.o
                0x0800971c                FreeSans18pt7bBitmaps
 *fill*         0x0800a75b        0x1 
 .rodata.FreeSans18pt7bGlyphs
                0x0800a75c      0x2f8 ./Core/Src/main.o
                0x0800a75c                FreeSans18pt7bGlyphs
 .rodata.FreeSans18pt7b
                0x0800aa54       0x10 ./Core/Src/main.o
                0x0800aa54                FreeSans18pt7b
 .rodata.AHBPrescTable
                0x0800aa64       0x10 ./Core/Src/system_stm32f4xx.o
                0x0800aa64                AHBPrescTable
 .rodata._ZTV16FilledRectObject
                0x0800aa74       0x14 ./Core/Src/rpi-display/rpiDisplaySceneBuilder.o
                0x0800aa74                vtable for FilledRectObject
 .rodata._ZTV12StringObject
                0x0800aa88       0x14 ./Core/Src/rpi-display/rpiDisplaySceneBuilder.o
                0x0800aa88                vtable for StringObject
 .rodata._ZTV13DisplayObject
                0x0800aa9c       0x14 ./Core/Src/rpi-display/rpiDisplaySceneBuilder.o
                0x0800aa9c                vtable for DisplayObject
 .rodata._ZL21FreeSans18pt7bBitmaps
                0x0800aab0     0x103f ./Core/Src/rpi-display/rpiSceneBuilderUser.o
 *fill*         0x0800baef        0x1 
 .rodata._ZL20FreeSans18pt7bGlyphs
                0x0800baf0      0x2f8 ./Core/Src/rpi-display/rpiSceneBuilderUser.o
 .rodata._ZL14FreeSans18pt7b
                0x0800bde8       0x10 ./Core/Src/rpi-display/rpiSceneBuilderUser.o
 .rodata._ZL25FreeMonoBold24pt7bBitmaps
                0x0800bdf8     0x1a8d ./Core/Src/rpi-display/rpiSceneBuilderUser.o
 *fill*         0x0800d885        0x3 
 .rodata._ZL24FreeMonoBold24pt7bGlyphs
                0x0800d888      0x2f8 ./Core/Src/rpi-display/rpiSceneBuilderUser.o
 .rodata._ZL18FreeMonoBold24pt7b
                0x0800db80       0x10 ./Core/Src/rpi-display/rpiSceneBuilderUser.o
 .rodata.flagBitshiftOffset.0
                0x0800db90        0x8 ./Drivers/STM32F4xx_HAL_Driver/Src/stm32f4xx_hal_dma.o
                0x0800db98                        . = ALIGN (0x4)

.ARM.extab      0x0800db98        0x0
                0x0800db98                        . = ALIGN (0x4)
 *(.ARM.extab* .gnu.linkonce.armextab.*)
                0x0800db98                        . = ALIGN (0x4)

.ARM            0x0800db98        0x8
                0x0800db98                        . = ALIGN (0x4)
                0x0800db98                        __exidx_start = .
 *(.ARM.exidx*)
 .ARM.exidx     0x0800db98        0x8 /opt/st/stm32cubeide_1.18.0/plugins/com.st.stm32cube.ide.mcu.externaltools.gnu-tools-for-stm32.13.3.rel1.linux64_1.0.0.202410170706/tools/bin/../lib/gcc/arm-none-eabi/13.3.1/thumb/v7e-m+fp/hard/libgcc.a(_udivmoddi4.o)
                0x0800dba0                        __exidx_end = .
                0x0800dba0                        . = ALIGN (0x4)

.preinit_array  0x0800dba0        0x0
                0x0800dba0                        . = ALIGN (0x4)
                0x0800dba0                        PROVIDE (__preinit_array_start = .)
 *(.preinit_array*)
                0x0800dba0                        PROVIDE (__preinit_array_end = .)
                0x0800dba0                        . = ALIGN (0x4)

.init_array     0x0800dba0        0x8
                0x0800dba0                        . = ALIGN (0x4)
                0x0800dba0                        PROVIDE (__init_array_start = .)
 *(SORT_BY_NAME(.init_array.*))
 *(.init_array*)
 .init_array    0x0800dba0        0x4 /opt/st/stm32cubeide_1.18.0/plugins/com.st.stm32cube.ide.mcu.externaltools.gnu-tools-for-stm32.13.3.rel1.linux64_1.0.0.202410170706/tools/bin/../lib/gcc/arm-none-eabi/13.3.1/thumb/v7e-m+fp/hard/crtbegin.o
 .init_array    0x0800dba4        0x4 ./Core/Src/rpi-display/rpiSceneBuilderUser.o
                0x0800dba8                        PROVIDE (__init_array_end = .)
                0x0800dba8                        . = ALIGN (0x4)

.fini_array     0x0800dba8        0x4
                0x0800dba8                        . = ALIGN (0x4)
                [!provide]                        PROVIDE (__fini_array_start = .)
 *(SORT_BY_NAME(.fini_array.*))
 *(.fini_array*)
 .fini_array    0x0800dba8        0x4 /opt/st/stm32cubeide_1.18.0/plugins/com.st.stm32cube.ide.mcu.externaltools.gnu-tools-for-stm32.13.3.rel1.linux64_1.0.0.202410170706/tools/bin/../lib/gcc/arm-none-eabi/13.3.1/thumb/v7e-m+fp/hard/crtbegin.o
                [!provide]                        PROVIDE (__fini_array_end = .)
                0x0800dbac                        . = ALIGN (0x4)
                0x0800dbac                        _sidata = LOADADDR (.data)

.rel.dyn        0x0800dbac        0x0
 .rel.iplt      0x0800dbac        0x0 /opt/st/stm32cubeide_1.18.0/plugins/com.st.stm32cube.ide.mcu.externaltools.gnu-tools-for-stm32.13.3.rel1.linux64_1.0.0.202410170706/tools/bin/../lib/gcc/arm-none-eabi/13.3.1/thumb/v7e-m+fp/hard/crtbegin.o

.data           0x20000000      0x188 load address 0x0800dbac
                0x20000000                        . = ALIGN (0x4)
                0x20000000                        _sdata = .
 *(.data)
 *(.data*)
 .data.SystemCoreClock
                0x20000000        0x4 ./Core/Src/system_stm32f4xx.o
                0x20000000                SystemCoreClock
 .data.buffer   0x20000004       0x12 ./Core/Src/rpi-display/rpiSceneBuilderUser.o
                0x20000004                buffer
 *fill*         0x20000016        0x2 
 .data.rpmresult
                0x20000018       0x11 ./Core/Src/rpi-display/rpiSceneBuilderUser.o
                0x20000018                rpmresult
 *fill*         0x20000029        0x3 
 .data.tempresult
                0x2000002c       0x12 ./Core/Src/rpi-display/rpiSceneBuilderUser.o
                0x2000002c                tempresult
 *fill*         0x2000003e        0x2 
 .data.uwTickPrio
                0x20000040        0x4 ./Drivers/STM32F4xx_HAL_Driver/Src/stm32f4xx_hal.o
                0x20000040                uwTickPrio
 .data.uwTickFreq
                0x20000044        0x1 ./Drivers/STM32F4xx_HAL_Driver/Src/stm32f4xx_hal.o
                0x20000044                uwTickFreq
 *fill*         0x20000045        0x3 
 .data.USBD_CDC_DeviceQualifierDesc
                0x20000048        0xa ./Middlewares/ST/STM32_USB_Device_Library/Class/CDC/Src/usbd_cdc.o
 *fill*         0x20000052        0x2 
 .data.USBD_CDC
                0x20000054       0x38 ./Middlewares/ST/STM32_USB_Device_Library/Class/CDC/Src/usbd_cdc.o
                0x20000054                USBD_CDC
 .data.USBD_CDC_CfgDesc
                0x2000008c       0x43 ./Middlewares/ST/STM32_USB_Device_Library/Class/CDC/Src/usbd_cdc.o
 .data.CDCInEpAdd
                0x200000cf        0x1 ./Middlewares/ST/STM32_USB_Device_Library/Class/CDC/Src/usbd_cdc.o
 .data.CDCOutEpAdd
                0x200000d0        0x1 ./Middlewares/ST/STM32_USB_Device_Library/Class/CDC/Src/usbd_cdc.o
 .data.CDCCmdEpAdd
                0x200000d1        0x1 ./Middlewares/ST/STM32_USB_Device_Library/Class/CDC/Src/usbd_cdc.o
 *fill*         0x200000d2        0x2 
 .data.USBD_Interface_fops_FS
                0x200000d4       0x14 ./USB_DEVICE/App/usbd_cdc_if.o
                0x200000d4                USBD_Interface_fops_FS
 .data.FS_Desc  0x200000e8       0x1c ./USB_DEVICE/App/usbd_desc.o
                0x200000e8                FS_Desc
 .data.USBD_FS_DeviceDesc
                0x20000104       0x12 ./USB_DEVICE/App/usbd_desc.o
                0x20000104                USBD_FS_DeviceDesc
 *fill*         0x20000116        0x2 
 .data.USBD_LangIDDesc
                0x20000118        0x4 ./USB_DEVICE/App/usbd_desc.o
                0x20000118                USBD_LangIDDesc
 .data.USBD_StringSerial
                0x2000011c       0x1a ./USB_DEVICE/App/usbd_desc.o
                0x2000011c                USBD_StringSerial
 *fill*         0x20000136        0x2 
 .data._impure_ptr
                0x20000138        0x4 /opt/st/stm32cubeide_1.18.0/plugins/com.st.stm32cube.ide.mcu.externaltools.gnu-tools-for-stm32.13.3.rel1.linux64_1.0.0.202410170706/tools/bin/../lib/gcc/arm-none-eabi/13.3.1/../../../../arm-none-eabi/lib/thumb/v7e-m+fp/hard/libc_nano.a(libc_a-impure.o)
                0x20000138                _impure_ptr
 .data._impure_data
                0x2000013c       0x4c /opt/st/stm32cubeide_1.18.0/plugins/com.st.stm32cube.ide.mcu.externaltools.gnu-tools-for-stm32.13.3.rel1.linux64_1.0.0.202410170706/tools/bin/../lib/gcc/arm-none-eabi/13.3.1/../../../../arm-none-eabi/lib/thumb/v7e-m+fp/hard/libc_nano.a(libc_a-impure.o)
                0x2000013c                _impure_data
 *(.RamFunc)
 *(.RamFunc*)
                0x20000188                        . = ALIGN (0x4)
                0x20000188                        _edata = .

.igot.plt       0x20000188        0x0 load address 0x0800dd34
 .igot.plt      0x20000188        0x0 /opt/st/stm32cubeide_1.18.0/plugins/com.st.stm32cube.ide.mcu.externaltools.gnu-tools-for-stm32.13.3.rel1.linux64_1.0.0.202410170706/tools/bin/../lib/gcc/arm-none-eabi/13.3.1/thumb/v7e-m+fp/hard/crtbegin.o
                0x20000188                        . = ALIGN (0x4)

.bss            0x20000188     0x1668 load address 0x0800dd34
                0x20000188                        _sbss = .
                0x20000188                        __bss_start__ = _sbss
 *(.bss)
 .bss           0x20000188       0x1c /opt/st/stm32cubeide_1.18.0/plugins/com.st.stm32cube.ide.mcu.externaltools.gnu-tools-for-stm32.13.3.rel1.linux64_1.0.0.202410170706/tools/bin/../lib/gcc/arm-none-eabi/13.3.1/thumb/v7e-m+fp/hard/crtbegin.o
 *(.bss*)
 .bss.hspi1     0x200001a4       0x58 ./Core/Src/spi.o
                0x200001a4                hspi1
 .bss.hdma_spi1_tx
                0x200001fc       0x60 ./Core/Src/spi.o
                0x200001fc                hdma_spi1_tx
 .bss.__sbrk_heap_end
                0x2000025c        0x4 ./Core/Src/sysmem.o
 .bss.htim4     0x20000260       0x48 ./Core/Src/tim.o
                0x20000260                htim4
 .bss.spidatasentflag
                0x200002a8        0x1 ./Core/Src/rpi-display/dmatransmitter.o
                0x200002a8                spidatasentflag
 *fill*         0x200002a9        0x3 
 .bss.objects   0x200002ac        0x8 ./Core/Src/rpi-display/rpiSceneBuilderUser.o
                0x200002ac                objects
 .bss.otherobjects
                0x200002b4        0x8 ./Core/Src/rpi-display/rpiSceneBuilderUser.o
                0x200002b4                otherobjects
 .bss.uwTick    0x200002bc        0x4 ./Drivers/STM32F4xx_HAL_Driver/Src/stm32f4xx_hal.o
                0x200002bc                uwTick
 .bss.cfgidx.0  0x200002c0        0x1 ./Middlewares/ST/STM32_USB_Device_Library/Core/Src/usbd_ctlreq.o
 *fill*         0x200002c1        0x3 
 .bss.hUsbDeviceFS
                0x200002c4      0x2dc ./USB_DEVICE/App/usb_device.o
                0x200002c4                hUsbDeviceFS
 .bss.UserRxBufferFS
                0x200005a0      0x400 ./USB_DEVICE/App/usbd_cdc_if.o
                0x200005a0                UserRxBufferFS
 .bss.UserTxBufferFS
                0x200009a0      0x400 ./USB_DEVICE/App/usbd_cdc_if.o
                0x200009a0                UserTxBufferFS
 .bss.USBD_StrDesc
                0x20000da0      0x200 ./USB_DEVICE/App/usbd_desc.o
                0x20000da0                USBD_StrDesc
 .bss.hpcd_USB_OTG_FS
                0x20000fa0      0x4e4 ./USB_DEVICE/Target/usbd_conf.o
                0x20000fa0                hpcd_USB_OTG_FS
 .bss.mem.0     0x20001484      0x220 ./USB_DEVICE/Target/usbd_conf.o
 .bss._ZN12_GLOBAL__N_113__new_handlerE
                0x200016a4        0x4 /opt/st/stm32cubeide_1.18.0/plugins/com.st.stm32cube.ide.mcu.externaltools.gnu-tools-for-stm32.13.3.rel1.linux64_1.0.0.202410170706/tools/bin/../lib/gcc/arm-none-eabi/13.3.1/../../../../arm-none-eabi/lib/thumb/v7e-m+fp/hard/libstdc++_nano.a(new_handler.o)
 .bss.__malloc_sbrk_start
                0x200016a8        0x4 /opt/st/stm32cubeide_1.18.0/plugins/com.st.stm32cube.ide.mcu.externaltools.gnu-tools-for-stm32.13.3.rel1.linux64_1.0.0.202410170706/tools/bin/../lib/gcc/arm-none-eabi/13.3.1/../../../../arm-none-eabi/lib/thumb/v7e-m+fp/hard/libc_nano.a(libc_a-mallocr.o)
                0x200016a8                __malloc_sbrk_start
 .bss.__malloc_free_list
                0x200016ac        0x4 /opt/st/stm32cubeide_1.18.0/plugins/com.st.stm32cube.ide.mcu.externaltools.gnu-tools-for-stm32.13.3.rel1.linux64_1.0.0.202410170706/tools/bin/../lib/gcc/arm-none-eabi/13.3.1/../../../../arm-none-eabi/lib/thumb/v7e-m+fp/hard/libc_nano.a(libc_a-mallocr.o)
                0x200016ac                __malloc_free_list
 .bss.__sf      0x200016b0      0x138 /opt/st/stm32cubeide_1.18.0/plugins/com.st.stm32cube.ide.mcu.externaltools.gnu-tools-for-stm32.13.3.rel1.linux64_1.0.0.202410170706/tools/bin/../lib/gcc/arm-none-eabi/13.3.1/../../../../arm-none-eabi/lib/thumb/v7e-m+fp/hard/libc_nano.a(libc_a-findfp.o)
                0x200016b0                __sf
 .bss.errno     0x200017e8        0x4 /opt/st/stm32cubeide_1.18.0/plugins/com.st.stm32cube.ide.mcu.externaltools.gnu-tools-for-stm32.13.3.rel1.linux64_1.0.0.202410170706/tools/bin/../lib/gcc/arm-none-eabi/13.3.1/../../../../arm-none-eabi/lib/thumb/v7e-m+fp/hard/libc_nano.a(libc_a-reent.o)
                0x200017e8                errno
 .bss.__lock___malloc_recursive_mutex
                0x200017ec        0x1 /opt/st/stm32cubeide_1.18.0/plugins/com.st.stm32cube.ide.mcu.externaltools.gnu-tools-for-stm32.13.3.rel1.linux64_1.0.0.202410170706/tools/bin/../lib/gcc/arm-none-eabi/13.3.1/../../../../arm-none-eabi/lib/thumb/v7e-m+fp/hard/libc_nano.a(libc_a-lock.o)
                0x200017ec                __lock___malloc_recursive_mutex
 *(COMMON)
                0x200017f0                        . = ALIGN (0x4)
 *fill*         0x200017ed        0x3 
                0x200017f0                        _ebss = .
                0x200017f0                        __bss_end__ = _ebss

._user_heap_stack
                0x200017f0      0x600 load address 0x0800dd34
                0x200017f0                        . = ALIGN (0x8)
                [!provide]                        PROVIDE (end = .)
                0x200017f0                        PROVIDE (_end = .)
                0x200019f0                        . = (. + _Min_Heap_Size)
 *fill*         0x200017f0      0x200 
                0x20001df0                        . = (. + _Min_Stack_Size)
 *fill*         0x200019f0      0x400 
                0x20001df0                        . = ALIGN (0x8)

/DISCARD/
 libc.a(*)
 libm.a(*)
 libgcc.a(*)

.ARM.attributes
                0x00000000       0x30
 *(.ARM.attributes)
 .ARM.attributes
                0x00000000       0x22 /opt/st/stm32cubeide_1.18.0/plugins/com.st.stm32cube.ide.mcu.externaltools.gnu-tools-for-stm32.13.3.rel1.linux64_1.0.0.202410170706/tools/bin/../lib/gcc/arm-none-eabi/13.3.1/thumb/v7e-m+fp/hard/crti.o
 .ARM.attributes
                0x00000022       0x34 /opt/st/stm32cubeide_1.18.0/plugins/com.st.stm32cube.ide.mcu.externaltools.gnu-tools-for-stm32.13.3.rel1.linux64_1.0.0.202410170706/tools/bin/../lib/gcc/arm-none-eabi/13.3.1/thumb/v7e-m+fp/hard/crtbegin.o
 .ARM.attributes
                0x00000056       0x34 ./Core/Src/dma.o
 .ARM.attributes
                0x0000008a       0x34 ./Core/Src/gpio.o
 .ARM.attributes
                0x000000be       0x34 ./Core/Src/main.o
 .ARM.attributes
                0x000000f2       0x34 ./Core/Src/spi.o
 .ARM.attributes
                0x00000126       0x34 ./Core/Src/stm32f4xx_hal_msp.o
 .ARM.attributes
                0x0000015a       0x34 ./Core/Src/stm32f4xx_it.o
 .ARM.attributes
                0x0000018e       0x34 ./Core/Src/syscalls.o
 .ARM.attributes
                0x000001c2       0x34 ./Core/Src/sysmem.o
 .ARM.attributes
                0x000001f6       0x34 ./Core/Src/system_stm32f4xx.o
 .ARM.attributes
                0x0000022a       0x34 ./Core/Src/tim.o
 .ARM.attributes
                0x0000025e       0x34 ./Core/Src/rpi-display/dmatransmitter.o
 .ARM.attributes
                0x00000292       0x34 ./Core/Src/rpi-display/rpiDisplaySceneBuilder.o
 .ARM.attributes
                0x000002c6       0x34 ./Core/Src/rpi-display/rpiDisplayShapes.o
 .ARM.attributes
                0x000002fa       0x34 ./Core/Src/rpi-display/rpiSceneBuilderUser.o
 .ARM.attributes
                0x0000032e       0x21 ./Core/Startup/startup_stm32f401ccux.o
 .ARM.attributes
                0x0000034f       0x34 ./Drivers/STM32F4xx_HAL_Driver/Src/stm32f4xx_hal.o
 .ARM.attributes
                0x00000383       0x34 ./Drivers/STM32F4xx_HAL_Driver/Src/stm32f4xx_hal_cortex.o
 .ARM.attributes
                0x000003b7       0x34 ./Drivers/STM32F4xx_HAL_Driver/Src/stm32f4xx_hal_dma.o
 .ARM.attributes
                0x000003eb       0x34 ./Drivers/STM32F4xx_HAL_Driver/Src/stm32f4xx_hal_gpio.o
 .ARM.attributes
                0x0000041f       0x34 ./Drivers/STM32F4xx_HAL_Driver/Src/stm32f4xx_hal_pcd.o
 .ARM.attributes
                0x00000453       0x34 ./Drivers/STM32F4xx_HAL_Driver/Src/stm32f4xx_hal_pcd_ex.o
 .ARM.attributes
                0x00000487       0x34 ./Drivers/STM32F4xx_HAL_Driver/Src/stm32f4xx_hal_rcc.o
 .ARM.attributes
                0x000004bb       0x34 ./Drivers/STM32F4xx_HAL_Driver/Src/stm32f4xx_hal_spi.o
 .ARM.attributes
                0x000004ef       0x34 ./Drivers/STM32F4xx_HAL_Driver/Src/stm32f4xx_hal_tim.o
 .ARM.attributes
                0x00000523       0x34 ./Drivers/STM32F4xx_HAL_Driver/Src/stm32f4xx_hal_tim_ex.o
 .ARM.attributes
                0x00000557       0x34 ./Drivers/STM32F4xx_HAL_Driver/Src/stm32f4xx_ll_usb.o
 .ARM.attributes
                0x0000058b       0x34 ./Middlewares/ST/STM32_USB_Device_Library/Class/CDC/Src/usbd_cdc.o
 .ARM.attributes
                0x000005bf       0x34 ./Middlewares/ST/STM32_USB_Device_Library/Core/Src/usbd_core.o
 .ARM.attributes
                0x000005f3       0x34 ./Middlewares/ST/STM32_USB_Device_Library/Core/Src/usbd_ctlreq.o
 .ARM.attributes
                0x00000627       0x34 ./Middlewares/ST/STM32_USB_Device_Library/Core/Src/usbd_ioreq.o
 .ARM.attributes
                0x0000065b       0x34 ./USB_DEVICE/App/usb_device.o
 .ARM.attributes
                0x0000068f       0x34 ./USB_DEVICE/App/usbd_cdc_if.o
 .ARM.attributes
                0x000006c3       0x34 ./USB_DEVICE/App/usbd_desc.o
 .ARM.attributes
                0x000006f7       0x34 ./USB_DEVICE/Target/usbd_conf.o
 .ARM.attributes
                0x0000072b       0x34 /opt/st/stm32cubeide_1.18.0/plugins/com.st.stm32cube.ide.mcu.externaltools.gnu-tools-for-stm32.13.3.rel1.linux64_1.0.0.202410170706/tools/bin/../lib/gcc/arm-none-eabi/13.3.1/../../../../arm-none-eabi/lib/thumb/v7e-m+fp/hard/libstdc++_nano.a(del_ops.o)
 .ARM.attributes
                0x0000075f       0x34 /opt/st/stm32cubeide_1.18.0/plugins/com.st.stm32cube.ide.mcu.externaltools.gnu-tools-for-stm32.13.3.rel1.linux64_1.0.0.202410170706/tools/bin/../lib/gcc/arm-none-eabi/13.3.1/../../../../arm-none-eabi/lib/thumb/v7e-m+fp/hard/libstdc++_nano.a(new_op.o)
 .ARM.attributes
                0x00000793       0x34 /opt/st/stm32cubeide_1.18.0/plugins/com.st.stm32cube.ide.mcu.externaltools.gnu-tools-for-stm32.13.3.rel1.linux64_1.0.0.202410170706/tools/bin/../lib/gcc/arm-none-eabi/13.3.1/../../../../arm-none-eabi/lib/thumb/v7e-m+fp/hard/libstdc++_nano.a(del_op.o)
 .ARM.attributes
                0x000007c7       0x34 /opt/st/stm32cubeide_1.18.0/plugins/com.st.stm32cube.ide.mcu.externaltools.gnu-tools-for-stm32.13.3.rel1.linux64_1.0.0.202410170706/tools/bin/../lib/gcc/arm-none-eabi/13.3.1/../../../../arm-none-eabi/lib/thumb/v7e-m+fp/hard/libstdc++_nano.a(new_handler.o)
 .ARM.attributes
                0x000007fb       0x34 /opt/st/stm32cubeide_1.18.0/plugins/com.st.stm32cube.ide.mcu.externaltools.gnu-tools-for-stm32.13.3.rel1.linux64_1.0.0.202410170706/tools/bin/../lib/gcc/arm-none-eabi/13.3.1/../../../../arm-none-eabi/lib/thumb/v7e-m+fp/hard/libc_nano.a(libc_a-abort.o)
 .ARM.attributes
                0x0000082f       0x34 /opt/st/stm32cubeide_1.18.0/plugins/com.st.stm32cube.ide.mcu.externaltools.gnu-tools-for-stm32.13.3.rel1.linux64_1.0.0.202410170706/tools/bin/../lib/gcc/arm-none-eabi/13.3.1/../../../../arm-none-eabi/lib/thumb/v7e-m+fp/hard/libc_nano.a(libc_a-malloc.o)
 .ARM.attributes
                0x00000863       0x34 /opt/st/stm32cubeide_1.18.0/plugins/com.st.stm32cube.ide.mcu.externaltools.gnu-tools-for-stm32.13.3.rel1.linux64_1.0.0.202410170706/tools/bin/../lib/gcc/arm-none-eabi/13.3.1/../../../../arm-none-eabi/lib/thumb/v7e-m+fp/hard/libc_nano.a(libc_a-mallocr.o)
 .ARM.attributes
                0x00000897       0x34 /opt/st/stm32cubeide_1.18.0/plugins/com.st.stm32cube.ide.mcu.externaltools.gnu-tools-for-stm32.13.3.rel1.linux64_1.0.0.202410170706/tools/bin/../lib/gcc/arm-none-eabi/13.3.1/../../../../arm-none-eabi/lib/thumb/v7e-m+fp/hard/libc_nano.a(libc_a-mlock.o)
 .ARM.attributes
                0x000008cb       0x34 /opt/st/stm32cubeide_1.18.0/plugins/com.st.stm32cube.ide.mcu.externaltools.gnu-tools-for-stm32.13.3.rel1.linux64_1.0.0.202410170706/tools/bin/../lib/gcc/arm-none-eabi/13.3.1/../../../../arm-none-eabi/lib/thumb/v7e-m+fp/hard/libc_nano.a(libc_a-findfp.o)
 .ARM.attributes
                0x000008ff       0x34 /opt/st/stm32cubeide_1.18.0/plugins/com.st.stm32cube.ide.mcu.externaltools.gnu-tools-for-stm32.13.3.rel1.linux64_1.0.0.202410170706/tools/bin/../lib/gcc/arm-none-eabi/13.3.1/../../../../arm-none-eabi/lib/thumb/v7e-m+fp/hard/libc_nano.a(libc_a-memset.o)
 .ARM.attributes
                0x00000933       0x34 /opt/st/stm32cubeide_1.18.0/plugins/com.st.stm32cube.ide.mcu.externaltools.gnu-tools-for-stm32.13.3.rel1.linux64_1.0.0.202410170706/tools/bin/../lib/gcc/arm-none-eabi/13.3.1/../../../../arm-none-eabi/lib/thumb/v7e-m+fp/hard/libc_nano.a(libc_a-signal.o)
 .ARM.attributes
                0x00000967       0x34 /opt/st/stm32cubeide_1.18.0/plugins/com.st.stm32cube.ide.mcu.externaltools.gnu-tools-for-stm32.13.3.rel1.linux64_1.0.0.202410170706/tools/bin/../lib/gcc/arm-none-eabi/13.3.1/../../../../arm-none-eabi/lib/thumb/v7e-m+fp/hard/libc_nano.a(libc_a-reent.o)
 .ARM.attributes
                0x0000099b       0x34 /opt/st/stm32cubeide_1.18.0/plugins/com.st.stm32cube.ide.mcu.externaltools.gnu-tools-for-stm32.13.3.rel1.linux64_1.0.0.202410170706/tools/bin/../lib/gcc/arm-none-eabi/13.3.1/../../../../arm-none-eabi/lib/thumb/v7e-m+fp/hard/libc_nano.a(libc_a-impure.o)
 .ARM.attributes
                0x000009cf       0x34 /opt/st/stm32cubeide_1.18.0/plugins/com.st.stm32cube.ide.mcu.externaltools.gnu-tools-for-stm32.13.3.rel1.linux64_1.0.0.202410170706/tools/bin/../lib/gcc/arm-none-eabi/13.3.1/../../../../arm-none-eabi/lib/thumb/v7e-m+fp/hard/libc_nano.a(libc_a-signalr.o)
 .ARM.attributes
                0x00000a03       0x34 /opt/st/stm32cubeide_1.18.0/plugins/com.st.stm32cube.ide.mcu.externaltools.gnu-tools-for-stm32.13.3.rel1.linux64_1.0.0.202410170706/tools/bin/../lib/gcc/arm-none-eabi/13.3.1/../../../../arm-none-eabi/lib/thumb/v7e-m+fp/hard/libc_nano.a(libc_a-sbrkr.o)
 .ARM.attributes
                0x00000a37       0x34 /opt/st/stm32cubeide_1.18.0/plugins/com.st.stm32cube.ide.mcu.externaltools.gnu-tools-for-stm32.13.3.rel1.linux64_1.0.0.202410170706/tools/bin/../lib/gcc/arm-none-eabi/13.3.1/../../../../arm-none-eabi/lib/thumb/v7e-m+fp/hard/libc_nano.a(libc_a-errno.o)
 .ARM.attributes
                0x00000a6b       0x34 /opt/st/stm32cubeide_1.18.0/plugins/com.st.stm32cube.ide.mcu.externaltools.gnu-tools-for-stm32.13.3.rel1.linux64_1.0.0.202410170706/tools/bin/../lib/gcc/arm-none-eabi/13.3.1/../../../../arm-none-eabi/lib/thumb/v7e-m+fp/hard/libc_nano.a(libc_a-init.o)
 .ARM.attributes
                0x00000a9f       0x34 /opt/st/stm32cubeide_1.18.0/plugins/com.st.stm32cube.ide.mcu.externaltools.gnu-tools-for-stm32.13.3.rel1.linux64_1.0.0.202410170706/tools/bin/../lib/gcc/arm-none-eabi/13.3.1/../../../../arm-none-eabi/lib/thumb/v7e-m+fp/hard/libc_nano.a(libc_a-lock.o)
 .ARM.attributes
                0x00000ad3       0x34 /opt/st/stm32cubeide_1.18.0/plugins/com.st.stm32cube.ide.mcu.externaltools.gnu-tools-for-stm32.13.3.rel1.linux64_1.0.0.202410170706/tools/bin/../lib/gcc/arm-none-eabi/13.3.1/../../../../arm-none-eabi/lib/thumb/v7e-m+fp/hard/libc_nano.a(libc_a-freer.o)
 .ARM.attributes
                0x00000b07       0x22 /opt/st/stm32cubeide_1.18.0/plugins/com.st.stm32cube.ide.mcu.externaltools.gnu-tools-for-stm32.13.3.rel1.linux64_1.0.0.202410170706/tools/bin/../lib/gcc/arm-none-eabi/13.3.1/thumb/v7e-m+fp/hard/libgcc.a(_aeabi_uldivmod.o)
 .ARM.attributes
                0x00000b29       0x34 /opt/st/stm32cubeide_1.18.0/plugins/com.st.stm32cube.ide.mcu.externaltools.gnu-tools-for-stm32.13.3.rel1.linux64_1.0.0.202410170706/tools/bin/../lib/gcc/arm-none-eabi/13.3.1/thumb/v7e-m+fp/hard/libgcc.a(_udivmoddi4.o)
 .ARM.attributes
                0x00000b5d       0x22 /opt/st/stm32cubeide_1.18.0/plugins/com.st.stm32cube.ide.mcu.externaltools.gnu-tools-for-stm32.13.3.rel1.linux64_1.0.0.202410170706/tools/bin/../lib/gcc/arm-none-eabi/13.3.1/thumb/v7e-m+fp/hard/libgcc.a(_dvmd_tls.o)
 .ARM.attributes
                0x00000b7f       0x22 /opt/st/stm32cubeide_1.18.0/plugins/com.st.stm32cube.ide.mcu.externaltools.gnu-tools-for-stm32.13.3.rel1.linux64_1.0.0.202410170706/tools/bin/../lib/gcc/arm-none-eabi/13.3.1/thumb/v7e-m+fp/hard/crtn.o
OUTPUT(stm32-spidisplay.elf elf32-littlearm)
LOAD linker stubs
LOAD /opt/st/stm32cubeide_1.18.0/plugins/com.st.stm32cube.ide.mcu.externaltools.gnu-tools-for-stm32.13.3.rel1.linux64_1.0.0.202410170706/tools/bin/../lib/gcc/arm-none-eabi/13.3.1/../../../../arm-none-eabi/lib/thumb/v7e-m+fp/hard/libc.a
LOAD /opt/st/stm32cubeide_1.18.0/plugins/com.st.stm32cube.ide.mcu.externaltools.gnu-tools-for-stm32.13.3.rel1.linux64_1.0.0.202410170706/tools/bin/../lib/gcc/arm-none-eabi/13.3.1/../../../../arm-none-eabi/lib/thumb/v7e-m+fp/hard/libm.a
LOAD /opt/st/stm32cubeide_1.18.0/plugins/com.st.stm32cube.ide.mcu.externaltools.gnu-tools-for-stm32.13.3.rel1.linux64_1.0.0.202410170706/tools/bin/../lib/gcc/arm-none-eabi/13.3.1/thumb/v7e-m+fp/hard/libgcc.a

.debug_info     0x00000000    0x18f43
 .debug_info    0x00000000      0x43f ./Core/Src/dma.o
 .debug_info    0x0000043f      0x433 ./Core/Src/gpio.o
 .debug_info    0x00000872      0x85f ./Core/Src/main.o
 .debug_info    0x000010d1      0x9bd ./Core/Src/spi.o
 .debug_info    0x00001a8e      0x291 ./Core/Src/stm32f4xx_hal_msp.o
 .debug_info    0x00001d1f      0x897 ./Core/Src/stm32f4xx_it.o
 .debug_info    0x000025b6      0x6a3 ./Core/Src/syscalls.o
 .debug_info    0x00002c59      0x168 ./Core/Src/sysmem.o
 .debug_info    0x00002dc1      0x53e ./Core/Src/system_stm32f4xx.o
 .debug_info    0x000032ff      0x9b9 ./Core/Src/tim.o
 .debug_info    0x00003cb8      0x68a ./Core/Src/rpi-display/dmatransmitter.o
 .debug_info    0x00004342      0xc9a ./Core/Src/rpi-display/rpiDisplaySceneBuilder.o
 .debug_info    0x00004fdc     0x1698 ./Core/Src/rpi-display/rpiDisplayShapes.o
 .debug_info    0x00006674      0xd63 ./Core/Src/rpi-display/rpiSceneBuilderUser.o
 .debug_info    0x000073d7       0x30 ./Core/Startup/startup_stm32f401ccux.o
 .debug_info    0x00007407      0x8bb ./Drivers/STM32F4xx_HAL_Driver/Src/stm32f4xx_hal.o
 .debug_info    0x00007cc2      0xcf6 ./Drivers/STM32F4xx_HAL_Driver/Src/stm32f4xx_hal_cortex.o
 .debug_info    0x000089b8      0x8e6 ./Drivers/STM32F4xx_HAL_Driver/Src/stm32f4xx_hal_dma.o
 .debug_info    0x0000929e      0x6f9 ./Drivers/STM32F4xx_HAL_Driver/Src/stm32f4xx_hal_gpio.o
 .debug_info    0x00009997     0x1577 ./Drivers/STM32F4xx_HAL_Driver/Src/stm32f4xx_hal_pcd.o
 .debug_info    0x0000af0e      0x6ea ./Drivers/STM32F4xx_HAL_Driver/Src/stm32f4xx_hal_pcd_ex.o
 .debug_info    0x0000b5f8      0x8f1 ./Drivers/STM32F4xx_HAL_Driver/Src/stm32f4xx_hal_rcc.o
 .debug_info    0x0000bee9     0x1530 ./Drivers/STM32F4xx_HAL_Driver/Src/stm32f4xx_hal_spi.o
 .debug_info    0x0000d419     0x2996 ./Drivers/STM32F4xx_HAL_Driver/Src/stm32f4xx_hal_tim.o
 .debug_info    0x0000fdaf     0x14d4 ./Drivers/STM32F4xx_HAL_Driver/Src/stm32f4xx_hal_tim_ex.o
 .debug_info    0x00011283     0x1993 ./Drivers/STM32F4xx_HAL_Driver/Src/stm32f4xx_ll_usb.o
 .debug_info    0x00012c16     0x12a3 ./Middlewares/ST/STM32_USB_Device_Library/Class/CDC/Src/usbd_cdc.o
 .debug_info    0x00013eb9      0xe05 ./Middlewares/ST/STM32_USB_Device_Library/Core/Src/usbd_core.o
 .debug_info    0x00014cbe      0xade ./Middlewares/ST/STM32_USB_Device_Library/Core/Src/usbd_ctlreq.o
 .debug_info    0x0001579c      0x755 ./Middlewares/ST/STM32_USB_Device_Library/Core/Src/usbd_ioreq.o
 .debug_info    0x00015ef1      0x701 ./USB_DEVICE/App/usb_device.o
 .debug_info    0x000165f2      0x8fa ./USB_DEVICE/App/usbd_cdc_if.o