Archive member included to satisfy reference by file (symbol)

C:/ST/STM32CubeIDE_1.17.0/STM32CubeIDE/plugins/com.st.stm32cube.ide.mcu.externaltools.gnu-tools-for-stm32.12.3.rel1.win32_1.1.0.202410251130/tools/bin/../lib/gcc/arm-none-eabi/12.3.1/../../../../arm-none-eabi/lib/thumb/v7e-m+fp/hard\libc_nano.a(libc_a-exit.o)
                              C:/ST/STM32CubeIDE_1.17.0/STM32CubeIDE/plugins/com.st.stm32cube.ide.mcu.externaltools.gnu-tools-for-stm32.12.3.rel1.win32_1.1.0.202410251130/tools/bin/../lib/gcc/arm-none-eabi/12.3.1/../../../../arm-none-eabi/lib/thumb/v7e-m+fp/hard/crt0.o (exit)
C:/ST/STM32CubeIDE_1.17.0/STM32CubeIDE/plugins/com.st.stm32cube.ide.mcu.externaltools.gnu-tools-for-stm32.12.3.rel1.win32_1.1.0.202410251130/tools/bin/../lib/gcc/arm-none-eabi/12.3.1/../../../../arm-none-eabi/lib/thumb/v7e-m+fp/hard\libc_nano.a(libc_a-findfp.o)
                              C:/ST/STM32CubeIDE_1.17.0/STM32CubeIDE/plugins/com.st.stm32cube.ide.mcu.externaltools.gnu-tools-for-stm32.12.3.rel1.win32_1.1.0.202410251130/tools/bin/../lib/gcc/arm-none-eabi/12.3.1/../../../../arm-none-eabi/lib/thumb/v7e-m+fp/hard\libc_nano.a(libc_a-exit.o) (__stdio_exit_handler)
C:/ST/STM32CubeIDE_1.17.0/STM32CubeIDE/plugins/com.st.stm32cube.ide.mcu.externaltools.gnu-tools-for-stm32.12.3.rel1.win32_1.1.0.202410251130/tools/bin/../lib/gcc/arm-none-eabi/12.3.1/../../../../arm-none-eabi/lib/thumb/v7e-m+fp/hard\libc_nano.a(libc_a-fwalk.o)
                              C:/ST/STM32CubeIDE_1.17.0/STM32CubeIDE/plugins/com.st.stm32cube.ide.mcu.externaltools.gnu-tools-for-stm32.12.3.rel1.win32_1.1.0.202410251130/tools/bin/../lib/gcc/arm-none-eabi/12.3.1/../../../../arm-none-eabi/lib/thumb/v7e-m+fp/hard\libc_nano.a(libc_a-findfp.o) (_fwalk_sglue)
C:/ST/STM32CubeIDE_1.17.0/STM32CubeIDE/plugins/com.st.stm32cube.ide.mcu.externaltools.gnu-tools-for-stm32.12.3.rel1.win32_1.1.0.202410251130/tools/bin/../lib/gcc/arm-none-eabi/12.3.1/../../../../arm-none-eabi/lib/thumb/v7e-m+fp/hard\libc_nano.a(libc_a-stdio.o)
                              C:/ST/STM32CubeIDE_1.17.0/STM32CubeIDE/plugins/com.st.stm32cube.ide.mcu.externaltools.gnu-tools-for-stm32.12.3.rel1.win32_1.1.0.202410251130/tools/bin/../lib/gcc/arm-none-eabi/12.3.1/../../../../arm-none-eabi/lib/thumb/v7e-m+fp/hard\libc_nano.a(libc_a-findfp.o) (__sread)
C:/ST/STM32CubeIDE_1.17.0/STM32CubeIDE/plugins/com.st.stm32cube.ide.mcu.externaltools.gnu-tools-for-stm32.12.3.rel1.win32_1.1.0.202410251130/tools/bin/../lib/gcc/arm-none-eabi/12.3.1/../../../../arm-none-eabi/lib/thumb/v7e-m+fp/hard\libc_nano.a(libc_a-memset.o)
                              C:/ST/STM32CubeIDE_1.17.0/STM32CubeIDE/plugins/com.st.stm32cube.ide.mcu.externaltools.gnu-tools-for-stm32.12.3.rel1.win32_1.1.0.202410251130/tools/bin/../lib/gcc/arm-none-eabi/12.3.1/../../../../arm-none-eabi/lib/thumb/v7e-m+fp/hard/crt0.o (memset)
C:/ST/STM32CubeIDE_1.17.0/STM32CubeIDE/plugins/com.st.stm32cube.ide.mcu.externaltools.gnu-tools-for-stm32.12.3.rel1.win32_1.1.0.202410251130/tools/bin/../lib/gcc/arm-none-eabi/12.3.1/../../../../arm-none-eabi/lib/thumb/v7e-m+fp/hard\libc_nano.a(libc_a-closer.o)
                              C:/ST/STM32CubeIDE_1.17.0/STM32CubeIDE/plugins/com.st.stm32cube.ide.mcu.externaltools.gnu-tools-for-stm32.12.3.rel1.win32_1.1.0.202410251130/tools/bin/../lib/gcc/arm-none-eabi/12.3.1/../../../../arm-none-eabi/lib/thumb/v7e-m+fp/hard\libc_nano.a(libc_a-stdio.o) (_close_r)
C:/ST/STM32CubeIDE_1.17.0/STM32CubeIDE/plugins/com.st.stm32cube.ide.mcu.externaltools.gnu-tools-for-stm32.12.3.rel1.win32_1.1.0.202410251130/tools/bin/../lib/gcc/arm-none-eabi/12.3.1/../../../../arm-none-eabi/lib/thumb/v7e-m+fp/hard\libc_nano.a(libc_a-reent.o)
                              C:/ST/STM32CubeIDE_1.17.0/STM32CubeIDE/plugins/com.st.stm32cube.ide.mcu.externaltools.gnu-tools-for-stm32.12.3.rel1.win32_1.1.0.202410251130/tools/bin/../lib/gcc/arm-none-eabi/12.3.1/../../../../arm-none-eabi/lib/thumb/v7e-m+fp/hard\libc_nano.a(libc_a-closer.o) (errno)
C:/ST/STM32CubeIDE_1.17.0/STM32CubeIDE/plugins/com.st.stm32cube.ide.mcu.externaltools.gnu-tools-for-stm32.12.3.rel1.win32_1.1.0.202410251130/tools/bin/../lib/gcc/arm-none-eabi/12.3.1/../../../../arm-none-eabi/lib/thumb/v7e-m+fp/hard\libc_nano.a(libc_a-impure.o)
                              C:/ST/STM32CubeIDE_1.17.0/STM32CubeIDE/plugins/com.st.stm32cube.ide.mcu.externaltools.gnu-tools-for-stm32.12.3.rel1.win32_1.1.0.202410251130/tools/bin/../lib/gcc/arm-none-eabi/12.3.1/../../../../arm-none-eabi/lib/thumb/v7e-m+fp/hard\libc_nano.a(libc_a-reent.o) (_impure_ptr)
C:/ST/STM32CubeIDE_1.17.0/STM32CubeIDE/plugins/com.st.stm32cube.ide.mcu.externaltools.gnu-tools-for-stm32.12.3.rel1.win32_1.1.0.202410251130/tools/bin/../lib/gcc/arm-none-eabi/12.3.1/../../../../arm-none-eabi/lib/thumb/v7e-m+fp/hard\libc_nano.a(libc_a-lseekr.o)
[...]
Memory Configuration

Name             Origin             Length             Attributes
RAM              0x20000000         0x00010000         xrw
FLASH            0x08000000         0x00040000         xr
*default*        0x00000000         0xffffffff

Linker script and memory map

LOAD C:/ST/STM32CubeIDE_1.17.0/STM32CubeIDE/plugins/com.st.stm32cube.ide.mcu.externaltools.gnu-tools-for-stm32.12.3.rel1.win32_1.1.0.202410251130/tools/bin/../lib/gcc/arm-none-eabi/12.3.1/thumb/v7e-m+fp/hard/crti.o
LOAD C:/ST/STM32CubeIDE_1.17.0/STM32CubeIDE/plugins/com.st.stm32cube.ide.mcu.externaltools.gnu-tools-for-stm32.12.3.rel1.win32_1.1.0.202410251130/tools/bin/../lib/gcc/arm-none-eabi/12.3.1/thumb/v7e-m+fp/hard/crtbegin.o
LOAD C:/ST/STM32CubeIDE_1.17.0/STM32CubeIDE/plugins/com.st.stm32cube.ide.mcu.externaltools.gnu-tools-for-stm32.12.3.rel1.win32_1.1.0.202410251130/tools/bin/../lib/gcc/arm-none-eabi/12.3.1/../../../../arm-none-eabi/lib/thumb/v7e-m+fp/hard/crt0.o
LOAD ./Core/Src/gpio.o
LOAD ./Core/Src/main.o
LOAD ./Core/Src/spi.o
LOAD ./Core/Src/stm32f4xx_hal_msp.o
LOAD ./Core/Src/stm32f4xx_it.o
LOAD ./Core/Src/syscalls.o
LOAD ./Core/Src/sysmem.o
LOAD ./Core/Src/system_stm32f4xx.o
LOAD ./Core/Src/rpi-display/rpi-display.o
LOAD ./Core/Startup/startup_stm32f401ccux.o
LOAD ./Drivers/STM32F4xx_HAL_Driver/Src/stm32f4xx_hal.o
LOAD ./Drivers/STM32F4xx_HAL_Driver/Src/stm32f4xx_hal_cortex.o
LOAD ./Drivers/STM32F4xx_HAL_Driver/Src/stm32f4xx_hal_dma.o
LOAD ./Drivers/STM32F4xx_HAL_Driver/Src/stm32f4xx_hal_dma_ex.o
LOAD ./Drivers/STM32F4xx_HAL_Driver/Src/stm32f4xx_hal_exti.o
LOAD ./Drivers/STM32F4xx_HAL_Driver/Src/stm32f4xx_hal_flash.o
LOAD ./Drivers/STM32F4xx_HAL_Driver/Src/stm32f4xx_hal_flash_ex.o
LOAD ./Drivers/STM32F4xx_HAL_Driver/Src/stm32f4xx_hal_flash_ramfunc.o
LOAD ./Drivers/STM32F4xx_HAL_Driver/Src/stm32f4xx_hal_gpio.o
LOAD ./Drivers/STM32F4xx_HAL_Driver/Src/stm32f4xx_hal_pcd.o
LOAD ./Drivers/STM32F4xx_HAL_Driver/Src/stm32f4xx_hal_pcd_ex.o
LOAD ./Drivers/STM32F4xx_HAL_Driver/Src/stm32f4xx_hal_pwr.o
LOAD ./Drivers/STM32F4xx_HAL_Driver/Src/stm32f4xx_hal_pwr_ex.o
LOAD ./Drivers/STM32F4xx_HAL_Driver/Src/stm32f4xx_hal_rcc.o
LOAD ./Drivers/STM32F4xx_HAL_Driver/Src/stm32f4xx_hal_rcc_ex.o
LOAD ./Drivers/STM32F4xx_HAL_Driver/Src/stm32f4xx_hal_spi.o
LOAD ./Drivers/STM32F4xx_HAL_Driver/Src/stm32f4xx_ll_usb.o
LOAD ./Middlewares/ST/STM32_USB_Device_Library/Class/CDC/Src/usbd_cdc.o
LOAD ./Middlewares/ST/STM32_USB_Device_Library/Core/Src/usbd_core.o
LOAD ./Middlewares/ST/STM32_USB_Device_Library/Core/Src/usbd_ctlreq.o
LOAD ./Middlewares/ST/STM32_USB_Device_Library/Core/Src/usbd_ioreq.o
LOAD ./USB_DEVICE/App/usb_device.o
LOAD ./USB_DEVICE/App/usbd_cdc_if.o
LOAD ./USB_DEVICE/App/usbd_desc.o
LOAD ./USB_DEVICE/Target/usbd_conf.o
START GROUP
LOAD C:/ST/STM32CubeIDE_1.17.0/STM32CubeIDE/plugins/com.st.stm32cube.ide.mcu.externaltools.gnu-tools-for-stm32.12.3.rel1.win32_1.1.0.202410251130/tools/bin/../lib/gcc/arm-none-eabi/12.3.1/../../../../arm-none-eabi/lib/thumb/v7e-m+fp/hard\libstdc++_nano.a
LOAD C:/ST/STM32CubeIDE_1.17.0/STM32CubeIDE/plugins/com.st.stm32cube.ide.mcu.externaltools.gnu-tools-for-stm32.12.3.rel1.win32_1.1.0.202410251130/tools/bin/../lib/gcc/arm-none-eabi/12.3.1/../../../../arm-none-eabi/lib/thumb/v7e-m+fp/hard\libsupc++_nano.a
END GROUP
LOAD C:/ST/STM32CubeIDE_1.17.0/STM32CubeIDE/plugins/com.st.stm32cube.ide.mcu.externaltools.gnu-tools-for-stm32.12.3.rel1.win32_1.1.0.202410251130/tools/bin/../lib/gcc/arm-none-eabi/12.3.1/../../../../arm-none-eabi/lib/thumb/v7e-m+fp/hard\libstdc++_nano.a
LOAD C:/ST/STM32CubeIDE_1.17.0/STM32CubeIDE/plugins/com.st.stm32cube.ide.mcu.externaltools.gnu-tools-for-stm32.12.3.rel1.win32_1.1.0.202410251130/tools/bin/../lib/gcc/arm-none-eabi/12.3.1/../../../../arm-none-eabi/lib/thumb/v7e-m+fp/hard\libm.a
LOAD C:/ST/STM32CubeIDE_1.17.0/STM32CubeIDE/plugins/com.st.stm32cube.ide.mcu.externaltools.gnu-tools-for-stm32.12.3.rel1.win32_1.1.0.202410251130/tools/bin/../lib/gcc/arm-none-eabi/12.3.1/../../../../arm-none-eabi/lib/thumb/v7e-m+fp/hard\libc_nano.a
START GROUP
LOAD C:/ST/STM32CubeIDE_1.17.0/STM32CubeIDE/plugins/com.st.stm32cube.ide.mcu.externaltools.gnu-tools-for-stm32.12.3.rel1.win32_1.1.0.202410251130/tools/bin/../lib/gcc/arm-none-eabi/12.3.1/thumb/v7e-m+fp/hard\libgcc.a
LOAD C:/ST/STM32CubeIDE_1.17.0/STM32CubeIDE/plugins/com.st.stm32cube.ide.mcu.externaltools.gnu-tools-for-stm32.12.3.rel1.win32_1.1.0.202410251130/tools/bin/../lib/gcc/arm-none-eabi/12.3.1/../../../../arm-none-eabi/lib/thumb/v7e-m+fp/hard\libc_nano.a
END GROUP
START GROUP
LOAD C:/ST/STM32CubeIDE_1.17.0/STM32CubeIDE/plugins/com.st.stm32cube.ide.mcu.externaltools.gnu-tools-for-stm32.12.3.rel1.win32_1.1.0.202410251130/tools/bin/../lib/gcc/arm-none-eabi/12.3.1/thumb/v7e-m+fp/hard\libgcc.a
LOAD C:/ST/STM32CubeIDE_1.17.0/STM32CubeIDE/plugins/com.st.stm32cube.ide.mcu.externaltools.gnu-tools-for-stm32.12.3.rel1.win32_1.1.0.202410251130/tools/bin/../lib/gcc/arm-none-eabi/12.3.1/../../../../arm-none-eabi/lib/thumb/v7e-m+fp/hard\libc_nano.a
LOAD C:/ST/STM32CubeIDE_1.17.0/STM32CubeIDE/plugins/com.st.stm32cube.ide.mcu.externaltools.gnu-tools-for-stm32.12.3.rel1.win32_1.1.0.202410251130/tools/bin/../lib/gcc/arm-none-eabi/12.3.1/../../../../arm-none-eabi/lib/thumb/v7e-m+fp/hard\libnosys.a
END GROUP
START GROUP
LOAD C:/ST/STM32CubeIDE_1.17.0/STM32CubeIDE/plugins/com.st.stm32cube.ide.mcu.externaltools.gnu-tools-for-stm32.12.3.rel1.win32_1.1.0.202410251130/tools/bin/../lib/gcc/arm-none-eabi/12.3.1/thumb/v7e-m+fp/hard\libgcc.a
LOAD C:/ST/STM32CubeIDE_1.17.0/STM32CubeIDE/plugins/com.st.stm32cube.ide.mcu.externaltools.gnu-tools-for-stm32.12.3.rel1.win32_1.1.0.202410251130/tools/bin/../lib/gcc/arm-none-eabi/12.3.1/../../../../arm-none-eabi/lib/thumb/v7e-m+fp/hard\libc_nano.a
LOAD C:/ST/STM32CubeIDE_1.17.0/STM32CubeIDE/plugins/com.st.stm32cube.ide.mcu.externaltools.gnu-tools-for-stm32.12.3.rel1.win32_1.1.0.202410251130/tools/bin/../lib/gcc/arm-none-eabi/12.3.1/../../../../arm-none-eabi/lib/thumb/v7e-m+fp/hard\libnosys.a
END GROUP
LOAD C:/ST/STM32CubeIDE_1.17.0/STM32CubeIDE/plugins/com.st.stm32cube.ide.mcu.externaltools.gnu-tools-for-stm32.12.3.rel1.win32_1.1.0.202410251130/tools/bin/../lib/gcc/arm-none-eabi/12.3.1/thumb/v7e-m+fp/hard/crtend.o
LOAD C:/ST/STM32CubeIDE_1.17.0/STM32CubeIDE/plugins/com.st.stm32cube.ide.mcu.externaltools.gnu-tools-for-stm32.12.3.rel1.win32_1.1.0.202410251130/tools/bin/../lib/gcc/arm-none-eabi/12.3.1/thumb/v7e-m+fp/hard/crtn.o
                0x20010000                        _estack = (ORIGIN (RAM) + LENGTH (RAM))
                0x00000200                        _Min_Heap_Size = 0x200
                0x00000400                        _Min_Stack_Size = 0x400

.isr_vector     0x08000000      0x194
                0x08000000                        . = ALIGN (0x4)
 *(.isr_vector)
 .isr_vector    0x08000000      0x194 ./Core/Startup/startup_stm32f401ccux.o
                0x08000000                g_pfnVectors
                0x08000194                        . = ALIGN (0x4)

.text           0x08000194     0x77e8
                0x08000194                        . = ALIGN (0x4)
 *(.text)
 .text          0x08000194       0x40 C:/ST/STM32CubeIDE_1.17.0/STM32CubeIDE/plugins/com.st.stm32cube.ide.mcu.externaltools.gnu-tools-for-stm32.12.3.rel1.win32_1.1.0.202410251130/tools/bin/../lib/gcc/arm-none-eabi/12.3.1/thumb/v7e-m+fp/hard/crtbegin.o
 .text          0x080001d4       0x30 C:/ST/STM32CubeIDE_1.17.0/STM32CubeIDE/plugins/com.st.stm32cube.ide.mcu.externaltools.gnu-tools-for-stm32.12.3.rel1.win32_1.1.0.202410251130/tools/bin/../lib/gcc/arm-none-eabi/12.3.1/thumb/v7e-m+fp/hard\libgcc.a(_aeabi_uldivmod.o)
                0x080001d4                __aeabi_uldivmod
 .text          0x08000204      0x2bc C:/ST/STM32CubeIDE_1.17.0/STM32CubeIDE/plugins/com.st.stm32cube.ide.mcu.externaltools.gnu-tools-for-stm32.12.3.rel1.win32_1.1.0.202410251130/tools/bin/../lib/gcc/arm-none-eabi/12.3.1/thumb/v7e-m+fp/hard\libgcc.a(_udivmoddi4.o)
                0x08000204                __udivmoddi4
 .text          0x080004c0        0x4 C:/ST/STM32CubeIDE_1.17.0/STM32CubeIDE/plugins/com.st.stm32cube.ide.mcu.externaltools.gnu-tools-for-stm32.12.3.rel1.win32_1.1.0.202410251130/tools/bin/../lib/gcc/arm-none-eabi/12.3.1/thumb/v7e-m+fp/hard\libgcc.a(_dvmd_tls.o)
                0x080004c0                __aeabi_idiv0
                0x080004c0                __aeabi_ldiv0
 *(.text*)
 .text.MX_GPIO_Init
                0x080004c4       0xc8 ./Core/Src/gpio.o
                0x080004c4                MX_GPIO_Init
 .text.main     0x0800058c       0xbc ./Core/Src/main.o
                0x0800058c                main
 .text.SystemClock_Config
                0x08000648       0xd8 ./Core/Src/main.o
                0x08000648                SystemClock_Config
 .text.Error_Handler
                0x08000720        0xc ./Core/Src/main.o
                0x08000720                Error_Handler
 .text.MX_SPI1_Init
                0x0800072c       0x70 ./Core/Src/spi.o
                0x0800072c                MX_SPI1_Init
 .text.HAL_SPI_MspInit
                0x0800079c       0x90 ./Core/Src/spi.o
                0x0800079c                HAL_SPI_MspInit
 .text.HAL_MspInit
                0x0800082c       0x50 ./Core/Src/stm32f4xx_hal_msp.o
                0x0800082c                HAL_MspInit
 .text.NMI_Handler
                0x0800087c        0x8 ./Core/Src/stm32f4xx_it.o
                0x0800087c                NMI_Handler
 .text.HardFault_Handler
                0x08000884        0x8 ./Core/Src/stm32f4xx_it.o
                0x08000884                HardFault_Handler
 .text.MemManage_Handler
                0x0800088c        0x8 ./Core/Src/stm32f4xx_it.o
                0x0800088c                MemManage_Handler
 .text.BusFault_Handler
                0x08000894        0x8 ./Core/Src/stm32f4xx_it.o
                0x08000894                BusFault_Handler
 .text.UsageFault_Handler
                0x0800089c        0x8 ./Core/Src/stm32f4xx_it.o
                0x0800089c                UsageFault_Handler
 .text.SVC_Handler
                0x080008a4        0xe ./Core/Src/stm32f4xx_it.o
                0x080008a4                SVC_Handler
 .text.DebugMon_Handler
                0x080008b2        0xe ./Core/Src/stm32f4xx_it.o
                0x080008b2                DebugMon_Handler
 .text.PendSV_Handler
                0x080008c0        0xe ./Core/Src/stm32f4xx_it.o
                0x080008c0                PendSV_Handler
 .text.SysTick_Handler
                0x080008ce        0xc ./Core/Src/stm32f4xx_it.o
                0x080008ce                SysTick_Handler
 *fill*         0x080008da        0x2 
 .text.OTG_FS_IRQHandler
                0x080008dc       0x14 ./Core/Src/stm32f4xx_it.o
                0x080008dc                OTG_FS_IRQHandler
 .text.SystemInit
                0x080008f0       0x24 ./Core/Src/system_stm32f4xx.o
                0x080008f0                SystemInit
 .text.startTransaction
                0x08000914       0x18 ./Core/Src/rpi-display/rpi-display.o
                0x08000914                startTransaction
 .text.endTransaction
                0x0800092c       0x18 ./Core/Src/rpi-display/rpi-display.o
                0x0800092c                endTransaction
 .text.dataOrRegister
                0x08000944       0x34 ./Core/Src/rpi-display/rpi-display.o
                0x08000944                dataOrRegister
 .text.commandAndData
                0x08000978       0x50 ./Core/Src/rpi-display/rpi-display.o
                0x08000978                commandAndData
 .text.startCommand
                0x080009c8       0x2c ./Core/Src/rpi-display/rpi-display.o
                0x080009c8                startCommand
 .text.transmitRepeatedData
                0x080009f4       0x40 ./Core/Src/rpi-display/rpi-display.o
                0x080009f4                transmitRepeatedData
 .text.endCommand
                0x08000a34        0xc ./Core/Src/rpi-display/rpi-display.o
                0x08000a34                endCommand
 .text.initializeScreen
                0x08000a40      0x1b4 ./Core/Src/rpi-display/rpi-display.o
                0x08000a40                initializeScreen
 .text.modifySpace
                0x08000bf4       0x94 ./Core/Src/rpi-display/rpi-display.o
                0x08000bf4                modifySpace
 .text.fillArea
                0x08000c88       0x5e ./Core/Src/rpi-display/rpi-display.o
                0x08000c88                fillArea
 .text.drawHLine
                0x08000ce6       0x36 ./Core/Src/rpi-display/rpi-display.o
                0x08000ce6                drawHLine
 .text.drawVLine
                0x08000d1c       0x38 ./Core/Src/rpi-display/rpi-display.o
                0x08000d1c                drawVLine
 .text.drawRectangleFilled
                0x08000d54       0x38 ./Core/Src/rpi-display/rpi-display.o
                0x08000d54                drawRectangleFilled
 .text.drawRectangleOutline
                0x08000d8c       0x62 ./Core/Src/rpi-display/rpi-display.o
                0x08000d8c                drawRectangleOutline
 .text.checkPointInEllipse
                0x08000dee       0x68 ./Core/Src/rpi-display/rpi-display.o
                0x08000dee                checkPointInEllipse
 .text.drawEllipseFilled
                0x08000e56       0xce ./Core/Src/rpi-display/rpi-display.o
                0x08000e56                drawEllipseFilled
 .text.drawEllipseOutline
                0x08000f24      0x126 ./Core/Src/rpi-display/rpi-display.o
                0x08000f24                drawEllipseOutline
 *fill*         0x0800104a        0x2 
 .text.Reset_Handler
                0x0800104c       0x50 ./Core/Startup/startup_stm32f401ccux.o
                0x0800104c                Reset_Handler
 .text.Default_Handler
                0x0800109c        0x2 ./Core/Startup/startup_stm32f401ccux.o
                0x0800109c                RTC_Alarm_IRQHandler
                0x0800109c                EXTI2_IRQHandler
                0x0800109c                SPI4_IRQHandler
                0x0800109c                TIM1_CC_IRQHandler
                0x0800109c                DMA2_Stream5_IRQHandler
                0x0800109c                DMA1_Stream5_IRQHandler
                0x0800109c                PVD_IRQHandler
                0x0800109c                SDIO_IRQHandler
                0x0800109c                TAMP_STAMP_IRQHandler
                0x0800109c                EXTI3_IRQHandler
                0x0800109c                TIM1_UP_TIM10_IRQHandler
                0x0800109c                I2C3_ER_IRQHandler
                0x0800109c                EXTI0_IRQHandler
                0x0800109c                I2C2_EV_IRQHandler
                0x0800109c                DMA1_Stream2_IRQHandler
                0x0800109c                FPU_IRQHandler
                0x0800109c                DMA2_Stream2_IRQHandler
                0x0800109c                SPI1_IRQHandler
                0x0800109c                TIM1_BRK_TIM9_IRQHandler
                0x0800109c                DMA2_Stream3_IRQHandler
                0x0800109c                USART6_IRQHandler
                0x0800109c                DMA2_Stream0_IRQHandler
                0x0800109c                TIM4_IRQHandler
                0x0800109c                I2C1_EV_IRQHandler
                0x0800109c                DMA1_Stream6_IRQHandler
                0x0800109c                DMA1_Stream1_IRQHandler
                0x0800109c                TIM3_IRQHandler
                0x0800109c                RCC_IRQHandler
                0x0800109c                Default_Handler
                0x0800109c                EXTI15_10_IRQHandler
                0x0800109c                ADC_IRQHandler
                0x0800109c                DMA1_Stream7_IRQHandler
                0x0800109c                TIM5_IRQHandler
                0x0800109c                DMA2_Stream7_IRQHandler
                0x0800109c                I2C3_EV_IRQHandler
                0x0800109c                EXTI9_5_IRQHandler
                0x0800109c                RTC_WKUP_IRQHandler
                0x0800109c                SPI2_IRQHandler
                0x0800109c                DMA1_Stream0_IRQHandler
                0x0800109c                EXTI4_IRQHandler
                0x0800109c                WWDG_IRQHandler
                0x0800109c                TIM2_IRQHandler
                0x0800109c                OTG_FS_WKUP_IRQHandler
                0x0800109c                TIM1_TRG_COM_TIM11_IRQHandler
                0x0800109c                EXTI1_IRQHandler
                0x0800109c                USART2_IRQHandler
                0x0800109c                I2C2_ER_IRQHandler
                0x0800109c                DMA2_Stream1_IRQHandler
                0x0800109c                FLASH_IRQHandler
                0x0800109c                DMA2_Stream4_IRQHandler
                0x0800109c                USART1_IRQHandler
                0x0800109c                SPI3_IRQHandler
                0x0800109c                DMA1_Stream4_IRQHandler
                0x0800109c                I2C1_ER_IRQHandler
                0x0800109c                DMA2_Stream6_IRQHandler
                0x0800109c                DMA1_Stream3_IRQHandler
 *fill*         0x0800109e        0x2 
 .text.HAL_Init
                0x080010a0       0x44 ./Drivers/STM32F4xx_HAL_Driver/Src/stm32f4xx_hal.o
                0x080010a0                HAL_Init
 .text.HAL_InitTick
                0x080010e4       0x60 ./Drivers/STM32F4xx_HAL_Driver/Src/stm32f4xx_hal.o
                0x080010e4                HAL_InitTick
 .text.HAL_IncTick
                0x08001144       0x28 ./Drivers/STM32F4xx_HAL_Driver/Src/stm32f4xx_hal.o
                0x08001144                HAL_IncTick
 .text.HAL_GetTick
                0x0800116c       0x18 ./Drivers/STM32F4xx_HAL_Driver/Src/stm32f4xx_hal.o
                0x0800116c                HAL_GetTick
 .text.HAL_Delay
                0x08001184       0x48 ./Drivers/STM32F4xx_HAL_Driver/Src/stm32f4xx_hal.o
                0x08001184                HAL_Delay
 .text.__NVIC_SetPriorityGrouping
                0x080011cc       0x48 ./Drivers/STM32F4xx_HAL_Driver/Src/stm32f4xx_hal_cortex.o
 .text.__NVIC_GetPriorityGrouping
                0x08001214       0x1c ./Drivers/STM32F4xx_HAL_Driver/Src/stm32f4xx_hal_cortex.o
 .text.__NVIC_EnableIRQ
                0x08001230       0x3c ./Drivers/STM32F4xx_HAL_Driver/Src/stm32f4xx_hal_cortex.o
 .text.__NVIC_SetPriority
                0x0800126c       0x54 ./Drivers/STM32F4xx_HAL_Driver/Src/stm32f4xx_hal_cortex.o
 .text.NVIC_EncodePriority
                0x080012c0       0x66 ./Drivers/STM32F4xx_HAL_Driver/Src/stm32f4xx_hal_cortex.o
 *fill*         0x08001326        0x2 
 .text.SysTick_Config
                0x08001328       0x44 ./Drivers/STM32F4xx_HAL_Driver/Src/stm32f4xx_hal_cortex.o
 .text.HAL_NVIC_SetPriorityGrouping
                0x0800136c       0x16 ./Drivers/STM32F4xx_HAL_Driver/Src/stm32f4xx_hal_cortex.o
                0x0800136c                HAL_NVIC_SetPriorityGrouping
 .text.HAL_NVIC_SetPriority
                0x08001382       0x38 ./Drivers/STM32F4xx_HAL_Driver/Src/stm32f4xx_hal_cortex.o
                0x08001382                HAL_NVIC_SetPriority
 .text.HAL_NVIC_EnableIRQ
                0x080013ba       0x1c ./Drivers/STM32F4xx_HAL_Driver/Src/stm32f4xx_hal_cortex.o
                0x080013ba                HAL_NVIC_EnableIRQ
 .text.HAL_SYSTICK_Config
                0x080013d6       0x18 ./Drivers/STM32F4xx_HAL_Driver/Src/stm32f4xx_hal_cortex.o
                0x080013d6                HAL_SYSTICK_Config
 *fill*         0x080013ee        0x2 
 .text.HAL_GPIO_Init
                0x080013f0      0x308 ./Drivers/STM32F4xx_HAL_Driver/Src/stm32f4xx_hal_gpio.o
                0x080013f0                HAL_GPIO_Init
 .text.HAL_GPIO_WritePin
                0x080016f8       0x32 ./Drivers/STM32F4xx_HAL_Driver/Src/stm32f4xx_hal_gpio.o
                0x080016f8                HAL_GPIO_WritePin
 .text.HAL_PCD_Init
                0x0800172a      0x21e ./Drivers/STM32F4xx_HAL_Driver/Src/stm32f4xx_hal_pcd.o
                0x0800172a                HAL_PCD_Init
 .text.HAL_PCD_Start
                0x08001948       0x6a ./Drivers/STM32F4xx_HAL_Driver/Src/stm32f4xx_hal_pcd.o
                0x08001948                HAL_PCD_Start
 .text.HAL_PCD_IRQHandler
                0x080019b2      0x942 ./Drivers/STM32F4xx_HAL_Driver/Src/stm32f4xx_hal_pcd.o
                0x080019b2                HAL_PCD_IRQHandler
 .text.HAL_PCD_SetAddress
                0x080022f4       0x48 ./Drivers/STM32F4xx_HAL_Driver/Src/stm32f4xx_hal_pcd.o
                0x080022f4                HAL_PCD_SetAddress
 .text.HAL_PCD_EP_Open
                0x0800233c       0xd4 ./Drivers/STM32F4xx_HAL_Driver/Src/stm32f4xx_hal_pcd.o
                0x0800233c                HAL_PCD_EP_Open
 .text.HAL_PCD_EP_Close
                0x08002410       0x94 ./Drivers/STM32F4xx_HAL_Driver/Src/stm32f4xx_hal_pcd.o
                0x08002410                HAL_PCD_EP_Close
 .text.HAL_PCD_EP_Receive
                0x080024a4       0x76 ./Drivers/STM32F4xx_HAL_Driver/Src/stm32f4xx_hal_pcd.o
                0x080024a4                HAL_PCD_EP_Receive
 .text.HAL_PCD_EP_GetRxCount
                0x0800251a       0x30 ./Drivers/STM32F4xx_HAL_Driver/Src/stm32f4xx_hal_pcd.o
                0x0800251a                HAL_PCD_EP_GetRxCount
 .text.HAL_PCD_EP_Transmit
                0x0800254a       0x74 ./Drivers/STM32F4xx_HAL_Driver/Src/stm32f4xx_hal_pcd.o
                0x0800254a                HAL_PCD_EP_Transmit
 .text.HAL_PCD_EP_SetStall
                0x080025be       0xc6 ./Drivers/STM32F4xx_HAL_Driver/Src/stm32f4xx_hal_pcd.o
                0x080025be                HAL_PCD_EP_SetStall
 .text.HAL_PCD_EP_ClrStall
                0x08002684       0xac ./Drivers/STM32F4xx_HAL_Driver/Src/stm32f4xx_hal_pcd.o
                0x08002684                HAL_PCD_EP_ClrStall
 .text.HAL_PCD_EP_Abort
                0x08002730       0x62 ./Drivers/STM32F4xx_HAL_Driver/Src/stm32f4xx_hal_pcd.o
                0x08002730                HAL_PCD_EP_Abort
 .text.PCD_WriteEmptyTxFifo
                0x08002792      0x118 ./Drivers/STM32F4xx_HAL_Driver/Src/stm32f4xx_hal_pcd.o
 *fill*         0x080028aa        0x2 
 .text.PCD_EP_OutXfrComplete_int
                0x080028ac      0x1d0 ./Drivers/STM32F4xx_HAL_Driver/Src/stm32f4xx_hal_pcd.o
 .text.PCD_EP_OutSetupPacket_int
                0x08002a7c       0x8c ./Drivers/STM32F4xx_HAL_Driver/Src/stm32f4xx_hal_pcd.o
 .text.HAL_PCDEx_SetTxFiFo
                0x08002b08       0x8e ./Drivers/STM32F4xx_HAL_Driver/Src/stm32f4xx_hal_pcd_ex.o
                0x08002b08                HAL_PCDEx_SetTxFiFo
 .text.HAL_PCDEx_SetRxFiFo
                0x08002b96       0x22 ./Drivers/STM32F4xx_HAL_Driver/Src/stm32f4xx_hal_pcd_ex.o
                0x08002b96                HAL_PCDEx_SetRxFiFo
 .text.HAL_PCDEx_LPM_Callback
                0x08002bb8       0x18 ./Drivers/STM32F4xx_HAL_Driver/Src/stm32f4xx_hal_pcd_ex.o
                0x08002bb8                HAL_PCDEx_LPM_Callback
 .text.HAL_RCC_OscConfig
                0x08002bd0      0x4f0 ./Drivers/STM32F4xx_HAL_Driver/Src/stm32f4xx_hal_rcc.o
                0x08002bd0                HAL_RCC_OscConfig
 .text.HAL_RCC_ClockConfig
                0x080030c0      0x1cc ./Drivers/STM32F4xx_HAL_Driver/Src/stm32f4xx_hal_rcc.o
                0x080030c0                HAL_RCC_ClockConfig
 .text.HAL_RCC_GetSysClockFreq
                0x0800328c      0x18c ./Drivers/STM32F4xx_HAL_Driver/Src/stm32f4xx_hal_rcc.o
                0x0800328c                HAL_RCC_GetSysClockFreq
 .text.HAL_RCC_GetHCLKFreq
                0x08003418       0x18 ./Drivers/STM32F4xx_HAL_Driver/Src/stm32f4xx_hal_rcc.o
                0x08003418                HAL_RCC_GetHCLKFreq
 .text.HAL_SPI_Init
                0x08003430      0x112 ./Drivers/STM32F4xx_HAL_Driver/Src/stm32f4xx_hal_spi.o
                0x08003430                HAL_SPI_Init
 .text.HAL_SPI_Transmit
                0x08003542      0x288 ./Drivers/STM32F4xx_HAL_Driver/Src/stm32f4xx_hal_spi.o
                0x08003542                HAL_SPI_Transmit
 *fill*         0x080037ca        0x2 
 .text.SPI_WaitFlagStateUntilTimeout
                0x080037cc      0x110 ./Drivers/STM32F4xx_HAL_Driver/Src/stm32f4xx_hal_spi.o
 .text.SPI_EndRxTxTransaction
                0x080038dc       0xa8 ./Drivers/STM32F4xx_HAL_Driver/Src/stm32f4xx_hal_spi.o
 .text.USB_CoreInit
                0x08003984       0xc8 ./Drivers/STM32F4xx_HAL_Driver/Src/stm32f4xx_ll_usb.o
                0x08003984                USB_CoreInit
 .text.USB_SetTurnaroundTime
                0x08003a4c      0x144 ./Drivers/STM32F4xx_HAL_Driver/Src/stm32f4xx_ll_usb.o
                0x08003a4c                USB_SetTurnaroundTime
 .text.USB_EnableGlobalInt
                0x08003b90       0x22 ./Drivers/STM32F4xx_HAL_Driver/Src/stm32f4xx_ll_usb.o
                0x08003b90                USB_EnableGlobalInt
 .text.USB_DisableGlobalInt
                0x08003bb2       0x22 ./Drivers/STM32F4xx_HAL_Driver/Src/stm32f4xx_ll_usb.o
                0x08003bb2                USB_DisableGlobalInt
 .text.USB_SetCurrentMode
                0x08003bd4       0x98 ./Drivers/STM32F4xx_HAL_Driver/Src/stm32f4xx_ll_usb.o
                0x08003bd4                USB_SetCurrentMode
 .text.USB_DevInit
                0x08003c6c      0x2c8 ./Drivers/STM32F4xx_HAL_Driver/Src/stm32f4xx_ll_usb.o
                0x08003c6c                USB_DevInit
 .text.USB_FlushTxFifo
                0x08003f34       0x64 ./Drivers/STM32F4xx_HAL_Driver/Src/stm32f4xx_ll_usb.o
                0x08003f34                USB_FlushTxFifo
 .text.USB_FlushRxFifo
                0x08003f98       0x5c ./Drivers/STM32F4xx_HAL_Driver/Src/stm32f4xx_ll_usb.o
                0x08003f98                USB_FlushRxFifo
 .text.USB_SetDevSpeed
                0x08003ff4       0x32 ./Drivers/STM32F4xx_HAL_Driver/Src/stm32f4xx_ll_usb.o
                0x08003ff4                USB_SetDevSpeed
 .text.USB_GetDevSpeed
                0x08004026       0x4a ./Drivers/STM32F4xx_HAL_Driver/Src/stm32f4xx_ll_usb.o
                0x08004026                USB_GetDevSpeed
 .text.USB_ActivateEndpoint
                0x08004070      0x10e ./Drivers/STM32F4xx_HAL_Driver/Src/stm32f4xx_ll_usb.o
                0x08004070                USB_ActivateEndpoint
 *fill*         0x0800417e        0x2 
 .text.USB_DeactivateEndpoint
                0x08004180      0x1b8 ./Drivers/STM32F4xx_HAL_Driver/Src/stm32f4xx_ll_usb.o
                0x08004180                USB_DeactivateEndpoint
 .text.USB_EPStartXfer
                0x08004338      0x53c ./Drivers/STM32F4xx_HAL_Driver/Src/stm32f4xx_ll_usb.o
                0x08004338                USB_EPStartXfer
 .text.USB_EPStopXfer
                0x08004874      0x154 ./Drivers/STM32F4xx_HAL_Driver/Src/stm32f4xx_ll_usb.o
                0x08004874                USB_EPStopXfer
 .text.USB_WritePacket
                0x080049c8       0x7c ./Drivers/STM32F4xx_HAL_Driver/Src/stm32f4xx_ll_usb.o
                0x080049c8                USB_WritePacket
 .text.USB_ReadPacket
                0x08004a44       0xb0 ./Drivers/STM32F4xx_HAL_Driver/Src/stm32f4xx_ll_usb.o
                0x08004a44                USB_ReadPacket
 .text.USB_EPSetStall
                0x08004af4       0xdc ./Drivers/STM32F4xx_HAL_Driver/Src/stm32f4xx_ll_usb.o
                0x08004af4                USB_EPSetStall
 .text.USB_EPClearStall
                0x08004bd0       0xcc ./Drivers/STM32F4xx_HAL_Driver/Src/stm32f4xx_ll_usb.o
                0x08004bd0                USB_EPClearStall
 .text.USB_SetDevAddress
                0x08004c9c       0x4c ./Drivers/STM32F4xx_HAL_Driver/Src/stm32f4xx_ll_usb.o
                0x08004c9c                USB_SetDevAddress
 .text.USB_DevConnect
                0x08004ce8       0x42 ./Drivers/STM32F4xx_HAL_Driver/Src/stm32f4xx_ll_usb.o
                0x08004ce8                USB_DevConnect
 .text.USB_DevDisconnect
                0x08004d2a       0x42 ./Drivers/STM32F4xx_HAL_Driver/Src/stm32f4xx_ll_usb.o
                0x08004d2a                USB_DevDisconnect
 .text.USB_ReadInterrupts
                0x08004d6c       0x26 ./Drivers/STM32F4xx_HAL_Driver/Src/stm32f4xx_ll_usb.o
                0x08004d6c                USB_ReadInterrupts
 .text.USB_ReadDevAllOutEpInterrupt
                0x08004d92       0x34 ./Drivers/STM32F4xx_HAL_Driver/Src/stm32f4xx_ll_usb.o
                0x08004d92                USB_ReadDevAllOutEpInterrupt
 .text.USB_ReadDevAllInEpInterrupt
                0x08004dc6       0x34 ./Drivers/STM32F4xx_HAL_Driver/Src/stm32f4xx_ll_usb.o
                0x08004dc6                USB_ReadDevAllInEpInterrupt
 .text.USB_ReadDevOutEPInterrupt
                0x08004dfa       0x3c ./Drivers/STM32F4xx_HAL_Driver/Src/stm32f4xx_ll_usb.o
                0x08004dfa                USB_ReadDevOutEPInterrupt
 .text.USB_ReadDevInEPInterrupt
                0x08004e36       0x5c ./Drivers/STM32F4xx_HAL_Driver/Src/stm32f4xx_ll_usb.o
                0x08004e36                USB_ReadDevInEPInterrupt
 .text.USB_GetMode
                0x08004e92       0x1c ./Drivers/STM32F4xx_HAL_Driver/Src/stm32f4xx_ll_usb.o
                0x08004e92                USB_GetMode
 .text.USB_ActivateSetup
                0x08004eae       0x46 ./Drivers/STM32F4xx_HAL_Driver/Src/stm32f4xx_ll_usb.o
                0x08004eae                USB_ActivateSetup
 .text.USB_EP0_OutStart
                0x08004ef4       0xbc ./Drivers/STM32F4xx_HAL_Driver/Src/stm32f4xx_ll_usb.o
                0x08004ef4                USB_EP0_OutStart
 .text.USB_CoreReset
                0x08004fb0       0x62 ./Drivers/STM32F4xx_HAL_Driver/Src/stm32f4xx_ll_usb.o
 *fill*         0x08005012        0x2 
 .text.USBD_CDC_Init
                0x08005014      0x1f0 ./Middlewares/ST/STM32_USB_Device_Library/Class/CDC/Src/usbd_cdc.o
 .text.USBD_CDC_DeInit
                0x08005204      0x104 ./Middlewares/ST/STM32_USB_Device_Library/Class/CDC/Src/usbd_cdc.o
 .text.USBD_CDC_Setup
                0x08005308      0x1b8 ./Middlewares/ST/STM32_USB_Device_Library/Class/CDC/Src/usbd_cdc.o
 .text.USBD_CDC_DataIn
                0x080054c0       0xfe ./Middlewares/ST/STM32_USB_Device_Library/Class/CDC/Src/usbd_cdc.o
 .text.USBD_CDC_DataOut
                0x080055be       0x70 ./Middlewares/ST/STM32_USB_Device_Library/Class/CDC/Src/usbd_cdc.o
 .text.USBD_CDC_EP0_RxReady
                0x0800562e       0x74 ./Middlewares/ST/STM32_USB_Device_Library/Class/CDC/Src/usbd_cdc.o
 *fill*         0x080056a2        0x2 
 .text.USBD_CDC_GetFSCfgDesc
                0x080056a4       0x70 ./Middlewares/ST/STM32_USB_Device_Library/Class/CDC/Src/usbd_cdc.o
 .text.USBD_CDC_GetHSCfgDesc
                0x08005714       0x70 ./Middlewares/ST/STM32_USB_Device_Library/Class/CDC/Src/usbd_cdc.o
 .text.USBD_CDC_GetOtherSpeedCfgDesc
                0x08005784       0x70 ./Middlewares/ST/STM32_USB_Device_Library/Class/CDC/Src/usbd_cdc.o
 .text.USBD_CDC_GetDeviceQualifierDescriptor
                0x080057f4       0x20 ./Middlewares/ST/STM32_USB_Device_Library/Class/CDC/Src/usbd_cdc.o
                0x080057f4                USBD_CDC_GetDeviceQualifierDescriptor
 .text.USBD_CDC_RegisterInterface
                0x08005814       0x34 ./Middlewares/ST/STM32_USB_Device_Library/Class/CDC/Src/usbd_cdc.o
                0x08005814                USBD_CDC_RegisterInterface
 .text.USBD_CDC_SetTxBuffer
                0x08005848       0x44 ./Middlewares/ST/STM32_USB_Device_Library/Class/CDC/Src/usbd_cdc.o
                0x08005848                USBD_CDC_SetTxBuffer
 .text.USBD_CDC_SetRxBuffer
                0x0800588c       0x3a ./Middlewares/ST/STM32_USB_Device_Library/Class/CDC/Src/usbd_cdc.o
                0x0800588c                USBD_CDC_SetRxBuffer
 *fill*         0x080058c6        0x2 
 .text.USBD_CDC_ReceivePacket
                0x080058c8       0x6c ./Middlewares/ST/STM32_USB_Device_Library/Class/CDC/Src/usbd_cdc.o
                0x080058c8                USBD_CDC_ReceivePacket
 .text.USBD_Init
                0x08005934       0x60 ./Middlewares/ST/STM32_USB_Device_Library/Core/Src/usbd_core.o
                0x08005934                USBD_Init
 .text.USBD_RegisterClass
                0x08005994       0x6c ./Middlewares/ST/STM32_USB_Device_Library/Core/Src/usbd_core.o
                0x08005994                USBD_RegisterClass
 .text.USBD_Start
                0x08005a00       0x18 ./Middlewares/ST/STM32_USB_Device_Library/Core/Src/usbd_core.o
                0x08005a00                USBD_Start
 .text.USBD_RunTestMode
                0x08005a18       0x16 ./Middlewares/ST/STM32_USB_Device_Library/Core/Src/usbd_core.o
                0x08005a18                USBD_RunTestMode
 .text.USBD_SetClassConfig
                0x08005a2e       0x38 ./Middlewares/ST/STM32_USB_Device_Library/Core/Src/usbd_core.o
                0x08005a2e                USBD_SetClassConfig
 .text.USBD_ClrClassConfig
                0x08005a66       0x34 ./Middlewares/ST/STM32_USB_Device_Library/Core/Src/usbd_core.o
                0x08005a66                USBD_ClrClassConfig
 .text.USBD_LL_SetupStage
                0x08005a9a       0xaa ./Middlewares/ST/STM32_USB_Device_Library/Core/Src/usbd_core.o
                0x08005a9a                USBD_LL_SetupStage
 .text.USBD_LL_DataOutStage
                0x08005b44      0x166 ./Middlewares/ST/STM32_USB_Device_Library/Core/Src/usbd_core.o
                0x08005b44                USBD_LL_DataOutStage
 .text.USBD_LL_DataInStage
                0x08005caa      0x164 ./Middlewares/ST/STM32_USB_Device_Library/Core/Src/usbd_core.o
                0x08005caa                USBD_LL_DataInStage
 .text.USBD_LL_Reset
                0x08005e0e       0xa4 ./Middlewares/ST/STM32_USB_Device_Library/Core/Src/usbd_core.o
                0x08005e0e                USBD_LL_Reset
 .text.USBD_LL_SetSpeed
                0x08005eb2       0x20 ./Middlewares/ST/STM32_USB_Device_Library/Core/Src/usbd_core.o
                0x08005eb2                USBD_LL_SetSpeed
 .text.USBD_LL_Suspend
                0x08005ed2       0x38 ./Middlewares/ST/STM32_USB_Device_Library/Core/Src/usbd_core.o
                0x08005ed2                USBD_LL_Suspend
 .text.USBD_LL_Resume
                0x08005f0a       0x30 ./Middlewares/ST/STM32_USB_Device_Library/Core/Src/usbd_core.o
                0x08005f0a                USBD_LL_Resume
 .text.USBD_LL_SOF
                0x08005f3a       0x40 ./Middlewares/ST/STM32_USB_Device_Library/Core/Src/usbd_core.o
                0x08005f3a                USBD_LL_SOF
 .text.USBD_LL_IsoINIncomplete
                0x08005f7a       0x64 ./Middlewares/ST/STM32_USB_Device_Library/Core/Src/usbd_core.o
                0x08005f7a                USBD_LL_IsoINIncomplete
 .text.USBD_LL_IsoOUTIncomplete
                0x08005fde       0x64 ./Middlewares/ST/STM32_USB_Device_Library/Core/Src/usbd_core.o
                0x08005fde                USBD_LL_IsoOUTIncomplete
 .text.USBD_LL_DevConnected
                0x08006042       0x16 ./Middlewares/ST/STM32_USB_Device_Library/Core/Src/usbd_core.o
                0x08006042                USBD_LL_DevConnected
 .text.USBD_LL_DevDisconnected
                0x08006058       0x46 ./Middlewares/ST/STM32_USB_Device_Library/Core/Src/usbd_core.o
                0x08006058                USBD_LL_DevDisconnected
 .text.USBD_CoreFindIF
                0x0800609e       0x1a ./Middlewares/ST/STM32_USB_Device_Library/Core/Src/usbd_core.o
                0x0800609e                USBD_CoreFindIF
 .text.USBD_CoreFindEP
                0x080060b8       0x1a ./Middlewares/ST/STM32_USB_Device_Library/Core/Src/usbd_core.o
                0x080060b8                USBD_CoreFindEP
 .text.USBD_GetEpDesc
                0x080060d2       0x70 ./Middlewares/ST/STM32_USB_Device_Library/Core/Src/usbd_core.o
                0x080060d2                USBD_GetEpDesc
 .text.USBD_GetNextDesc
                0x08006142       0x38 ./Middlewares/ST/STM32_USB_Device_Library/Core/Src/usbd_core.o
                0x08006142                USBD_GetNextDesc
 .text.SWAPBYTE
                0x0800617a       0x3c ./Middlewares/ST/STM32_USB_Device_Library/Core/Src/usbd_ctlreq.o
 *fill*         0x080061b6        0x2 
 .text.USBD_StdDevReq
                0x080061b8       0xe4 ./Middlewares/ST/STM32_USB_Device_Library/Core/Src/usbd_ctlreq.o
                0x080061b8                USBD_StdDevReq
 .text.USBD_StdItfReq
                0x0800629c       0xd8 ./Middlewares/ST/STM32_USB_Device_Library/Core/Src/usbd_ctlreq.o
                0x0800629c                USBD_StdItfReq
 .text.USBD_StdEPReq
                0x08006374      0x33a ./Middlewares/ST/STM32_USB_Device_Library/Core/Src/usbd_ctlreq.o
                0x08006374                USBD_StdEPReq
 *fill*         0x080066ae        0x2 
 .text.USBD_GetDescriptor
                0x080066b0      0x2d4 ./Middlewares/ST/STM32_USB_Device_Library/Core/Src/usbd_ctlreq.o
 .text.USBD_SetAddress
                0x08006984       0x88 ./Middlewares/ST/STM32_USB_Device_Library/Core/Src/usbd_ctlreq.o
 .text.USBD_SetConfig
                0x08006a0c      0x154 ./Middlewares/ST/STM32_USB_Device_Library/Core/Src/usbd_ctlreq.o
 .text.USBD_GetConfig
                0x08006b60       0x6c ./Middlewares/ST/STM32_USB_Device_Library/Core/Src/usbd_ctlreq.o
 .text.USBD_GetStatus
                0x08006bcc       0x68 ./Middlewares/ST/STM32_USB_Device_Library/Core/Src/usbd_ctlreq.o
 .text.USBD_SetFeature
                0x08006c34       0x52 ./Middlewares/ST/STM32_USB_Device_Library/Core/Src/usbd_ctlreq.o
 .text.USBD_ClrFeature
                0x08006c86       0x44 ./Middlewares/ST/STM32_USB_Device_Library/Core/Src/usbd_ctlreq.o
 .text.USBD_ParseSetupRequest
                0x08006cca       0x74 ./Middlewares/ST/STM32_USB_Device_Library/Core/Src/usbd_ctlreq.o
                0x08006cca                USBD_ParseSetupRequest
 .text.USBD_CtlError
                0x08006d3e       0x22 ./Middlewares/ST/STM32_USB_Device_Library/Core/Src/usbd_ctlreq.o
                0x08006d3e                USBD_CtlError
 .text.USBD_GetString
                0x08006d60       0xa4 ./Middlewares/ST/STM32_USB_Device_Library/Core/Src/usbd_ctlreq.o
                0x08006d60                USBD_GetString
 .text.USBD_GetLen
                0x08006e04       0x34 ./Middlewares/ST/STM32_USB_Device_Library/Core/Src/usbd_ctlreq.o
 .text.USBD_CtlSendData
                0x08006e38       0x36 ./Middlewares/ST/STM32_USB_Device_Library/Core/Src/usbd_ioreq.o
                0x08006e38                USBD_CtlSendData
 .text.USBD_CtlContinueSendData
                0x08006e6e       0x22 ./Middlewares/ST/STM32_USB_Device_Library/Core/Src/usbd_ioreq.o
                0x08006e6e                USBD_CtlContinueSendData
 .text.USBD_CtlPrepareRx
                0x08006e90       0x3a ./Middlewares/ST/STM32_USB_Device_Library/Core/Src/usbd_ioreq.o
                0x08006e90                USBD_CtlPrepareRx
 .text.USBD_CtlContinueRx
                0x08006eca       0x22 ./Middlewares/ST/STM32_USB_Device_Library/Core/Src/usbd_ioreq.o
                0x08006eca                USBD_CtlContinueRx
 .text.USBD_CtlSendStatus
                0x08006eec       0x26 ./Middlewares/ST/STM32_USB_Device_Library/Core/Src/usbd_ioreq.o
                0x08006eec                USBD_CtlSendStatus
 .text.USBD_CtlReceiveStatus
                0x08006f12       0x26 ./Middlewares/ST/STM32_USB_Device_Library/Core/Src/usbd_ioreq.o
                0x08006f12                USBD_CtlReceiveStatus
 .text.MX_USB_DEVICE_Init
                0x08006f38       0x60 ./USB_DEVICE/App/usb_device.o
                0x08006f38                MX_USB_DEVICE_Init
 .text.CDC_Init_FS
                0x08006f98       0x28 ./USB_DEVICE/App/usbd_cdc_if.o
 .text.CDC_DeInit_FS
                0x08006fc0       0x10 ./USB_DEVICE/App/usbd_cdc_if.o
 .text.CDC_Control_FS
                0x08006fd0       0xbc ./USB_DEVICE/App/usbd_cdc_if.o
 .text.CDC_Receive_FS
                0x0800708c       0x28 ./USB_DEVICE/App/usbd_cdc_if.o
 .text.CDC_TransmitCplt_FS
                0x080070b4       0x22 ./USB_DEVICE/App/usbd_cdc_if.o
 *fill*         0x080070d6        0x2 
 .text.USBD_FS_DeviceDescriptor
                0x080070d8       0x24 ./USB_DEVICE/App/usbd_desc.o
                0x080070d8                USBD_FS_DeviceDescriptor
 .text.USBD_FS_LangIDStrDescriptor
                0x080070fc       0x24 ./USB_DEVICE/App/usbd_desc.o
                0x080070fc                USBD_FS_LangIDStrDescriptor
 .text.USBD_FS_ProductStrDescriptor
                0x08007120       0x3c ./USB_DEVICE/App/usbd_desc.o
                0x08007120                USBD_FS_ProductStrDescriptor
 .text.USBD_FS_ManufacturerStrDescriptor
                0x0800715c       0x28 ./USB_DEVICE/App/usbd_desc.o
                0x0800715c                USBD_FS_ManufacturerStrDescriptor
 .text.USBD_FS_SerialStrDescriptor
                0x08007184       0x24 ./USB_DEVICE/App/usbd_desc.o
                0x08007184                USBD_FS_SerialStrDescriptor
 .text.USBD_FS_ConfigStrDescriptor
                0x080071a8       0x3c ./USB_DEVICE/App/usbd_desc.o
                0x080071a8                USBD_FS_ConfigStrDescriptor
 .text.USBD_FS_InterfaceStrDescriptor
                0x080071e4       0x3c ./USB_DEVICE/App/usbd_desc.o
                0x080071e4                USBD_FS_InterfaceStrDescriptor
 .text.Get_SerialNum
                0x08007220       0x58 ./USB_DEVICE/App/usbd_desc.o
 .text.IntToUnicode
                0x08007278       0x7e ./USB_DEVICE/App/usbd_desc.o
 *fill*         0x080072f6        0x2 
 .text.HAL_PCD_MspInit
                0x080072f8       0xa8 ./USB_DEVICE/Target/usbd_conf.o
                0x080072f8                HAL_PCD_MspInit
 .text.HAL_PCD_SetupStageCallback
                0x080073a0       0x24 ./USB_DEVICE/Target/usbd_conf.o
                0x080073a0                HAL_PCD_SetupStageCallback
 .text.HAL_PCD_DataOutStageCallback
                0x080073c4       0x36 ./USB_DEVICE/Target/usbd_conf.o
                0x080073c4                HAL_PCD_DataOutStageCallback
 .text.HAL_PCD_DataInStageCallback
                0x080073fa       0x34 ./USB_DEVICE/Target/usbd_conf.o
                0x080073fa                HAL_PCD_DataInStageCallback
 .text.HAL_PCD_SOFCallback
                0x0800742e       0x1c ./USB_DEVICE/Target/usbd_conf.o
                0x0800742e                HAL_PCD_SOFCallback
 .text.HAL_PCD_ResetCallback
                0x0800744a       0x3c ./USB_DEVICE/Target/usbd_conf.o
                0x0800744a                HAL_PCD_ResetCallback
 *fill*         0x08007486        0x2 
 .text.HAL_PCD_SuspendCallback
                0x08007488       0x4c ./USB_DEVICE/Target/usbd_conf.o
                0x08007488                HAL_PCD_SuspendCallback
 .text.HAL_PCD_ResumeCallback
                0x080074d4       0x1c ./USB_DEVICE/Target/usbd_conf.o
                0x080074d4                HAL_PCD_ResumeCallback
 .text.HAL_PCD_ISOOUTIncompleteCallback
                0x080074f0       0x24 ./USB_DEVICE/Target/usbd_conf.o
                0x080074f0                HAL_PCD_ISOOUTIncompleteCallback
 .text.HAL_PCD_ISOINIncompleteCallback
                0x08007514       0x24 ./USB_DEVICE/Target/usbd_conf.o
                0x08007514                HAL_PCD_ISOINIncompleteCallback
 .text.HAL_PCD_ConnectCallback
                0x08007538       0x1c ./USB_DEVICE/Target/usbd_conf.o
                0x08007538                HAL_PCD_ConnectCallback
 .text.HAL_PCD_DisconnectCallback
                0x08007554       0x1c ./USB_DEVICE/Target/usbd_conf.o
                0x08007554                HAL_PCD_DisconnectCallback
 .text.USBD_LL_Init
                0x08007570       0x98 ./USB_DEVICE/Target/usbd_conf.o
                0x08007570                USBD_LL_Init
 .text.USBD_LL_Start
                0x08007608       0x36 ./USB_DEVICE/Target/usbd_conf.o
                0x08007608                USBD_LL_Start
 .text.USBD_LL_OpenEP
                0x0800763e       0x4c ./USB_DEVICE/Target/usbd_conf.o
                0x0800763e                USBD_LL_OpenEP
 .text.USBD_LL_CloseEP
                0x0800768a       0x3e ./USB_DEVICE/Target/usbd_conf.o
                0x0800768a                USBD_LL_CloseEP
 .text.USBD_LL_StallEP
                0x080076c8       0x3e ./USB_DEVICE/Target/usbd_conf.o
                0x080076c8                USBD_LL_StallEP
 .text.USBD_LL_ClearStallEP
                0x08007706       0x3e ./USB_DEVICE/Target/usbd_conf.o
                0x08007706                USBD_LL_ClearStallEP
 .text.USBD_LL_IsStallEP
                0x08007744       0x58 ./USB_DEVICE/Target/usbd_conf.o
                0x08007744                USBD_LL_IsStallEP
 .text.USBD_LL_SetUSBAddress
                0x0800779c       0x3e ./USB_DEVICE/Target/usbd_conf.o
                0x0800779c                USBD_LL_SetUSBAddress
 .text.USBD_LL_Transmit
                0x080077da       0x42 ./USB_DEVICE/Target/usbd_conf.o
                0x080077da                USBD_LL_Transmit
 .text.USBD_LL_PrepareReceive
                0x0800781c       0x42 ./USB_DEVICE/Target/usbd_conf.o
                0x0800781c                USBD_LL_PrepareReceive
 .text.USBD_LL_GetRxDataSize
                0x0800785e       0x26 ./USB_DEVICE/Target/usbd_conf.o
                0x0800785e                USBD_LL_GetRxDataSize
 .text.USBD_static_malloc
                0x08007884       0x1c ./USB_DEVICE/Target/usbd_conf.o
                0x08007884                USBD_static_malloc
 .text.USBD_static_free
                0x080078a0       0x14 ./USB_DEVICE/Target/usbd_conf.o
                0x080078a0                USBD_static_free
 .text.USBD_Get_USB_Status
                0x080078b4       0x58 ./USB_DEVICE/Target/usbd_conf.o
                0x080078b4                USBD_Get_USB_Status
 .text.memset   0x0800790c       0x10 C:/ST/STM32CubeIDE_1.17.0/STM32CubeIDE/plugins/com.st.stm32cube.ide.mcu.externaltools.gnu-tools-for-stm32.12.3.rel1.win32_1.1.0.202410251130/tools/bin/../lib/gcc/arm-none-eabi/12.3.1/../../../../arm-none-eabi/lib/thumb/v7e-m+fp/hard\libc_nano.a(libc_a-memset.o)
                0x0800790c                memset
 .text.__libc_init_array
                0x0800791c       0x48 C:/ST/STM32CubeIDE_1.17.0/STM32CubeIDE/plugins/com.st.stm32cube.ide.mcu.externaltools.gnu-tools-for-stm32.12.3.rel1.win32_1.1.0.202410251130/tools/bin/../lib/gcc/arm-none-eabi/12.3.1/../../../../arm-none-eabi/lib/thumb/v7e-m+fp/hard\libc_nano.a(libc_a-init.o)
                0x0800791c                __libc_init_array
 *(.glue_7)
 .glue_7        0x08007964        0x0 linker stubs
 *(.glue_7t)
 .glue_7t       0x08007964        0x0 linker stubs
 *(.eh_frame)
 .eh_frame      0x08007964        0x0 C:/ST/STM32CubeIDE_1.17.0/STM32CubeIDE/plugins/com.st.stm32cube.ide.mcu.externaltools.gnu-tools-for-stm32.12.3.rel1.win32_1.1.0.202410251130/tools/bin/../lib/gcc/arm-none-eabi/12.3.1/thumb/v7e-m+fp/hard/crtbegin.o
 *(.init)
 .init          0x08007964        0x4 C:/ST/STM32CubeIDE_1.17.0/STM32CubeIDE/plugins/com.st.stm32cube.ide.mcu.externaltools.gnu-tools-for-stm32.12.3.rel1.win32_1.1.0.202410251130/tools/bin/../lib/gcc/arm-none-eabi/12.3.1/thumb/v7e-m+fp/hard/crti.o
                0x08007964                _init
 .init          0x08007968        0x8 C:/ST/STM32CubeIDE_1.17.0/STM32CubeIDE/plugins/com.st.stm32cube.ide.mcu.externaltools.gnu-tools-for-stm32.12.3.rel1.win32_1.1.0.202410251130/tools/bin/../lib/gcc/arm-none-eabi/12.3.1/thumb/v7e-m+fp/hard/crtn.o
 *(.fini)
 .fini          0x08007970        0x4 C:/ST/STM32CubeIDE_1.17.0/STM32CubeIDE/plugins/com.st.stm32cube.ide.mcu.externaltools.gnu-tools-for-stm32.12.3.rel1.win32_1.1.0.202410251130/tools/bin/../lib/gcc/arm-none-eabi/12.3.1/thumb/v7e-m+fp/hard/crti.o
                0x08007970                _fini
 .fini          0x08007974        0x8 C:/ST/STM32CubeIDE_1.17.0/STM32CubeIDE/plugins/com.st.stm32cube.ide.mcu.externaltools.gnu-tools-for-stm32.12.3.rel1.win32_1.1.0.202410251130/tools/bin/../lib/gcc/arm-none-eabi/12.3.1/thumb/v7e-m+fp/hard/crtn.o
                0x0800797c                        . = ALIGN (0x4)
                0x0800797c                        _etext = .

.vfp11_veneer   0x0800797c        0x0
 .vfp11_veneer  0x0800797c        0x0 linker stubs

.v4_bx          0x0800797c        0x0
 .v4_bx         0x0800797c        0x0 linker stubs

.iplt           0x0800797c        0x0
 .iplt          0x0800797c        0x0 C:/ST/STM32CubeIDE_1.17.0/STM32CubeIDE/plugins/com.st.stm32cube.ide.mcu.externaltools.gnu-tools-for-stm32.12.3.rel1.win32_1.1.0.202410251130/tools/bin/../lib/gcc/arm-none-eabi/12.3.1/thumb/v7e-m+fp/hard/crtbegin.o

.rodata         0x0800797c       0xb8
                0x0800797c                        . = ALIGN (0x4)
 *(.rodata)
 .rodata        0x0800797c       0x60 ./Core/Src/rpi-display/rpi-display.o
 .rodata        0x080079dc       0x46 ./USB_DEVICE/App/usbd_desc.o
 *(.rodata*)
 *fill*         0x08007a22        0x2 
 .rodata.AHBPrescTable
                0x08007a24       0x10 ./Core/Src/system_stm32f4xx.o
                0x08007a24                AHBPrescTable
                0x08007a34                        . = ALIGN (0x4)

.ARM.extab      0x08007a34        0x0
                0x08007a34                        . = ALIGN (0x4)
 *(.ARM.extab* .gnu.linkonce.armextab.*)
                0x08007a34                        . = ALIGN (0x4)

.ARM            0x08007a34        0x8
                0x08007a34                        . = ALIGN (0x4)
                0x08007a34                        __exidx_start = .
 *(.ARM.exidx*)
 .ARM.exidx     0x08007a34        0x8 C:/ST/STM32CubeIDE_1.17.0/STM32CubeIDE/plugins/com.st.stm32cube.ide.mcu.externaltools.gnu-tools-for-stm32.12.3.rel1.win32_1.1.0.202410251130/tools/bin/../lib/gcc/arm-none-eabi/12.3.1/thumb/v7e-m+fp/hard\libgcc.a(_udivmoddi4.o)
                0x08007a3c                        __exidx_end = .
                0x08007a3c                        . = ALIGN (0x4)

.preinit_array  0x08007a3c        0x0
                0x08007a3c                        . = ALIGN (0x4)
                0x08007a3c                        PROVIDE (__preinit_array_start = .)
 *(.preinit_array*)
                0x08007a3c                        PROVIDE (__preinit_array_end = .)
                0x08007a3c                        . = ALIGN (0x4)

.init_array     0x08007a3c        0x4
                0x08007a3c                        . = ALIGN (0x4)
                0x08007a3c                        PROVIDE (__init_array_start = .)
 *(SORT_BY_NAME(.init_array.*))
 *(.init_array*)
 .init_array    0x08007a3c        0x4 C:/ST/STM32CubeIDE_1.17.0/STM32CubeIDE/plugins/com.st.stm32cube.ide.mcu.externaltools.gnu-tools-for-stm32.12.3.rel1.win32_1.1.0.202410251130/tools/bin/../lib/gcc/arm-none-eabi/12.3.1/thumb/v7e-m+fp/hard/crtbegin.o
                0x08007a40                        PROVIDE (__init_array_end = .)
                0x08007a40                        . = ALIGN (0x4)

.fini_array     0x08007a40        0x4
                0x08007a40                        . = ALIGN (0x4)
                [!provide]                        PROVIDE (__fini_array_start = .)
 *(SORT_BY_NAME(.fini_array.*))
 *(.fini_array*)
 .fini_array    0x08007a40        0x4 C:/ST/STM32CubeIDE_1.17.0/STM32CubeIDE/plugins/com.st.stm32cube.ide.mcu.externaltools.gnu-tools-for-stm32.12.3.rel1.win32_1.1.0.202410251130/tools/bin/../lib/gcc/arm-none-eabi/12.3.1/thumb/v7e-m+fp/hard/crtbegin.o
                [!provide]                        PROVIDE (__fini_array_end = .)
                0x08007a44                        . = ALIGN (0x4)
                0x08007a44                        _sidata = LOADADDR (.data)

.rel.dyn        0x08007a44        0x0
 .rel.iplt      0x08007a44        0x0 C:/ST/STM32CubeIDE_1.17.0/STM32CubeIDE/plugins/com.st.stm32cube.ide.mcu.externaltools.gnu-tools-for-stm32.12.3.rel1.win32_1.1.0.202410251130/tools/bin/../lib/gcc/arm-none-eabi/12.3.1/thumb/v7e-m+fp/hard/crtbegin.o

.data           0x20000000       0xfc load address 0x08007a44
                0x20000000                        . = ALIGN (0x4)
                0x20000000                        _sdata = .
 *(.data)
 *(.data*)
 .data.SystemCoreClock
                0x20000000        0x4 ./Core/Src/system_stm32f4xx.o
                0x20000000                SystemCoreClock
 .data.uwTickPrio
                0x20000004        0x4 ./Drivers/STM32F4xx_HAL_Driver/Src/stm32f4xx_hal.o
                0x20000004                uwTickPrio
 .data.uwTickFreq
                0x20000008        0x1 ./Drivers/STM32F4xx_HAL_Driver/Src/stm32f4xx_hal.o
                0x20000008                uwTickFreq
 *fill*         0x20000009        0x3 
 .data.USBD_CDC_DeviceQualifierDesc
                0x2000000c        0xa ./Middlewares/ST/STM32_USB_Device_Library/Class/CDC/Src/usbd_cdc.o
 *fill*         0x20000016        0x2 
 .data.USBD_CDC
                0x20000018       0x38 ./Middlewares/ST/STM32_USB_Device_Library/Class/CDC/Src/usbd_cdc.o
                0x20000018                USBD_CDC
 .data.USBD_CDC_CfgDesc
                0x20000050       0x43 ./Middlewares/ST/STM32_USB_Device_Library/Class/CDC/Src/usbd_cdc.o
 .data.CDCInEpAdd
                0x20000093        0x1 ./Middlewares/ST/STM32_USB_Device_Library/Class/CDC/Src/usbd_cdc.o
 .data.CDCOutEpAdd
                0x20000094        0x1 ./Middlewares/ST/STM32_USB_Device_Library/Class/CDC/Src/usbd_cdc.o
 .data.CDCCmdEpAdd
                0x20000095        0x1 ./Middlewares/ST/STM32_USB_Device_Library/Class/CDC/Src/usbd_cdc.o
 *fill*         0x20000096        0x2 
 .data.USBD_Interface_fops_FS
                0x20000098       0x14 ./USB_DEVICE/App/usbd_cdc_if.o
                0x20000098                USBD_Interface_fops_FS
 .data.FS_Desc  0x200000ac       0x1c ./USB_DEVICE/App/usbd_desc.o
                0x200000ac                FS_Desc
 .data.USBD_FS_DeviceDesc
                0x200000c8       0x12 ./USB_DEVICE/App/usbd_desc.o
                0x200000c8                USBD_FS_DeviceDesc
 *fill*         0x200000da        0x2 
 .data.USBD_LangIDDesc
                0x200000dc        0x4 ./USB_DEVICE/App/usbd_desc.o
                0x200000dc                USBD_LangIDDesc
 .data.USBD_StringSerial
                0x200000e0       0x1a ./USB_DEVICE/App/usbd_desc.o
                0x200000e0                USBD_StringSerial
 *(.RamFunc)
 *(.RamFunc*)
                0x200000fc                        . = ALIGN (0x4)
 *fill*         0x200000fa        0x2 
                0x200000fc                        _edata = .

.igot.plt       0x200000fc        0x0 load address 0x08007b40
 .igot.plt      0x200000fc        0x0 C:/ST/STM32CubeIDE_1.17.0/STM32CubeIDE/plugins/com.st.stm32cube.ide.mcu.externaltools.gnu-tools-for-stm32.12.3.rel1.win32_1.1.0.202410251130/tools/bin/../lib/gcc/arm-none-eabi/12.3.1/thumb/v7e-m+fp/hard/crtbegin.o
                0x200000fc                        . = ALIGN (0x4)

.bss            0x200000fc     0x145c load address 0x08007b40
                0x200000fc                        _sbss = .
                0x200000fc                        __bss_start__ = _sbss
 *(.bss)
 .bss           0x200000fc       0x1c C:/ST/STM32CubeIDE_1.17.0/STM32CubeIDE/plugins/com.st.stm32cube.ide.mcu.externaltools.gnu-tools-for-stm32.12.3.rel1.win32_1.1.0.202410251130/tools/bin/../lib/gcc/arm-none-eabi/12.3.1/thumb/v7e-m+fp/hard/crtbegin.o
 *(.bss*)
 .bss.hspi1     0x20000118       0x58 ./Core/Src/spi.o
                0x20000118                hspi1
 .bss.uwTick    0x20000170        0x4 ./Drivers/STM32F4xx_HAL_Driver/Src/stm32f4xx_hal.o
                0x20000170                uwTick
 .bss.cfgidx.0  0x20000174        0x1 ./Middlewares/ST/STM32_USB_Device_Library/Core/Src/usbd_ctlreq.o
 *fill*         0x20000175        0x3 
 .bss.hUsbDeviceFS
                0x20000178      0x2dc ./USB_DEVICE/App/usb_device.o
                0x20000178                hUsbDeviceFS
 .bss.UserRxBufferFS
                0x20000454      0x400 ./USB_DEVICE/App/usbd_cdc_if.o
                0x20000454                UserRxBufferFS
 .bss.UserTxBufferFS
                0x20000854      0x400 ./USB_DEVICE/App/usbd_cdc_if.o
                0x20000854                UserTxBufferFS
 .bss.USBD_StrDesc
                0x20000c54      0x200 ./USB_DEVICE/App/usbd_desc.o
                0x20000c54                USBD_StrDesc
 .bss.hpcd_USB_OTG_FS
                0x20000e54      0x4e4 ./USB_DEVICE/Target/usbd_conf.o
                0x20000e54                hpcd_USB_OTG_FS
 .bss.mem.0     0x20001338      0x220 ./USB_DEVICE/Target/usbd_conf.o
 *(COMMON)
                0x20001558                        . = ALIGN (0x4)
                0x20001558                        _ebss = .
                0x20001558                        __bss_end__ = _ebss

._user_heap_stack
                0x20001558      0x600 load address 0x08007b40
                0x20001558                        . = ALIGN (0x8)
                [!provide]                        PROVIDE (end = .)
                0x20001558                        PROVIDE (_end = .)
                0x20001758                        . = (. + _Min_Heap_Size)
 *fill*         0x20001558      0x200 
                0x20001b58                        . = (. + _Min_Stack_Size)
 *fill*         0x20001758      0x400 
                0x20001b58                        . = ALIGN (0x8)

/DISCARD/
 libc.a(*)
 libm.a(*)
 libgcc.a(*)

.ARM.attributes
                0x00000000       0x30
 *(.ARM.attributes)
 .ARM.attributes
                0x00000000       0x22 C:/ST/STM32CubeIDE_1.17.0/STM32CubeIDE/plugins/com.st.stm32cube.ide.mcu.externaltools.gnu-tools-for-stm32.12.3.rel1.win32_1.1.0.202410251130/tools/bin/../lib/gcc/arm-none-eabi/12.3.1/thumb/v7e-m+fp/hard/crti.o
 .ARM.attributes
                0x00000022       0x34 C:/ST/STM32CubeIDE_1.17.0/STM32CubeIDE/plugins/com.st.stm32cube.ide.mcu.externaltools.gnu-tools-for-stm32.12.3.rel1.win32_1.1.0.202410251130/tools/bin/../lib/gcc/arm-none-eabi/12.3.1/thumb/v7e-m+fp/hard/crtbegin.o
 .ARM.attributes
                0x00000056       0x34 ./Core/Src/gpio.o
 .ARM.attributes
                0x0000008a       0x34 ./Core/Src/main.o
 .ARM.attributes
                0x000000be       0x34 ./Core/Src/spi.o
 .ARM.attributes
                0x000000f2       0x34 ./Core/Src/stm32f4xx_hal_msp.o
 .ARM.attributes
                0x00000126       0x34 ./Core/Src/stm32f4xx_it.o
 .ARM.attributes
                0x0000015a       0x34 ./Core/Src/system_stm32f4xx.o
 .ARM.attributes
                0x0000018e       0x34 ./Core/Src/rpi-display/rpi-display.o
 .ARM.attributes
                0x000001c2       0x21 ./Core/Startup/startup_stm32f401ccux.o
 .ARM.attributes
                0x000001e3       0x34 ./Drivers/STM32F4xx_HAL_Driver/Src/stm32f4xx_hal.o
 .ARM.attributes
                0x00000217       0x34 ./Drivers/STM32F4xx_HAL_Driver/Src/stm32f4xx_hal_cortex.o
 .ARM.attributes
                0x0000024b       0x34 ./Drivers/STM32F4xx_HAL_Driver/Src/stm32f4xx_hal_gpio.o
 .ARM.attributes
                0x0000027f       0x34 ./Drivers/STM32F4xx_HAL_Driver/Src/stm32f4xx_hal_pcd.o
 .ARM.attributes
                0x000002b3       0x34 ./Drivers/STM32F4xx_HAL_Driver/Src/stm32f4xx_hal_pcd_ex.o
 .ARM.attributes
                0x000002e7       0x34 ./Drivers/STM32F4xx_HAL_Driver/Src/stm32f4xx_hal_rcc.o
 .ARM.attributes
                0x0000031b       0x34 ./Drivers/STM32F4xx_HAL_Driver/Src/stm32f4xx_hal_spi.o
 .ARM.attributes
                0x0000034f       0x34 ./Drivers/STM32F4xx_HAL_Driver/Src/stm32f4xx_ll_usb.o
 .ARM.attributes
                0x00000383       0x34 ./Middlewares/ST/STM32_USB_Device_Library/Class/CDC/Src/usbd_cdc.o
 .ARM.attributes
                0x000003b7       0x34 ./Middlewares/ST/STM32_USB_Device_Library/Core/Src/usbd_core.o
 .ARM.attributes
                0x000003eb       0x34 ./Middlewares/ST/STM32_USB_Device_Library/Core/Src/usbd_ctlreq.o
 .ARM.attributes
                0x0000041f       0x34 ./Middlewares/ST/STM32_USB_Device_Library/Core/Src/usbd_ioreq.o
 .ARM.attributes
                0x00000453       0x34 ./USB_DEVICE/App/usb_device.o
 .ARM.attributes
                0x00000487       0x34 ./USB_DEVICE/App/usbd_cdc_if.o
 .ARM.attributes
                0x000004bb       0x34 ./USB_DEVICE/App/usbd_desc.o
 .ARM.attributes
                0x000004ef       0x34 ./USB_DEVICE/Target/usbd_conf.o
 .ARM.attributes
                0x00000523       0x34 C:/ST/STM32CubeIDE_1.17.0/STM32CubeIDE/plugins/com.st.stm32cube.ide.mcu.externaltools.gnu-tools-for-stm32.12.3.rel1.win32_1.1.0.202410251130/tools/bin/../lib/gcc/arm-none-eabi/12.3.1/../../../../arm-none-eabi/lib/thumb/v7e-m+fp/hard\libc_nano.a(libc_a-memset.o)
 .ARM.attributes
                0x00000557       0x34 C:/ST/STM32CubeIDE_1.17.0/STM32CubeIDE/plugins/com.st.stm32cube.ide.mcu.externaltools.gnu-tools-for-stm32.12.3.rel1.win32_1.1.0.202410251130/tools/bin/../lib/gcc/arm-none-eabi/12.3.1/../../../../arm-none-eabi/lib/thumb/v7e-m+fp/hard\libc_nano.a(libc_a-init.o)
 .ARM.attributes
                0x0000058b       0x22 C:/ST/STM32CubeIDE_1.17.0/STM32CubeIDE/plugins/com.st.stm32cube.ide.mcu.externaltools.gnu-tools-for-stm32.12.3.rel1.win32_1.1.0.202410251130/tools/bin/../lib/gcc/arm-none-eabi/12.3.1/thumb/v7e-m+fp/hard\libgcc.a(_aeabi_uldivmod.o)
 .ARM.attributes
                0x000005ad       0x34 C:/ST/STM32CubeIDE_1.17.0/STM32CubeIDE/plugins/com.st.stm32cube.ide.mcu.externaltools.gnu-tools-for-stm32.12.3.rel1.win32_1.1.0.202410251130/tools/bin/../lib/gcc/arm-none-eabi/12.3.1/thumb/v7e-m+fp/hard\libgcc.a(_udivmoddi4.o)
 .ARM.attributes
                0x000005e1       0x22 C:/ST/STM32CubeIDE_1.17.0/STM32CubeIDE/plugins/com.st.stm32cube.ide.mcu.externaltools.gnu-tools-for-stm32.12.3.rel1.win32_1.1.0.202410251130/tools/bin/../lib/gcc/arm-none-eabi/12.3.1/thumb/v7e-m+fp/hard\libgcc.a(_dvmd_tls.o)
 .ARM.attributes
                0x00000603       0x22 C:/ST/STM32CubeIDE_1.17.0/STM32CubeIDE/plugins/com.st.stm32cube.ide.mcu.externaltools.gnu-tools-for-stm32.12.3.rel1.win32_1.1.0.202410251130/tools/bin/../lib/gcc/arm-none-eabi/12.3.1/thumb/v7e-m+fp/hard/crtn.o
OUTPUT(stm32-spidisplay.elf elf32-littlearm)
LOAD linker stubs
LOAD C:/ST/STM32CubeIDE_1.17.0/STM32CubeIDE/plugins/com.st.stm32cube.ide.mcu.externaltools.gnu-tools-for-stm32.12.3.rel1.win32_1.1.0.202410251130/tools/bin/../lib/gcc/arm-none-eabi/12.3.1/../../../../arm-none-eabi/lib/thumb/v7e-m+fp/hard\libc.a
LOAD C:/ST/STM32CubeIDE_1.17.0/STM32CubeIDE/plugins/com.st.stm32cube.ide.mcu.externaltools.gnu-tools-for-stm32.12.3.rel1.win32_1.1.0.202410251130/tools/bin/../lib/gcc/arm-none-eabi/12.3.1/../../../../arm-none-eabi/lib/thumb/v7e-m+fp/hard\libm.a
LOAD C:/ST/STM32CubeIDE_1.17.0/STM32CubeIDE/plugins/com.st.stm32cube.ide.mcu.externaltools.gnu-tools-for-stm32.12.3.rel1.win32_1.1.0.202410251130/tools/bin/../lib/gcc/arm-none-eabi/12.3.1/thumb/v7e-m+fp/hard\libgcc.a

.debug_info     0x00000000    0x104ce
 .debug_info    0x00000000      0x433 ./Core/Src/gpio.o
 .debug_info    0x00000433      0x5f3 ./Core/Src/main.o
 .debug_info    0x00000a26      0x980 ./Core/Src/spi.o
 .debug_info    0x000013a6      0x291 ./Core/Src/stm32f4xx_hal_msp.o
 .debug_info    0x00001637      0x627 ./Core/Src/stm32f4xx_it.o
 .debug_info    0x00001c5e      0x53e ./Core/Src/system_stm32f4xx.o
 .debug_info    0x0000219c      0xf16 ./Core/Src/rpi-display/rpi-display.o
 .debug_info    0x000030b2       0x30 ./Core/Startup/startup_stm32f401ccux.o
 .debug_info    0x000030e2      0x8bb ./Drivers/STM32F4xx_HAL_Driver/Src/stm32f4xx_hal.o
 .debug_info    0x0000399d      0xcf6 ./Drivers/STM32F4xx_HAL_Driver/Src/stm32f4xx_hal_cortex.o
 .debug_info    0x00004693      0x6f9 ./Drivers/STM32F4xx_HAL_Driver/Src/stm32f4xx_hal_gpio.o
 .debug_info    0x00004d8c     0x1577 ./Drivers/STM32F4xx_HAL_Driver/Src/stm32f4xx_hal_pcd.o
 .debug_info    0x00006303      0x6ea ./Drivers/STM32F4xx_HAL_Driver/Src/stm32f4xx_hal_pcd_ex.o
 .debug_info    0x000069ed      0x8f1 ./Drivers/STM32F4xx_HAL_Driver/Src/stm32f4xx_hal_rcc.o
 .debug_info    0x000072de     0x1530 ./Drivers/STM32F4xx_HAL_Driver/Src/stm32f4xx_hal_spi.o
 .debug_info    0x0000880e     0x1993 ./Drivers/STM32F4xx_HAL_Driver/Src/stm32f4xx_ll_usb.o
 .debug_info    0x0000a1a1     0x12a3 ./Middlewares/ST/STM32_USB_Device_Library/Class/CDC/Src/usbd_cdc.o
 .debug_info    0x0000b444      0xe05 ./Middlewares/ST/STM32_USB_Device_Library/Core/Src/usbd_core.o
 .debug_info    0x0000c249      0xade ./Middlewares/ST/STM32_USB_Device_Library/Core/Src/usbd_ctlreq.o
 .debug_info    0x0000cd27      0x755 ./Middlewares/ST/STM32_USB_Device_Library/Core/Src/usbd_ioreq.o
 .debug_info    0x0000d47c      0x701 ./USB_DEVICE/App/usb_device.o
 .debug_info    0x0000db7d      0x8fa ./USB_DEVICE/App/usbd_cdc_if.o
 .debug_info    0x0000e477      0x458 ./USB_DEVICE/App/usbd_desc.o
 .debug_info    0x0000e8cf     0x1bff ./USB_DEVICE/Target/usbd_conf.o

.debug_abbrev   0x00000000     0x31ae
 .debug_abbrev  0x00000000      0x151 ./Core/Src/gpio.o
 .debug_abbrev  0x00000151      0x205 ./Core/Src/main.o
 .debug_abbrev  0x00000356      0x1f8 ./Core/Src/spi.o
 .debug_abbrev  0x0000054e       0xd8 ./Core/Src/stm32f4xx_hal_msp.o
 .debug_abbrev  0x00000626      0x1a4 ./Core/Src/stm32f4xx_it.o
 .debug_abbrev  0x000007ca      0x11a ./Core/Src/system_stm32f4xx.o
 .debug_abbrev  0x000008e4      0x253 ./Core/Src/rpi-display/rpi-display.o
 .debug_abbrev  0x00000b37       0x24 ./Core/Startup/startup_stm32f401ccux.o
 .debug_abbrev  0x00000b5b      0x24b ./Drivers/STM32F4xx_HAL_Driver/Src/stm32f4xx_hal.o
 .debug_abbrev  0x00000da6      0x31d ./Drivers/STM32F4xx_HAL_Driver/Src/stm32f4xx_hal_cortex.o
 .debug_abbrev  0x000010c3      0x1d3 ./Drivers/STM32F4xx_HAL_Driver/Src/stm32f4xx_hal_gpio.o
 .debug_abbrev  0x00001296      0x2b6 ./Drivers/STM32F4xx_HAL_Driver/Src/stm32f4xx_hal_pcd.o
 .debug_abbrev  0x0000154c      0x1da ./Drivers/STM32F4xx_HAL_Driver/Src/stm32f4xx_hal_pcd_ex.o
 .debug_abbrev  0x00001726      0x2b6 ./Drivers/STM32F4xx_HAL_Driver/Src/stm32f4xx_hal_rcc.o
 .debug_abbrev  0x000019dc      0x276 ./Drivers/STM32F4xx_HAL_Driver/Src/stm32f4xx_hal_spi.o
 .debug_abbrev  0x00001c52      0x2b3 ./Drivers/STM32F4xx_HAL_Driver/Src/stm32f4xx_ll_usb.o
 .debug_abbrev  0x00001f05      0x2d2 ./Middlewares/ST/STM32_USB_Device_Library/Class/CDC/Src/usbd_cdc.o
 .debug_abbrev  0x000021d7      0x27c ./Middlewares/ST/STM32_USB_Device_Library/Core/Src/usbd_core.o
 .debug_abbrev  0x00002453      0x26f ./Middlewares/ST/STM32_USB_Device_Library/Core/Src/usbd_ctlreq.o
 .debug_abbrev  0x000026c2      0x19a ./Middlewares/ST/STM32_USB_Device_Library/Core/Src/usbd_ioreq.o
 .debug_abbrev  0x0000285c      0x195 ./USB_DEVICE/App/usb_device.o
 .debug_abbrev  0x000029f1      0x29d ./USB_DEVICE/App/usbd_cdc_if.o
 .debug_abbrev  0x00002c8e      0x1e1 ./USB_DEVICE/App/usbd_desc.o
 .debug_abbrev  0x00002e6f      0x33f ./USB_DEVICE/Target/usbd_conf.o

.debug_aranges  0x00000000      0xe28
 .debug_aranges
                0x00000000       0x20 ./Core/Src/gpio.o
 .debug_aranges
                0x00000020       0x30 ./Core/Src/main.o
 .debug_aranges
                0x00000050       0x30 ./Core/Src/spi.o
 .debug_aranges
                0x00000080       0x20 ./Core/Src/stm32f4xx_hal_msp.o
 .debug_aranges
                0x000000a0       0x68 ./Core/Src/stm32f4xx_it.o
 .debug_aranges
                0x00000108       0x28 ./Core/Src/system_stm32f4xx.o
 .debug_aranges
                0x00000130       0xc0 ./Core/Src/rpi-display/rpi-display.o
 .debug_aranges
                0x000001f0       0x28 ./Core/Startup/startup_stm32f401ccux.o
 .debug_aranges
                0x00000218       0xf0 ./Drivers/STM32F4xx_HAL_Driver/Src/stm32f4xx_hal.o
 .debug_aranges
                0x00000308      0x130 ./Drivers/STM32F4xx_HAL_Driver/Src/stm32f4xx_hal_cortex.o
 .debug_aranges
                0x00000438       0x58 ./Drivers/STM32F4xx_HAL_Driver/Src/stm32f4xx_hal_gpio.o
 .debug_aranges
                0x00000490      0x148 ./Drivers/STM32F4xx_HAL_Driver/Src/stm32f4xx_hal_pcd.o
 .debug_aranges
                0x000005d8       0x38 ./Drivers/STM32F4xx_HAL_Driver/Src/stm32f4xx_hal_pcd_ex.o
 .debug_aranges
                0x00000610       0x88 ./Drivers/STM32F4xx_HAL_Driver/Src/stm32f4xx_hal_rcc.o
 .debug_aranges
                0x00000698      0x1d0 ./Drivers/STM32F4xx_HAL_Driver/Src/stm32f4xx_hal_spi.o
 .debug_aranges
                0x00000868      0x1a0 ./Drivers/STM32F4xx_HAL_Driver/Src/stm32f4xx_ll_usb.o
 .debug_aranges
                0x00000a08       0x90 ./Middlewares/ST/STM32_USB_Device_Library/Class/CDC/Src/usbd_cdc.o
 .debug_aranges
                0x00000a98       0xd8 ./Middlewares/ST/STM32_USB_Device_Library/Core/Src/usbd_core.o
 .debug_aranges
                0x00000b70       0x90 ./Middlewares/ST/STM32_USB_Device_Library/Core/Src/usbd_ctlreq.o
 .debug_aranges
                0x00000c00       0x50 ./Middlewares/ST/STM32_USB_Device_Library/Core/Src/usbd_ioreq.o
 .debug_aranges
                0x00000c50       0x20 ./USB_DEVICE/App/usb_device.o
 .debug_aranges
                0x00000c70       0x48 ./USB_DEVICE/App/usbd_cdc_if.o
 .debug_aranges
                0x00000cb8       0x60 ./USB_DEVICE/App/usbd_desc.o
 .debug_aranges
                0x00000d18      0x110 ./USB_DEVICE/Target/usbd_conf.o

.debug_rnglists
                0x00000000      0xa80
 .debug_rnglists
                0x00000000       0x14 ./Core/Src/gpio.o
 .debug_rnglists
                0x00000014       0x21 ./Core/Src/main.o
 .debug_rnglists
                0x00000035       0x20 ./Core/Src/spi.o
 .debug_rnglists
                0x00000055       0x13 ./Core/Src/stm32f4xx_hal_msp.o
 .debug_rnglists
                0x00000068       0x49 ./Core/Src/stm32f4xx_it.o
 .debug_rnglists
                0x000000b1       0x1a ./Core/Src/system_stm32f4xx.o
 .debug_rnglists
                0x000000cb       0x8f ./Core/Src/rpi-display/rpi-display.o
 .debug_rnglists
                0x0000015a       0x19 ./Core/Startup/startup_stm32f401ccux.o
 .debug_rnglists
                0x00000173       0xaf ./Drivers/STM32F4xx_HAL_Driver/Src/stm32f4xx_hal.o
 .debug_rnglists
                0x00000222       0xe0 ./Drivers/STM32F4xx_HAL_Driver/Src/stm32f4xx_hal_cortex.o
 .debug_rnglists
                0x00000302       0x3f ./Drivers/STM32F4xx_HAL_Driver/Src/stm32f4xx_hal_gpio.o
 .debug_rnglists
                0x00000341       0xfa ./Drivers/STM32F4xx_HAL_Driver/Src/stm32f4xx_hal_pcd.o
 .debug_rnglists
                0x0000043b       0x26 ./Drivers/STM32F4xx_HAL_Driver/Src/stm32f4xx_hal_pcd_ex.o
 .debug_rnglists
                0x00000461       0x66 ./Drivers/STM32F4xx_HAL_Driver/Src/stm32f4xx_hal_rcc.o
 .debug_rnglists
                0x000004c7      0x16f ./Drivers/STM32F4xx_HAL_Driver/Src/stm32f4xx_hal_spi.o
 .debug_rnglists
                0x00000636      0x147 ./Drivers/STM32F4xx_HAL_Driver/Src/stm32f4xx_ll_usb.o
 .debug_rnglists
                0x0000077d       0x6c ./Middlewares/ST/STM32_USB_Device_Library/Class/CDC/Src/usbd_cdc.o
 .debug_rnglists
                0x000007e9       0xa1 ./Middlewares/ST/STM32_USB_Device_Library/Core/Src/usbd_core.o
 .debug_rnglists
                0x0000088a       0x6e ./Middlewares/ST/STM32_USB_Device_Library/Core/Src/usbd_ctlreq.o
 .debug_rnglists
                0x000008f8       0x37 ./Middlewares/ST/STM32_USB_Device_Library/Core/Src/usbd_ioreq.o
 .debug_rnglists
                0x0000092f       0x13 ./USB_DEVICE/App/usb_device.o
 .debug_rnglists
                0x00000942       0x32 ./USB_DEVICE/App/usbd_cdc_if.o
 .debug_rnglists
                0x00000974       0x43 ./USB_DEVICE/App/usbd_desc.o
 .debug_rnglists
                0x000009b7       0xc9 ./USB_DEVICE/Target/usbd_conf.o

.debug_macro    0x00000000    0x185b9
 .debug_macro   0x00000000      0x1f7 ./Core/Src/gpio.o
 .debug_macro   0x000001f7      0xab4 ./Core/Src/gpio.o
 .debug_macro   0x00000cab      0x29b ./Core/Src/gpio.o
 .debug_macro   0x00000f46       0x2e ./Core/Src/gpio.o
 .debug_macro   0x00000f74       0x28 ./Core/Src/gpio.o
 .debug_macro   0x00000f9c       0x22 ./Core/Src/gpio.o
 .debug_macro   0x00000fbe       0x8e ./Core/Src/gpio.o
 .debug_macro   0x0000104c       0x51 ./Core/Src/gpio.o
 .debug_macro   0x0000109d      0x103 ./Core/Src/gpio.o
 .debug_macro   0x000011a0       0x6a ./Core/Src/gpio.o
 .debug_macro   0x0000120a      0x1df ./Core/Src/gpio.o
 .debug_macro   0x000013e9       0x1c ./Core/Src/gpio.o
 .debug_macro   0x00001405       0x22 ./Core/Src/gpio.o
 .debug_macro   0x00001427       0xfb ./Core/Src/gpio.o
 .debug_macro   0x00001522     0x1011 ./Core/Src/gpio.o
 .debug_macro   0x00002533      0x11f ./Core/Src/gpio.o
 .debug_macro   0x00002652     0xb86c ./Core/Src/gpio.o
 .debug_macro   0x0000debe       0x6d ./Core/Src/gpio.o
 .debug_macro   0x0000df2b     0x369a ./Core/Src/gpio.o
 .debug_macro   0x000115c5      0x189 ./Core/Src/gpio.o
 .debug_macro   0x0001174e       0x5c ./Core/Src/gpio.o
 .debug_macro   0x000117aa      0x416 ./Core/Src/gpio.o
 .debug_macro   0x00011bc0      0x9e9 ./Core/Src/gpio.o
 .debug_macro   0x000125a9      0x115 ./Core/Src/gpio.o
 .debug_macro   0x000126be       0xf8 ./Core/Src/gpio.o
 .debug_macro   0x000127b6       0xa5 ./Core/Src/gpio.o
 .debug_macro   0x0001285b      0x15f ./Core/Src/gpio.o
 .debug_macro   0x000129ba      0x287 ./Core/Src/gpio.o
 .debug_macro   0x00012c41       0x5f ./Core/Src/gpio.o
 .debug_macro   0x00012ca0      0x236 ./Core/Src/gpio.o
 .debug_macro   0x00012ed6      0x132 ./Core/Src/gpio.o
 .debug_macro   0x00013008      0x23a ./Core/Src/gpio.o
 .debug_macro   0x00013242       0x2e ./Core/Src/gpio.o
 .debug_macro   0x00013270      0x127 ./Core/Src/gpio.o
 .debug_macro   0x00013397       0x85 ./Core/Src/gpio.o
 .debug_macro   0x0001341c       0x89 ./Core/Src/gpio.o
 .debug_macro   0x000134a5      0x225 ./Core/Src/gpio.o
 .debug_macro   0x000136ca      0x293 ./Core/Src/gpio.o
 .debug_macro   0x0001395d       0xba ./Core/Src/gpio.o
 .debug_macro   0x00013a17      0x126 ./Core/Src/gpio.o
 .debug_macro   0x00013b3d       0x28 ./Core/Src/gpio.o
 .debug_macro   0x00013b65      0x373 ./Core/Src/main.o
 .debug_macro   0x00013ed8       0x61 ./Core/Src/main.o
 .debug_macro   0x00013f39       0x2a ./Core/Src/main.o
 .debug_macro   0x00013f63       0x43 ./Core/Src/main.o
 .debug_macro   0x00013fa6       0x34 ./Core/Src/main.o
 .debug_macro   0x00013fda       0x16 ./Core/Src/main.o
 .debug_macro   0x00013ff0       0x35 ./Core/Src/main.o
 .debug_macro   0x00014025      0x369 ./Core/Src/main.o
 .debug_macro   0x0001438e       0x10 ./Core/Src/main.o
 .debug_macro   0x0001439e       0x16 ./Core/Src/main.o
 .debug_macro   0x000143b4       0x43 ./Core/Src/main.o
 .debug_macro   0x000143f7       0x34 ./Core/Src/main.o
 .debug_macro   0x0001442b       0x10 ./Core/Src/main.o
 .debug_macro   0x0001443b       0x58 ./Core/Src/main.o
 .debug_macro   0x00014493       0x8e ./Core/Src/main.o
 .debug_macro   0x00014521       0x1c ./Core/Src/main.o
 .debug_macro   0x0001453d      0x177 ./Core/Src/main.o
 .debug_macro   0x000146b4       0x16 ./Core/Src/main.o
 .debug_macro   0x000146ca       0x16 ./Core/Src/main.o
 .debug_macro   0x000146e0      0x146 ./Core/Src/main.o
 .debug_macro   0x00014826       0x16 ./Core/Src/main.o
 .debug_macro   0x0001483c       0x16 ./Core/Src/main.o
 .debug_macro   0x00014852       0x29 ./Core/Src/main.o
 .debug_macro   0x0001487b       0x16 ./Core/Src/main.o
 .debug_macro   0x00014891       0x20 ./Core/Src/main.o
 .debug_macro   0x000148b1       0x65 ./Core/Src/main.o
 .debug_macro   0x00014916      0x20f ./Core/Src/main.o
 .debug_macro   0x00014b25      0x1f7 ./Core/Src/spi.o
 .debug_macro   0x00014d1c      0x1ed ./Core/Src/stm32f4xx_hal_msp.o
 .debug_macro   0x00014f09      0x1f7 ./Core/Src/stm32f4xx_it.o
 .debug_macro   0x00015100      0x1de ./Core/Src/system_stm32f4xx.o
 .debug_macro   0x000152de      0x20d ./Core/Src/rpi-display/rpi-display.o
 .debug_macro   0x000154eb      0x23e ./Drivers/STM32F4xx_HAL_Driver/Src/stm32f4xx_hal.o
 .debug_macro   0x00015729      0x1de ./Drivers/STM32F4xx_HAL_Driver/Src/stm32f4xx_hal_cortex.o
 .debug_macro   0x00015907      0x1e4 ./Drivers/STM32F4xx_HAL_Driver/Src/stm32f4xx_hal_gpio.o
 .debug_macro   0x00015aeb      0x1ea ./Drivers/STM32F4xx_HAL_Driver/Src/stm32f4xx_hal_pcd.o
 .debug_macro   0x00015cd5      0x1de ./Drivers/STM32F4xx_HAL_Driver/Src/stm32f4xx_hal_pcd_ex.o
 .debug_macro   0x00015eb3      0x202 ./Drivers/STM32F4xx_HAL_Driver/Src/stm32f4xx_hal_rcc.o
 .debug_macro   0x000160b5      0x1ed ./Drivers/STM32F4xx_HAL_Driver/Src/stm32f4xx_hal_spi.o
 .debug_macro   0x000162a2      0x1de ./Drivers/STM32F4xx_HAL_Driver/Src/stm32f4xx_ll_usb.o
 .debug_macro   0x00016480      0x37c ./Middlewares/ST/STM32_USB_Device_Library/Class/CDC/Src/usbd_cdc.o
 .debug_macro   0x000167fc       0x9e ./Middlewares/ST/STM32_USB_Device_Library/Class/CDC/Src/usbd_cdc.o
 .debug_macro   0x0001689a      0x10b ./Middlewares/ST/STM32_USB_Device_Library/Class/CDC/Src/usbd_cdc.o
 .debug_macro   0x000169a5       0x56 ./Middlewares/ST/STM32_USB_Device_Library/Class/CDC/Src/usbd_cdc.o
 .debug_macro   0x000169fb       0x95 ./Middlewares/ST/STM32_USB_Device_Library/Class/CDC/Src/usbd_cdc.o
 .debug_macro   0x00016a90      0x363 ./Middlewares/ST/STM32_USB_Device_Library/Core/Src/usbd_core.o
 .debug_macro   0x00016df3      0x215 ./Middlewares/ST/STM32_USB_Device_Library/Core/Src/usbd_core.o
 .debug_macro   0x00017008      0x36d ./Middlewares/ST/STM32_USB_Device_Library/Core/Src/usbd_ctlreq.o
 .debug_macro   0x00017375      0x369 ./Middlewares/ST/STM32_USB_Device_Library/Core/Src/usbd_ioreq.o
 .debug_macro   0x000176de      0x39c ./USB_DEVICE/App/usb_device.o
 .debug_macro   0x00017a7a       0x2e ./USB_DEVICE/App/usb_device.o
 .debug_macro   0x00017aa8       0x22 ./USB_DEVICE/App/usb_device.o
 .debug_macro   0x00017aca       0x16 ./USB_DEVICE/App/usb_device.o
 .debug_macro   0x00017ae0      0x387 ./USB_DEVICE/App/usbd_cdc_if.o
 .debug_macro   0x00017e67       0x10 ./USB_DEVICE/App/usbd_cdc_if.o
 .debug_macro   0x00017e77      0x3a6 ./USB_DEVICE/App/usbd_desc.o
 .debug_macro   0x0001821d       0x1c ./USB_DEVICE/App/usbd_desc.o
 .debug_macro   0x00018239      0x380 ./USB_DEVICE/Target/usbd_conf.o

.debug_line     0x00000000    0x12df4
 .debug_line    0x00000000      0x76c ./Core/Src/gpio.o
 .debug_line    0x0000076c      0xa70 ./Core/Src/main.o
 .debug_line    0x000011dc      0x7cd ./Core/Src/spi.o
 .debug_line    0x000019a9      0x75b ./Core/Src/stm32f4xx_hal_msp.o
 .debug_line    0x00002104      0x836 ./Core/Src/stm32f4xx_it.o
 .debug_line    0x0000293a      0x7e0 ./Core/Src/system_stm32f4xx.o
 .debug_line    0x0000311a      0xb0f ./Core/Src/rpi-display/rpi-display.o
 .debug_line    0x00003c29       0x7a ./Core/Startup/startup_stm32f401ccux.o
 .debug_line    0x00003ca3      0xa49 ./Drivers/STM32F4xx_HAL_Driver/Src/stm32f4xx_hal.o
 .debug_line    0x000046ec      0xd3b ./Drivers/STM32F4xx_HAL_Driver/Src/stm32f4xx_hal_cortex.o
 .debug_line    0x00005427      0xb99 ./Drivers/STM32F4xx_HAL_Driver/Src/stm32f4xx_hal_gpio.o
 .debug_line    0x00005fc0     0x1532 ./Drivers/STM32F4xx_HAL_Driver/Src/stm32f4xx_hal_pcd.o
 .debug_line    0x000074f2      0x826 ./Drivers/STM32F4xx_HAL_Driver/Src/stm32f4xx_hal_pcd_ex.o
 .debug_line    0x00007d18      0xdd2 ./Drivers/STM32F4xx_HAL_Driver/Src/stm32f4xx_hal_rcc.o
 .debug_line    0x00008aea     0x1d67 ./Drivers/STM32F4xx_HAL_Driver/Src/stm32f4xx_hal_spi.o
 .debug_line    0x0000a851     0x1dc8 ./Drivers/STM32F4xx_HAL_Driver/Src/stm32f4xx_ll_usb.o
 .debug_line    0x0000c619      0xedf ./Middlewares/ST/STM32_USB_Device_Library/Class/CDC/Src/usbd_cdc.o
 .debug_line    0x0000d4f8      0xf59 ./Middlewares/ST/STM32_USB_Device_Library/Core/Src/usbd_core.o
 .debug_line    0x0000e451     0x1169 ./Middlewares/ST/STM32_USB_Device_Library/Core/Src/usbd_ctlreq.o
 .debug_line    0x0000f5ba      0xa73 ./Middlewares/ST/STM32_USB_Device_Library/Core/Src/usbd_ioreq.o
 .debug_line    0x0001002d      0xa2f ./USB_DEVICE/App/usb_device.o
 .debug_line    0x00010a5c      0xa92 ./USB_DEVICE/App/usbd_cdc_if.o
 .debug_line    0x000114ee      0xaf8 ./USB_DEVICE/App/usbd_desc.o
 .debug_line    0x00011fe6      0xe0e ./USB_DEVICE/Target/usbd_conf.o

.debug_str      0x00000000    0x8844c
 .debug_str     0x00000000    0x7fc9b ./Core/Src/gpio.o
                              0x7ff25 (size before relaxing)
 .debug_str     0x0007fc9b     0x44c4 ./Core/Src/main.o
                              0x8438e (size before relaxing)
 .debug_str     0x0008415f      0x42a ./Core/Src/spi.o
                              0x803b1 (size before relaxing)
 .debug_str     0x00084589       0x2c ./Core/Src/stm32f4xx_hal_msp.o
                              0x7fe5a (size before relaxing)
 .debug_str     0x000845b5      0x460 ./Core/Src/stm32f4xx_it.o
                              0x80201 (size before relaxing)
 .debug_str     0x00084a15       0xdb ./Core/Src/system_stm32f4xx.o
                              0x7fe69 (size before relaxing)
 .debug_str     0x00084af0      0x18e ./Core/Src/rpi-display/rpi-display.o
                              0x80459 (size before relaxing)
 .debug_str     0x00084c7e       0x44 ./Core/Startup/startup_stm32f401ccux.o
                                 0x88 (size before relaxing)
 .debug_str     0x00084cc2      0x9a4 ./Drivers/STM32F4xx_HAL_Driver/Src/stm32f4xx_hal.o
                              0x8088b (size before relaxing)
 .debug_str     0x00085666      0x392 ./Drivers/STM32F4xx_HAL_Driver/Src/stm32f4xx_hal_cortex.o
                              0x805f5 (size before relaxing)
 .debug_str     0x000859f8      0x121 ./Drivers/STM32F4xx_HAL_Driver/Src/stm32f4xx_hal_gpio.o
                              0x7ffe4 (size before relaxing)
 .debug_str     0x00085b19      0x831 ./Drivers/STM32F4xx_HAL_Driver/Src/stm32f4xx_hal_pcd.o
                              0x80935 (size before relaxing)
 .debug_str     0x0008634a      0x115 ./Drivers/STM32F4xx_HAL_Driver/Src/stm32f4xx_hal_pcd_ex.o
                              0x80225 (size before relaxing)
 .debug_str     0x0008645f      0x21f ./Drivers/STM32F4xx_HAL_Driver/Src/stm32f4xx_hal_rcc.o
                              0x8029d (size before relaxing)
 .debug_str     0x0008667e      0x58a ./Drivers/STM32F4xx_HAL_Driver/Src/stm32f4xx_hal_spi.o
                              0x80715 (size before relaxing)
 .debug_str     0x00086c08      0x4b0 ./Drivers/STM32F4xx_HAL_Driver/Src/stm32f4xx_ll_usb.o
                              0x80810 (size before relaxing)
 .debug_str     0x000870b8      0xa2e ./Middlewares/ST/STM32_USB_Device_Library/Class/CDC/Src/usbd_cdc.o
                              0x84ec9 (size before relaxing)
 .debug_str     0x00087ae6      0x35c ./Middlewares/ST/STM32_USB_Device_Library/Core/Src/usbd_core.o
                              0x84822 (size before relaxing)
 .debug_str     0x00087e42      0x139 ./Middlewares/ST/STM32_USB_Device_Library/Core/Src/usbd_ctlreq.o
                              0x8464d (size before relaxing)
 .debug_str     0x00087f7b       0x51 ./Middlewares/ST/STM32_USB_Device_Library/Core/Src/usbd_ioreq.o
                              0x84522 (size before relaxing)
 .debug_str     0x00087fcc      0x105 ./USB_DEVICE/App/usb_device.o
                              0x848d5 (size before relaxing)
 .debug_str     0x000880d1       0x9a ./USB_DEVICE/App/usbd_cdc_if.o
                              0x84915 (size before relaxing)
 .debug_str     0x0008816b      0x26e ./USB_DEVICE/App/usbd_desc.o
                              0x84422 (size before relaxing)
 .debug_str     0x000883d9       0x73 ./USB_DEVICE/Target/usbd_conf.o
                              0x855c7 (size before relaxing)

.comment        0x00000000       0x43
 .comment       0x00000000       0x43 ./Core/Src/gpio.o
                                 0x44 (size before relaxing)
 .comment       0x00000043       0x44 ./Core/Src/main.o
 .comment       0x00000043       0x44 ./Core/Src/spi.o
 .comment       0x00000043       0x44 ./Core/Src/stm32f4xx_hal_msp.o
 .comment       0x00000043       0x44 ./Core/Src/stm32f4xx_it.o
 .comment       0x00000043       0x44 ./Core/Src/system_stm32f4xx.o
 .comment       0x00000043       0x44 ./Core/Src/rpi-display/rpi-display.o
 .comment       0x00000043       0x44 ./Drivers/STM32F4xx_HAL_Driver/Src/stm32f4xx_hal.o
 .comment       0x00000043       0x44 ./Drivers/STM32F4xx_HAL_Driver/Src/stm32f4xx_hal_cortex.o
 .comment       0x00000043       0x44 ./Drivers/STM32F4xx_HAL_Driver/Src/stm32f4xx_hal_gpio.o
 .comment       0x00000043       0x44 ./Drivers/STM32F4xx_HAL_Driver/Src/stm32f4xx_hal_pcd.o
 .comment       0x00000043       0x44 ./Drivers/STM32F4xx_HAL_Driver/Src/stm32f4xx_hal_pcd_ex.o
 .comment       0x00000043       0x44 ./Drivers/STM32F4xx_HAL_Driver/Src/stm32f4xx_hal_rcc.o
 .comment       0x00000043       0x44 ./Drivers/STM32F4xx_HAL_Driver/Src/stm32f4xx_hal_spi.o
 .comment       0x00000043       0x44 ./Drivers/STM32F4xx_HAL_Driver/Src/stm32f4xx_ll_usb.o
 .comment       0x00000043       0x44 ./Middlewares/ST/STM32_USB_Device_Library/Class/CDC/Src/usbd_cdc.o
 .comment       0x00000043       0x44 ./Middlewares/ST/STM32_USB_Device_Library/Core/Src/usbd_core.o
 .comment       0x00000043       0x44 ./Middlewares/ST/STM32_USB_Device_Library/Core/Src/usbd_ctlreq.o
 .comment       0x00000043       0x44 ./Middlewares/ST/STM32_USB_Device_Library/Core/Src/usbd_ioreq.o
 .comment       0x00000043       0x44 ./USB_DEVICE/App/usb_device.o
 .comment       0x00000043       0x44 ./USB_DEVICE/App/usbd_cdc_if.o
 .comment       0x00000043       0x44 ./USB_DEVICE/App/usbd_desc.o
 .comment       0x00000043       0x44 ./USB_DEVICE/Target/usbd_conf.o

.debug_frame    0x00000000     0x3890
 .debug_frame   0x00000000       0x34 ./Core/Src/gpio.o
 .debug_frame   0x00000034       0x6c ./Core/Src/main.o
 .debug_frame   0x000000a0       0x74 ./Core/Src/spi.o
 .debug_frame   0x00000114       0x38 ./Core/Src/stm32f4xx_hal_msp.o
 .debug_frame   0x0000014c      0x120 ./Core/Src/stm32f4xx_it.o
 .debug_frame   0x0000026c       0x58 ./Core/Src/system_stm32f4xx.o
 .debug_frame   0x000002c4      0x314 ./Core/Src/rpi-display/rpi-display.o
 .debug_frame   0x000005d8      0x374 ./Drivers/STM32F4xx_HAL_Driver/Src/stm32f4xx_hal.o
 .debug_frame   0x0000094c      0x508 ./Drivers/STM32F4xx_HAL_Driver/Src/stm32f4xx_hal_cortex.o
 .debug_frame   0x00000e54      0x14c ./Drivers/STM32F4xx_HAL_Driver/Src/stm32f4xx_hal_gpio.o
 .debug_frame   0x00000fa0      0x5b8 ./Drivers/STM32F4xx_HAL_Driver/Src/stm32f4xx_hal_pcd.o
 .debug_frame   0x00001558       0xb0 ./Drivers/STM32F4xx_HAL_Driver/Src/stm32f4xx_hal_pcd_ex.o
 .debug_frame   0x00001608      0x1f4 ./Drivers/STM32F4xx_HAL_Driver/Src/stm32f4xx_hal_rcc.o
 .debug_frame   0x000017fc      0x828 ./Drivers/STM32F4xx_HAL_Driver/Src/stm32f4xx_hal_spi.o
 .debug_frame   0x00002024      0x7c0 ./Drivers/STM32F4xx_HAL_Driver/Src/stm32f4xx_ll_usb.o
 .debug_frame   0x000027e4      0x23c ./Middlewares/ST/STM32_USB_Device_Library/Class/CDC/Src/usbd_cdc.o
 .debug_frame   0x00002a20      0x390 ./Middlewares/ST/STM32_USB_Device_Library/Core/Src/usbd_core.o
 .debug_frame   0x00002db0      0x23c ./Middlewares/ST/STM32_USB_Device_Library/Core/Src/usbd_ctlreq.o
 .debug_frame   0x00002fec      0x10c ./Middlewares/ST/STM32_USB_Device_Library/Core/Src/usbd_ioreq.o
 .debug_frame   0x000030f8       0x2c ./USB_DEVICE/App/usb_device.o
 .debug_frame   0x00003124       0xe4 ./USB_DEVICE/App/usbd_cdc_if.o
 .debug_frame   0x00003208      0x160 ./USB_DEVICE/App/usbd_desc.o
 .debug_frame   0x00003368      0x47c ./USB_DEVICE/Target/usbd_conf.o
 .debug_frame   0x000037e4       0x20 C:/ST/STM32CubeIDE_1.17.0/STM32CubeIDE/plugins/com.st.stm32cube.ide.mcu.externaltools.gnu-tools-for-stm32.12.3.rel1.win32_1.1.0.202410251130/tools/bin/../lib/gcc/arm-none-eabi/12.3.1/../../../../arm-none-eabi/lib/thumb/v7e-m+fp/hard\libc_nano.a(libc_a-memset.o)
 .debug_frame   0x00003804       0x2c C:/ST/STM32CubeIDE_1.17.0/STM32CubeIDE/plugins/com.st.stm32cube.ide.mcu.externaltools.gnu-tools-for-stm32.12.3.rel1.win32_1.1.0.202410251130/tools/bin/../lib/gcc/arm-none-eabi/12.3.1/../../../../arm-none-eabi/lib/thumb/v7e-m+fp/hard\libc_nano.a(libc_a-init.o)
 .debug_frame   0x00003830       0x2c C:/ST/STM32CubeIDE_1.17.0/STM32CubeIDE/plugins/com.st.stm32cube.ide.mcu.externaltools.gnu-tools-for-stm32.12.3.rel1.win32_1.1.0.202410251130/tools/bin/../lib/gcc/arm-none-eabi/12.3.1/thumb/v7e-m+fp/hard\libgcc.a(_aeabi_uldivmod.o)
 .debug_frame   0x0000385c       0x34 C:/ST/STM32CubeIDE_1.17.0/STM32CubeIDE/plugins/com.st.stm32cube.ide.mcu.externaltools.gnu-tools-for-stm32.12.3.rel1.win32_1.1.0.202410251130/tools/bin/../lib/gcc/arm-none-eabi/12.3.1/thumb/v7e-m+fp/hard\libgcc.a(_udivmoddi4.o)

.debug_line_str
                0x00000000       0x6c
 .debug_line_str
                0x00000000       0x6c ./Core/Startup/startup_stm32f401ccux.o
