../Core/Src/rpi-display/rpi-display.c:18:6:startTransaction	8	static
../Core/Src/rpi-display/rpi-display.c:22:6:endTransaction	8	static
../Core/Src/rpi-display/rpi-display.c:26:6:dataOrRegister	16	static
../Core/Src/rpi-display/rpi-display.c:34:6:commandAndData	24	static
../Core/Src/rpi-display/rpi-display.c:48:6:startCommand	16	static
../Core/Src/rpi-display/rpi-display.c:54:6:transmitRepeatedData	24	static
../Core/Src/rpi-display/rpi-display.c:61:6:transmitSingleData	16	static
../Core/Src/rpi-display/rpi-display.c:66:6:endCommand	8	static
../Core/Src/rpi-display/rpi-display.c:70:6:resetScreen	8	static
../Core/Src/rpi-display/rpi-display.c:79:6:initializeScreen	144	static
../Core/Src/rpi-display/rpi-display.c:151:6:modifySpace	40	static
../Core/Src/rpi-display/rpi-display.c:168:6:fillArea	24	static
../Core/Src/rpi-display/rpi-display.c:175:6:drawHLine	32	static
../Core/Src/rpi-display/rpi-display.c:179:6:drawVLine	32	static
../Core/Src/rpi-display/rpi-display.c:183:6:drawPoint	16	static
../Core/Src/rpi-display/rpi-display.c:192:6:drawRectangleFilled	32	static
../Core/Src/rpi-display/rpi-display.c:196:6:drawRectangleOutline	24	static
../Core/Src/rpi-display/rpi-display.c:213:5:checkPointInEllipse	40	static
../Core/Src/rpi-display/rpi-display.c:223:6:drawEllipseFilled	72	static
../Core/Src/rpi-display/rpi-display.c:237:6:drawEllipseOutline	64	static
