../Core/Src/rpi-display/rpi-display.c:18:6:startTransaction	8	static
../Core/Src/rpi-display/rpi-display.c:22:6:endTransaction	8	static
../Core/Src/rpi-display/rpi-display.c:26:6:dataOrRegister	16	static
../Core/Src/rpi-display/rpi-display.c:34:6:commandAndData	24	static
../Core/Src/rpi-display/rpi-display.c:48:6:startCommand	16	static
../Core/Src/rpi-display/rpi-display.c:54:6:transmitRepeatedData	24	static
../Core/Src/rpi-display/rpi-display.c:61:6:transmitSingleData	16	static
../Core/Src/rpi-display/rpi-display.c:66:6:endCommand	8	static
../Core/Src/rpi-display/rpi-display.c:70:6:resetScreen	8	static
../Core/Src/rpi-display/rpi-display.c:79:6:initializeScreen	144	static
../Core/Src/rpi-display/rpi-display.c:148:6:clearScreen	32	static
../Core/Src/rpi-display/rpi-display.c:164:6:clearScreenfast	19232	static
../Core/Src/rpi-display/rpi-display.c:180:6:modifySpace	40	static
../Core/Src/rpi-display/rpi-display.c:195:6:fillArea	24	static
../Core/Src/rpi-display/rpi-display.c:202:6:drawHLine	32	static
../Core/Src/rpi-display/rpi-display.c:206:6:drawVLine	32	static
../Core/Src/rpi-display/rpi-display.c:210:6:drawPoint	16	static
../Core/Src/rpi-display/rpi-display.c:219:6:drawRectangleFilled	32	static
../Core/Src/rpi-display/rpi-display.c:223:6:drawRectangleOutline	24	static
../Core/Src/rpi-display/rpi-display.c:240:5:checkPointInEllipse	40	static
../Core/Src/rpi-display/rpi-display.c:250:6:drawEllipseFilled	72	static
../Core/Src/rpi-display/rpi-display.c:264:6:drawEllipseOutline	64	static
../Core/Src/rpi-display/rpi-display.c:283:10:drawChar	48	static
../Core/Src/rpi-display/rpi-display.c:311:9:drawString	48	static
