../Core/Src/rpi-display/rpi-display.c:15:6:startTransaction	8	static
../Core/Src/rpi-display/rpi-display.c:19:6:endTransaction	8	static
../Core/Src/rpi-display/rpi-display.c:23:6:dataOrRegister	16	static
../Core/Src/rpi-display/rpi-display.c:31:6:commandAndData	24	static
../Core/Src/rpi-display/rpi-display.c:45:6:startCommand	16	static
../Core/Src/rpi-display/rpi-display.c:51:6:transmitRepeatedData	24	static
../Core/Src/rpi-display/rpi-display.c:58:6:transmitSingleData	16	static
../Core/Src/rpi-display/rpi-display.c:63:6:endCommand	8	static
../Core/Src/rpi-display/rpi-display.c:67:6:resetScreen	8	static
../Core/Src/rpi-display/rpi-display.c:76:6:initializeScreen	144	static
../Core/Src/rpi-display/rpi-display.c:145:6:clearScreen	32	static
../Core/Src/rpi-display/rpi-display.c:164:6:modifySpace	40	static
../Core/Src/rpi-display/rpi-display.c:179:6:fillArea	24	static
../Core/Src/rpi-display/rpi-display.c:186:6:drawHLine	32	static
../Core/Src/rpi-display/rpi-display.c:190:6:drawVLine	32	static
../Core/Src/rpi-display/rpi-display.c:194:6:drawPoint	16	static
../Core/Src/rpi-display/rpi-display.c:203:6:drawRectangleFilled	32	static
../Core/Src/rpi-display/rpi-display.c:207:6:drawRectangleOutline	24	static
../Core/Src/rpi-display/rpi-display.c:216:6:clearScreenfast	38424	static
../Core/Src/rpi-display/rpi-display.c:232:6:HAL_SPI_TxCpltCallback	16	static
../Core/Src/rpi-display/rpi-display.c:249:5:checkPointInEllipse	40	static
../Core/Src/rpi-display/rpi-display.c:259:6:drawEllipseFilled	72	static
../Core/Src/rpi-display/rpi-display.c:273:6:drawEllipseOutline	64	static
../Core/Src/rpi-display/rpi-display.c:292:10:getStringCenter	40	static
../Core/Src/rpi-display/rpi-display.c:304:10:drawChar	48	static
../Core/Src/rpi-display/rpi-display.c:332:9:drawString	48	static
